Microchip MPLAB XC8 Compiler V2.10 ()

Linker command line:

-W-3 --edf=C:\Program Files (x86)\Microchip\xc8\v2.10\pic\dat\en_msgs.txt \
  -cs -h+dist/default/production\usbcdcdemo.X.production.sym \
  --cmf=dist/default/production\usbcdcdemo.X.production.cmf -z -Q18F4550 \
  -oC:\Users\BENABD~1\AppData\Local\Temp\she0.2 --defsym=__MPLAB_BUILD=1 \
  -Mdist/default/production/usbcdcdemo.X.production.map -E1 -ver=XC8 \
  --acfsm=1493 -ASTACK=0104h-03FFh -pstack=STACK -ACODE=00h-07FFFh \
  -ACONST=00h-07FFFh -ASMALLCONST=0800h-08FFhx120 \
  -AMEDIUMCONST=0800h-07FFFh -ACOMRAM=01h-05Fh -AABS1=00h-07FFh \
  -ABIGRAM=01h-07FFh -ARAM=060h-0FFh,0100h-01FFhx7 -ABANK0=060h-0FFh \
  -ABANK1=0100h-01FFh -ABANK2=0200h-02FFh -ABANK3=0300h-03FFh \
  -ABANK4=0400h-04FFh -ABANK5=0500h-05FFh -ABANK6=0600h-06FFh \
  -ABANK7=0700h-07FFh -ASFR=0F60h-0FFFh \
  -preset_vec=00h,intcode=08h,intcodelo,powerup,init -pramtop=0800h \
  -psmallconst=SMALLCONST -pmediumconst=MEDIUMCONST -pconst=CONST \
  -AFARRAM=00h-00h -ACONFIG=0300000h-030000Dh -pconfig=CONFIG \
  -AIDLOC=0200000h-0200007h -pidloc=IDLOC -AEEDATA=0F00000h-0F000FFh \
  -peeprom_data=EEDATA \
  -prdata=COMRAM,nvrram=COMRAM,nvbit=COMRAM,rbss=COMRAM,rbit=COMRAM \
  -pfarbss=FARRAM,fardata=FARRAM,nvFARRAM=FARRAM \
  -pintsave_regs=BIGRAM,bigbss=BIGRAM,bigdata=BIGRAM -pbss=RAM \
  -pidata=CODE,irdata=CODE,ibigdata=CODE,ifardata=CODE -prparam=COMRAM \
  C:\Users\BENABD~1\AppData\Local\Temp\she0.o \
  dist/default/production\usbcdcdemo.X.production.o 

Object code version is 3.11

Machine type is 18F4550

Call graph: (short form)




                Name                               Link     Load   Length Selector   Space Scale
C:\Users\BENABD~1\AppData\Local\Temp\she0.o
                init                                  E        E        4        4       0
                reset_vec                             0        0        4        0       0
                idloc                            200000   200000        8   200000       0
                config                           300000   300000        E   300000       0
dist/default/production\usbcdcdemo.X.production.o
                intcode                               8        8        6        4       0
                temp                                 54       54        1        1       1
                smallconst                          800      800       AA      400       0
                text65                             2888     2888      110      455       0
                text64                             2CB2     2CB2      104      455       0
                text63                             30AA     30AA       F0      455       0
                text62                             22B8     22B8      142      455       0
                text61                             3A48     3A48       74      455       0
                text60                             36F4     36F4       AC      455       0
                text59                             3E4E     3E4E       4C      455       0
                text58                             23FA     23FA      13E      455       0
                text57                             3B24     3B24       64      455       0
                text56                             2EB8     2EB8      102      455       0
                text55                             394C     394C       88      455       0
                text54                              C20      C20      34C      455       0
                text53                             19B6     19B6      160      455       0
                text52                             2DB6     2DB6      102      455       0
                text51                             16D4     16D4      176      455       0
                text50                             3288     3288       E6      455       0
                text49                             265C     265C      11C      455       0
                text48                             3646     3646       AE      455       0
                text47                             2176     2176      142      455       0
                text46                             3832     3832       90      455       0
                text45                             3DFE     3DFE       50      455       0
                text44                             342E     342E       BA      455       0
                text43                             1C64     1C64      14A      455       0
                text42                             4010     4010       34      455       0
                text41                             3C48     3C48       60      455       0
                text40                             40A2     40A2       2E      455       0
                text39                             3F64     3F64       40      455       0
                text38                             119C     119C      228      455       0
                text37                             4044     4044       30      455       0
                intcode_body                       3CA8     3CA8       5A      455       0
                text35                             2778     2778      110      455       0
                text34                             2AA6     2AA6      108      455       0
                text33                             2FBA     2FBA       F0      455       0
                text32                             1DAE     1DAE      144      455       0
                text31                             39D4     39D4       74      455       0
                text30                             34E8     34E8       B0      455       0
                text29                             3D58     3D58       54      455       0
                text28                             2034     2034      142      455       0
                text27                             3ABC     3ABC       68      455       0
                text26                             2BAE     2BAE      104      455       0
                text25                             38C2     38C2       8A      455       0
                text24                              8AA      8AA      376      455       0
                text23                             184A     184A      16C      455       0
                text22                             2998     2998      10E      455       0
                text21                             155C     155C      178      455       0
                text20                             319A     319A       EE      455       0
                text19                             2538     2538      124      455       0
                text18                             3598     3598       AE      455       0
                text17                             1EF2     1EF2      142      455       0
                text16                             37A0     37A0       92      455       0
                text15                             3DAC     3DAC       52      455       0
                text14                             336E     336E       C0      455       0
                text13                             1B16     1B16      14E      455       0
                text12                             3FDC     3FDC       34      455       0
                text11                             3BE8     3BE8       60      455       0
                text10                             4074     4074       2E      455       0
                text9                              3F22     3F22       42      455       0
                text8                               F6C      F6C      230      455       0
                text7                              3B88     3B88       60      455       0
                text6                              3EE0     3EE0       42      455       0
                text5                              4126     4126        E      455       0
                text4                              3FA4     3FA4       38      455       0
                text3                              13C4     13C4      198      455       0
                text2                              40D0     40D0       2C      455       0
                text1                              40FC     40FC       2A      455       0
                text0                              3D02     3D02       56      455       0
                cstackCOMRAM                         2B       2B       29        1       1
                cstackBANK0                          DE       DE       1B       60       1
                cstackBANK1                         100      100        4      100       1
                dataBANK0                            F9       F9        7       60       1
                bssBANK0                             60       60       7E       60       1
                bssCOMRAM                             1        1       2A        1       1
                cinit                              3E9A     3E9A       46      455       0
                idataBANK0                         4134     4134        7      455       0

TOTAL           Name                               Link     Load   Length     Space
        CLASS   STACK          

        CLASS   CODE           
                intcode                               8        8        6         0
                init                                  E        E        4         0
                reset_vec                             0        0        4         0
                text65                             2888     2888      110         0
                text64                             2CB2     2CB2      104         0
                text63                             30AA     30AA       F0         0
                text62                             22B8     22B8      142         0
                text61                             3A48     3A48       74         0
                text60                             36F4     36F4       AC         0
                text59                             3E4E     3E4E       4C         0
                text58                             23FA     23FA      13E         0
                text57                             3B24     3B24       64         0
                text56                             2EB8     2EB8      102         0
                text55                             394C     394C       88         0
                text54                              C20      C20      34C         0
                text53                             19B6     19B6      160         0
                text52                             2DB6     2DB6      102         0
                text51                             16D4     16D4      176         0
                text50                             3288     3288       E6         0
                text49                             265C     265C      11C         0
                text48                             3646     3646       AE         0
                text47                             2176     2176      142         0
                text46                             3832     3832       90         0
                text45                             3DFE     3DFE       50         0
                text44                             342E     342E       BA         0
                text43                             1C64     1C64      14A         0
                text42                             4010     4010       34         0
                text41                             3C48     3C48       60         0
                text40                             40A2     40A2       2E         0
                text39                             3F64     3F64       40         0
                text38                             119C     119C      228         0
                text37                             4044     4044       30         0
                intcode_body                       3CA8     3CA8       5A         0
                text35                             2778     2778      110         0
                text34                             2AA6     2AA6      108         0
                text33                             2FBA     2FBA       F0         0
                text32                             1DAE     1DAE      144         0
                text31                             39D4     39D4       74         0
                text30                             34E8     34E8       B0         0
                text29                             3D58     3D58       54         0
                text28                             2034     2034      142         0
                text27                             3ABC     3ABC       68         0
                text26                             2BAE     2BAE      104         0
                text25                             38C2     38C2       8A         0
                text24                              8AA      8AA      376         0
                text23                             184A     184A      16C         0
                text22                             2998     2998      10E         0
                text21                             155C     155C      178         0
                text20                             319A     319A       EE         0
                text19                             2538     2538      124         0
                text18                             3598     3598       AE         0
                text17                             1EF2     1EF2      142         0
                text16                             37A0     37A0       92         0
                text15                             3DAC     3DAC       52         0
                text14                             336E     336E       C0         0
                text13                             1B16     1B16      14E         0
                text12                             3FDC     3FDC       34         0
                text11                             3BE8     3BE8       60         0
                text10                             4074     4074       2E         0
                text9                              3F22     3F22       42         0
                text8                               F6C      F6C      230         0
                text7                              3B88     3B88       60         0
                text6                              3EE0     3EE0       42         0
                text5                              4126     4126        E         0
                text4                              3FA4     3FA4       38         0
                text3                              13C4     13C4      198         0
                text2                              40D0     40D0       2C         0
                text1                              40FC     40FC       2A         0
                text0                              3D02     3D02       56         0
                cinit                              3E9A     3E9A       46         0
                idataBANK0                         4134     4134        7         0

        CLASS   CONST          

        CLASS   SMALLCONST     
                smallconst                          800      800       AA         0

        CLASS   MEDIUMCONST    

        CLASS   COMRAM         
                temp                                 54       54        1         1
                cstackCOMRAM                         2B       2B       29         1
                bssCOMRAM                             1        1       2A         1

        CLASS   ABS1           
                abs_s1                              400      400       38         1
                abs_s1                              450      450       20         1
                abs_s1                              500      500       80         1

        CLASS   BIGRAM         

        CLASS   RAM            

        CLASS   BANK0          
                cstackBANK0                          DE       DE       1B         1
                dataBANK0                            F9       F9        7         1
                bssBANK0                             60       60       7E         1

        CLASS   BANK1          
                cstackBANK1                         100      100        4         1

        CLASS   BANK2          

        CLASS   BANK3          

        CLASS   BANK4          

        CLASS   BANK5          

        CLASS   BANK6          

        CLASS   BANK7          

        CLASS   SFR            

        CLASS   FARRAM         

        CLASS   CONFIG         
                config                           300000   300000        E         0

        CLASS   IDLOC          
                idloc                            200000   200000        8         0

        CLASS   EEDATA         



SEGMENTS        Name                           Load    Length   Top    Selector   Space  Class

                reset_vec                      000000  000004  000004         0       0  CODE    
                bssCOMRAM                      000001  000054  000055         1       1  COMRAM  
                intcode                        000008  00000A  000012         4       0  CODE    
                bssBANK0                       000060  0000A0  000100        60       1  BANK0   
                cstackBANK1                    000100  000004  000104       100       1  BANK1   
                smallconst                     000800  0000AA  0008AA       400       0  SMALLCON
                text24                         0008AA  003891  00413B       455       0  CODE    
                idloc                          200000  000008  200008    200000       0  IDLOC   
                config                         300000  00000E  30000E    300000       0  CONFIG  


UNUSED ADDRESS RANGES

        Name                Unused          Largest block    Delta
        BANK1            000104-0001FF               FC
        BANK2            000200-0002FF              100
        BANK3            000300-0003FF              100
        BANK4            000438-00044F               18
                         000470-0004FF               90
        BANK5            000580-0005FF               80
        BANK6            000600-0006FF              100
        BANK7            000700-0007FF              100
        BIGRAM           000055-00005F                B
                         000104-0003FF              2FC
                         000438-00044F               18
                         000470-0004FF               90
                         000580-0007FF              280
        CODE             000004-000007                4
                         000012-0007FF              7EE
                         00413B-007FFF             3EC5
        COMRAM           000055-00005F                B
        CONST            000004-000007                4
                         000012-0007FF              7EE
                         00413B-007FFF             3EC5
        EEDATA           F00000-F000FF              100
        MEDIUMCONST      00413B-007FFF             3EC5
        RAM              000104-0003FF              100
                         000438-00044F               18
                         000470-0004FF               90
                         000580-0007FF              100
        SFR              000F60-000FFF               A0
        SMALLCONST       00413B-007FFF              100
        STACK            000104-0003FF              2FC

                                  Symbol Table

?_USBTransferOnePacket                      cstackBANK0  0000DE
?i2_USBTransferOnePacket                    cstackCOMRAM 00002B
CDCTxService@byte_to_send                   cstackBANK0  0000EA
CDCTxService@i                              cstackBANK0  0000E9
USBConfigureEndpoint@EPNum                  cstackBANK0  0000E3
USBConfigureEndpoint@direction              cstackBANK0  0000DE
USBConfigureEndpoint@handle                 cstackBANK0  0000E4
USBCtrlTrfInHandler@lastDTS                 cstackBANK0  0000DF
USBCtrlTrfRxService@byteToRead              cstackBANK0  0000DF
USBCtrlTrfRxService@i                       cstackBANK0  0000DE
USBCtrlTrfTxService@byteToSend              cstackBANK0  0000DE
USBDeviceInit@i                             cstackBANK0  0000EA
USBDeviceTasks@i                            cstackBANK1  000103
USBEnableEndpoint@ep                        cstackBANK0  0000E9
USBEnableEndpoint@options                   cstackBANK0  0000E6
USBEnableEndpoint@p                         cstackBANK0  0000E7
USBStdFeatureReqHandler@current_ep_data     cstackBANK0  0000F6
USBStdFeatureReqHandler@p                   cstackBANK0  0000F7
USBStdFeatureReqHandler@pUEP                cstackBANK0  0000F4
USBStdGetStatusHandler@p                    cstackBANK0  0000E0
USBStdSetCfgHandler@i                       cstackBANK0  0000F2
USBTransferOnePacket@data                   cstackBANK0  0000DF
USBTransferOnePacket@dir                    cstackBANK0  0000DE
USBTransferOnePacket@ep                     cstackBANK0  0000E6
USBTransferOnePacket@handle                 cstackBANK0  0000E7
USBTransferOnePacket@len                    cstackBANK0  0000E1
USER_USB_CALLBACK_EVENT_HANDLER@event       cstackBANK0  0000EA
USER_USB_CALLBACK_EVENT_HANDLER@pdata       cstackBANK0  0000EC
USER_USB_CALLBACK_EVENT_HANDLER@size        cstackBANK0  0000EE
_BDT                                        (abs)        000400
_BaudRateGen                                bssBANK0     0000B0
_BothEP0OutUOWNsSet                         bssCOMRAM    000024
_CDCDataInHandle                            bssBANK0     0000BE
_CDCDataOutHandle                           bssBANK0     0000C0
_CDCInitEP                                  text27       003ABC
_CDCTxService                               text3        0013C4
_CtrlTrfData                                (abs)        000450
_INTCONbits                                 (abs)        000FF2
_IPR2bits                                   (abs)        000FA2
_LATC                                       (abs)        000F8B
_LATCbits                                   (abs)        000F8B
_PIE2bits                                   (abs)        000FA0
_PIR2bits                                   (abs)        000FA1
_PORTDbits                                  (abs)        000F83
_RemoteWakeup                               bssCOMRAM    000026
_SetupPkt                                   (abs)        000430
_TRISC                                      (abs)        000F94
_TRISDbits                                  (abs)        000F95
_UADDR                                      (abs)        000F6E
_UCFG                                       (abs)        000F6F
_UCON                                       (abs)        000F6D
_UCONbits                                   (abs)        000F6D
_UEIE                                       (abs)        000F6B
_UEIR                                       (abs)        000F6A
_UEP0                                       (abs)        000F70
_UEP0bits                                   (abs)        000F70
_UEP1                                       (abs)        000F71
_UIE                                        (abs)        000F69
_UIEbits                                    (abs)        000F69
_UIR                                        (abs)        000F68
_UIRbits                                    (abs)        000F68
_USB1msTickCount                            bssBANK0     0000B4
_USBActiveConfiguration                     bssCOMRAM    00002A
_USBAlternateInterface                      bssBANK0     0000DB
_USBBusIsSuspended                          bssCOMRAM    000025
_USBCheckCDCRequest                         text26       002BAE
_USBCheckStdRequest                         text19       002538
_USBConfigureEndpoint                       text30       0034E8
_USBCtrlEPAllowDataStage                    text18       003598
_USBCtrlEPAllowStatusStage                  text33       002FBA
_USBCtrlEPService                           text14       00336E
_USBCtrlEPServiceComplete                   text17       001EF2
_USBCtrlTrfInHandler                        text34       002AA6
_USBCtrlTrfOutHandler                       text31       0039D4
_USBCtrlTrfRxService                        text32       001DAE
_USBCtrlTrfSetupHandler                     text16       0037A0
_USBCtrlTrfTxService                        text35       002778
_USBDeferINDataStagePackets                 bssCOMRAM    000020
_USBDeferOUTDataStagePackets                bssBANK0     0000C9
_USBDeferStatusStagePacket                  bssCOMRAM    000023
_USBDeviceAttach                            text6        003EE0
_USBDeviceInit                              text13       001B16
_USBDeviceState                             bssCOMRAM    000029
_USBDeviceTasks                             text8        000F6C
_USBEnableEndpoint                          text29       003D58
_USBIncrement1msInternalTimers              text12       003FDC
_USBStallHandler                            text11       003BE8
_USBStatusStageEnabledFlag1                 bssCOMRAM    000022
_USBStatusStageEnabledFlag2                 bssCOMRAM    000021
_USBStatusStageTimeoutCounter               bssBANK0     0000CA
_USBStdFeatureReqHandler                    text24       0008AA
_USBStdGetDscHandler                        text23       00184A
_USBStdGetStatusHandler                     text22       002998
_USBStdSetCfgHandler                        text20       00319A
_USBSuspend                                 text10       004074
_USBTicksSinceSuspendEnd                    bssBANK0     0000C8
_USBTransferOnePacket                       text28       002034
_USBWakeFromSuspend                         text9        003F22
_USB_CD_Ptr                                 smallconst   000807
_USB_SD_Ptr                                 smallconst   000801
_USER_USB_CALLBACK_EVENT_HANDLER            text25       0038C2
_USTAT                                      (abs)        000F6C
_USTATcopy                                  bssBANK0     0000DD
__CFG_BOR$OFF                               (abs)        000000
__CFG_BORV$3                                (abs)        000000
__CFG_CCP2MX$ON                             (abs)        000000
__CFG_CP0$OFF                               (abs)        000000
__CFG_CP1$OFF                               (abs)        000000
__CFG_CP2$OFF                               (abs)        000000
__CFG_CP3$OFF                               (abs)        000000
__CFG_CPB$OFF                               (abs)        000000
__CFG_CPD$OFF                               (abs)        000000
__CFG_CPUDIV$OSC1_PLL2                      (abs)        000000
__CFG_EBTR0$OFF                             (abs)        000000
__CFG_EBTR1$OFF                             (abs)        000000
__CFG_EBTR2$OFF                             (abs)        000000
__CFG_EBTR3$OFF                             (abs)        000000
__CFG_EBTRB$OFF                             (abs)        000000
__CFG_FCMEN$OFF                             (abs)        000000
__CFG_FOSC$HSPLL_HS                         (abs)        000000
__CFG_ICPRT$OFF                             (abs)        000000
__CFG_IESO$OFF                              (abs)        000000
__CFG_LPT1OSC$OFF                           (abs)        000000
__CFG_LVP$OFF                               (abs)        000000
__CFG_MCLRE$ON                              (abs)        000000
__CFG_PBADEN$ON                             (abs)        000000
__CFG_PLLDIV$2                              (abs)        000000
__CFG_PWRT$OFF                              (abs)        000000
__CFG_STVREN$ON                             (abs)        000000
__CFG_USBDIV$2                              (abs)        000000
__CFG_VREGEN$ON                             (abs)        000000
__CFG_WDT$OFF                               (abs)        000000
__CFG_WDTPS$32768                           (abs)        000000
__CFG_WRT0$OFF                              (abs)        000000
__CFG_WRT1$OFF                              (abs)        000000
__CFG_WRT2$OFF                              (abs)        000000
__CFG_WRT3$OFF                              (abs)        000000
__CFG_WRTB$OFF                              (abs)        000000
__CFG_WRTC$OFF                              (abs)        000000
__CFG_WRTD$OFF                              (abs)        000000
__CFG_XINST$OFF                             (abs)        000000
__HRAM                                      (abs)        000000
__Habs1                                     abs1         000000
__Hbank0                                    bank0        000000
__Hbank1                                    bank1        000000
__Hbank2                                    bank2        000000
__Hbank3                                    bank3        000000
__Hbank4                                    bank4        000000
__Hbank5                                    bank5        000000
__Hbank6                                    bank6        000000
__Hbank7                                    bank7        000000
__Hbigbss                                   bigbss       000000
__Hbigdata                                  bigdata      000000
__Hbigram                                   bigram       000000
__Hbss                                      bss          000000
__HbssBANK0                                 bssBANK0     000000
__HbssCOMRAM                                bssCOMRAM    000000
__Hcinit                                    cinit        000000
__Hclrtext                                  clrtext      000000
__Hcomram                                   comram       000000
__Hconfig                                   config       30000E
__Hconst                                    const        000000
__HcstackBANK0                              cstackBANK0  000000
__HcstackBANK1                              cstackBANK1  000000
__HcstackCOMRAM                             cstackCOMRAM 000000
__Hdata                                     data         000000
__HdataBANK0                                dataBANK0    000000
__Heeprom_data                              eeprom_data  000000
__Hfarbss                                   farbss       000000
__Hfardata                                  fardata      000000
__Hibigdata                                 ibigdata     000000
__Hidata                                    idata        000000
__HidataBANK0                               idataBANK0   000000
__Hidloc                                    idloc        200008
__Hifardata                                 ifardata     000000
__Hinit                                     init         000012
__Hintcode                                  intcode      00000E
__Hintcode_body                             intcode_body 000000
__Hintcodelo                                intcodelo    00000E
__Hintentry                                 intentry     000000
__Hintret                                   intret       000000
__Hintsave_regs                             intsave_regs 000000
__Hirdata                                   irdata       000000
__Hmediumconst                              mediumconst  000000
__HnvFARRAM                                 nvFARRAM     000000
__Hnvbit                                    nvbit        000000
__Hnvrram                                   nvrram       000000
__Hparam                                    rparam       000000
__Hpowerup                                  powerup      00000E
__Hram                                      ram          000000
__Hramtop                                   ramtop       000800
__Hrbit                                     rbit         000000
__Hrbss                                     rbss         000000
__Hrdata                                    rdata        000000
__Hreset_vec                                reset_vec    000004
__Hrparam                                   rparam       000000
__Hsfr                                      sfr          000000
__Hsmallconst                               smallconst   0008AA
__Hspace_0                                  (abs)        30000E
__Hspace_1                                  (abs)        000104
__Hspace_2                                  (abs)        000000
__Hstack                                    stack        000000
__Hstruct                                   struct       000000
__Htemp                                     temp         000055
__Htext                                     text         000000
__Htext0                                    text0        000000
__Htext1                                    text1        000000
__Htext10                                   text10       000000
__Htext11                                   text11       000000
__Htext12                                   text12       000000
__Htext13                                   text13       000000
__Htext14                                   text14       000000
__Htext15                                   text15       000000
__Htext16                                   text16       000000
__Htext17                                   text17       000000
__Htext18                                   text18       000000
__Htext19                                   text19       000000
__Htext2                                    text2        000000
__Htext20                                   text20       000000
__Htext21                                   text21       000000
__Htext22                                   text22       000000
__Htext23                                   text23       000000
__Htext24                                   text24       000000
__Htext25                                   text25       000000
__Htext26                                   text26       000000
__Htext27                                   text27       000000
__Htext28                                   text28       000000
__Htext29                                   text29       000000
__Htext3                                    text3        000000
__Htext30                                   text30       000000
__Htext31                                   text31       000000
__Htext32                                   text32       000000
__Htext33                                   text33       000000
__Htext34                                   text34       000000
__Htext35                                   text35       000000
__Htext37                                   text37       000000
__Htext38                                   text38       000000
__Htext39                                   text39       000000
__Htext4                                    text4        000000
__Htext40                                   text40       000000
__Htext41                                   text41       000000
__Htext42                                   text42       000000
__Htext43                                   text43       000000
__Htext44                                   text44       000000
__Htext45                                   text45       000000
__Htext46                                   text46       000000
__Htext47                                   text47       000000
__Htext48                                   text48       000000
__Htext49                                   text49       000000
__Htext5                                    text5        000000
__Htext50                                   text50       000000
__Htext51                                   text51       000000
__Htext52                                   text52       000000
__Htext53                                   text53       000000
__Htext54                                   text54       000000
__Htext55                                   text55       000000
__Htext56                                   text56       000000
__Htext57                                   text57       000000
__Htext58                                   text58       000000
__Htext59                                   text59       000000
__Htext6                                    text6        000000
__Htext60                                   text60       000000
__Htext61                                   text61       000000
__Htext62                                   text62       000000
__Htext63                                   text63       000000
__Htext64                                   text64       000000
__Htext65                                   text65       000000
__Htext7                                    text7        000000
__Htext8                                    text8        000000
__Htext9                                    text9        000000
__LRAM                                      (abs)        000001
__Labs1                                     abs1         000000
__Lbank0                                    bank0        000000
__Lbank1                                    bank1        000000
__Lbank2                                    bank2        000000
__Lbank3                                    bank3        000000
__Lbank4                                    bank4        000000
__Lbank5                                    bank5        000000
__Lbank6                                    bank6        000000
__Lbank7                                    bank7        000000
__Lbigbss                                   bigbss       000000
__Lbigdata                                  bigdata      000000
__Lbigram                                   bigram       000000
__Lbss                                      bss          000000
__LbssBANK0                                 bssBANK0     000000
__LbssCOMRAM                                bssCOMRAM    000000
__Lcinit                                    cinit        000000
__Lclrtext                                  clrtext      000000
__Lcomram                                   comram       000000
__Lconfig                                   config       300000
__Lconst                                    const        000000
__LcstackBANK0                              cstackBANK0  000000
__LcstackBANK1                              cstackBANK1  000000
__LcstackCOMRAM                             cstackCOMRAM 000000
__Ldata                                     data         000000
__LdataBANK0                                dataBANK0    000000
__Leeprom_data                              eeprom_data  000000
__Lfarbss                                   farbss       000000
__Lfardata                                  fardata      000000
__Libigdata                                 ibigdata     000000
__Lidata                                    idata        000000
__LidataBANK0                               idataBANK0   000000
__Lidloc                                    idloc        200000
__Lifardata                                 ifardata     000000
__Linit                                     init         00000E
__Lintcode                                  intcode      000008
__Lintcode_body                             intcode_body 000000
__Lintcodelo                                intcodelo    00000E
__Lintentry                                 intentry     000000
__Lintret                                   intret       000000
__Lintsave_regs                             intsave_regs 000000
__Lirdata                                   irdata       000000
__Lmediumconst                              mediumconst  000000
__LnvFARRAM                                 nvFARRAM     000000
__Lnvbit                                    nvbit        000000
__Lnvrram                                   nvrram       000000
__Lparam                                    rparam       000000
__Lpowerup                                  powerup      00000E
__Lram                                      ram          000000
__Lramtop                                   ramtop       000800
__Lrbit                                     rbit         000000
__Lrbss                                     rbss         000000
__Lrdata                                    rdata        000000
__Lreset_vec                                reset_vec    000000
__Lrparam                                   rparam       000000
__Lsfr                                      sfr          000000
__Lsmallconst                               smallconst   000800
__Lspace_0                                  (abs)        000000
__Lspace_1                                  (abs)        000000
__Lspace_2                                  (abs)        000000
__Lstack                                    stack        000000
__Lstruct                                   struct       000000
__Ltemp                                     temp         000054
__Ltext                                     text         000000
__Ltext0                                    text0        000000
__Ltext1                                    text1        000000
__Ltext10                                   text10       000000
__Ltext11                                   text11       000000
__Ltext12                                   text12       000000
__Ltext13                                   text13       000000
__Ltext14                                   text14       000000
__Ltext15                                   text15       000000
__Ltext16                                   text16       000000
__Ltext17                                   text17       000000
__Ltext18                                   text18       000000
__Ltext19                                   text19       000000
__Ltext2                                    text2        000000
__Ltext20                                   text20       000000
__Ltext21                                   text21       000000
__Ltext22                                   text22       000000
__Ltext23                                   text23       000000
__Ltext24                                   text24       000000
__Ltext25                                   text25       000000
__Ltext26                                   text26       000000
__Ltext27                                   text27       000000
__Ltext28                                   text28       000000
__Ltext29                                   text29       000000
__Ltext3                                    text3        000000
__Ltext30                                   text30       000000
__Ltext31                                   text31       000000
__Ltext32                                   text32       000000
__Ltext33                                   text33       000000
__Ltext34                                   text34       000000
__Ltext35                                   text35       000000
__Ltext37                                   text37       000000
__Ltext38                                   text38       000000
__Ltext39                                   text39       000000
__Ltext4                                    text4        000000
__Ltext40                                   text40       000000
__Ltext41                                   text41       000000
__Ltext42                                   text42       000000
__Ltext43                                   text43       000000
__Ltext44                                   text44       000000
__Ltext45                                   text45       000000
__Ltext46                                   text46       000000
__Ltext47                                   text47       000000
__Ltext48                                   text48       000000
__Ltext49                                   text49       000000
__Ltext5                                    text5        000000
__Ltext50                                   text50       000000
__Ltext51                                   text51       000000
__Ltext52                                   text52       000000
__Ltext53                                   text53       000000
__Ltext54                                   text54       000000
__Ltext55                                   text55       000000
__Ltext56                                   text56       000000
__Ltext57                                   text57       000000
__Ltext58                                   text58       000000
__Ltext59                                   text59       000000
__Ltext6                                    text6        000000
__Ltext60                                   text60       000000
__Ltext61                                   text61       000000
__Ltext62                                   text62       000000
__Ltext63                                   text63       000000
__Ltext64                                   text64       000000
__Ltext65                                   text65       000000
__Ltext7                                    text7        000000
__Ltext8                                    text8        000000
__Ltext9                                    text9        000000
__S0                                        (abs)        30000E
__S1                                        (abs)        000104
__S2                                        (abs)        000000
___inthi_sp                                 stack        000000
___intlo_sp                                 stack        000000
___param_bank                               (abs)        000000
___rparam_used                              (abs)        000001
___sp                                       stack        000000
__accesstop                                 (abs)        000060
__activetblptr                              (abs)        000002
__end_of_CDCInitEP                          text27       003B24
__end_of_CDCTxService                       text3        00155C
__end_of_USBCheckCDCRequest                 text26       002CB2
__end_of_USBCheckStdRequest                 text19       00265C
__end_of_USBConfigureEndpoint               text30       003598
__end_of_USBCtrlEPAllowDataStage            text18       003646
__end_of_USBCtrlEPAllowStatusStage          text33       0030AA
__end_of_USBCtrlEPService                   text14       00342E
__end_of_USBCtrlEPServiceComplete           text17       002034
__end_of_USBCtrlTrfInHandler                text34       002BAE
__end_of_USBCtrlTrfOutHandler               text31       003A48
__end_of_USBCtrlTrfRxService                text32       001EF2
__end_of_USBCtrlTrfSetupHandler             text16       003832
__end_of_USBCtrlTrfTxService                text35       002888
__end_of_USBDeviceAttach                    text6        003F22
__end_of_USBDeviceInit                      text13       001C64
__end_of_USBDeviceTasks                     text8        00119C
__end_of_USBEnableEndpoint                  text29       003DAC
__end_of_USBIncrement1msInternalTimers      text12       004010
__end_of_USBStallHandler                    text11       003C48
__end_of_USBStdFeatureReqHandler            text24       000C20
__end_of_USBStdGetDscHandler                text23       0019B6
__end_of_USBStdGetStatusHandler             text22       002AA6
__end_of_USBStdSetCfgHandler                text20       003288
__end_of_USBSuspend                         text10       0040A2
__end_of_USBTransferOnePacket               text28       002176
__end_of_USBWakeFromSuspend                 text9        003F64
__end_of_USB_CD_Ptr                         smallconst   000809
__end_of_USB_SD_Ptr                         smallconst   000807
__end_of_USER_USB_CALLBACK_EVENT_HANDLER    text25       00394C
__end_of__initialization                    cinit        003ED2
__end_of_configDescriptor1                  smallconst   00084C
__end_of_debounceDelay                      text7        003BE8
__end_of_device_dsc                         smallconst   0008A4
__end_of_initUSBLib                         text5        004134
__end_of_isUSBReady                         text4        003FDC
__end_of_main                               text0        003D58
__end_of_mainISR                            intcode_body 003D02
__end_of_memcpy                             text15       003DFE
__end_of_memset                             text21       0016D4
__end_of_processUSBTasks                    text37       004074
__end_of_putUSBUSART                        text2        0040FC
__end_of_sd000                              smallconst   0008A8
__end_of_sd001                              smallconst   000872
__end_of_sd002                              smallconst   000892
__end_of_sendFlap                           text1        004126
__end_ofi2_CDCInitEP                        text57       003B88
__end_ofi2_USBCheckCDCRequest               text56       002FBA
__end_ofi2_USBCheckStdRequest               text49       002778
__end_ofi2_USBConfigureEndpoint             text60       0037A0
__end_ofi2_USBCtrlEPAllowDataStage          text48       0036F4
__end_ofi2_USBCtrlEPAllowStatusStage        text63       00319A
__end_ofi2_USBCtrlEPService                 text44       0034E8
__end_ofi2_USBCtrlEPServiceComplete         text47       0022B8
__end_ofi2_USBCtrlTrfInHandler              text64       002DB6
__end_ofi2_USBCtrlTrfOutHandler             text61       003ABC
__end_ofi2_USBCtrlTrfRxService              text62       0023FA
__end_ofi2_USBCtrlTrfSetupHandler           text46       0038C2
__end_ofi2_USBCtrlTrfTxService              text65       002998
__end_ofi2_USBDeviceInit                    text43       001DAE
__end_ofi2_USBDeviceTasks                   text38       0013C4
__end_ofi2_USBEnableEndpoint                text59       003E9A
__end_ofi2_USBIncrement1msInternalTimers    text42       004044
__end_ofi2_USBStallHandler                  text41       003CA8
__end_ofi2_USBStdFeatureReqHandler          text54       000F6C
__end_ofi2_USBStdGetDscHandler              text53       001B16
__end_ofi2_USBStdGetStatusHandler           text52       002EB8
__end_ofi2_USBStdSetCfgHandler              text50       00336E
__end_ofi2_USBSuspend                       text40       0040D0
__end_ofi2_USBTransferOnePacket             text58       002538
__end_ofi2_USBWakeFromSuspend               text39       003FA4
__end_ofi2_USER_USB_CALLBACK_EVENT_HANDLER  text55       0039D4
__end_ofi2_memcpy                           text45       003E4E
__end_ofi2_memset                           text51       00184A
__initialization                            cinit        003E9A
__mediumconst                               mediumconst  000000
__pbssBANK0                                 bssBANK0     000060
__pbssCOMRAM                                bssCOMRAM    000001
__pcinit                                    cinit        003E9A
__pcstackBANK0                              cstackBANK0  0000DE
__pcstackBANK1                              cstackBANK1  000100
__pcstackCOMRAM                             cstackCOMRAM 00002B
__pdataBANK0                                dataBANK0    0000F9
__pidataBANK0                               idataBANK0   004134
__pintcode                                  intcode      000008
__pintcode_body                             intcode_body 003CA8
__psmallconst                               smallconst   000800
__ptext0                                    text0        003D02
__ptext1                                    text1        0040FC
__ptext10                                   text10       004074
__ptext11                                   text11       003BE8
__ptext12                                   text12       003FDC
__ptext13                                   text13       001B16
__ptext14                                   text14       00336E
__ptext15                                   text15       003DAC
__ptext16                                   text16       0037A0
__ptext17                                   text17       001EF2
__ptext18                                   text18       003598
__ptext19                                   text19       002538
__ptext2                                    text2        0040D0
__ptext20                                   text20       00319A
__ptext21                                   text21       00155C
__ptext22                                   text22       002998
__ptext23                                   text23       00184A
__ptext24                                   text24       0008AA
__ptext25                                   text25       0038C2
__ptext26                                   text26       002BAE
__ptext27                                   text27       003ABC
__ptext28                                   text28       002034
__ptext29                                   text29       003D58
__ptext3                                    text3        0013C4
__ptext30                                   text30       0034E8
__ptext31                                   text31       0039D4
__ptext32                                   text32       001DAE
__ptext33                                   text33       002FBA
__ptext34                                   text34       002AA6
__ptext35                                   text35       002778
__ptext37                                   text37       004044
__ptext38                                   text38       00119C
__ptext39                                   text39       003F64
__ptext4                                    text4        003FA4
__ptext40                                   text40       0040A2
__ptext41                                   text41       003C48
__ptext42                                   text42       004010
__ptext43                                   text43       001C64
__ptext44                                   text44       00342E
__ptext45                                   text45       003DFE
__ptext46                                   text46       003832
__ptext47                                   text47       002176
__ptext48                                   text48       003646
__ptext49                                   text49       00265C
__ptext5                                    text5        004126
__ptext50                                   text50       003288
__ptext51                                   text51       0016D4
__ptext52                                   text52       002DB6
__ptext53                                   text53       0019B6
__ptext54                                   text54       000C20
__ptext55                                   text55       00394C
__ptext56                                   text56       002EB8
__ptext57                                   text57       003B24
__ptext58                                   text58       0023FA
__ptext59                                   text59       003E4E
__ptext6                                    text6        003EE0
__ptext60                                   text60       0036F4
__ptext61                                   text61       003A48
__ptext62                                   text62       0022B8
__ptext63                                   text63       0030AA
__ptext64                                   text64       002CB2
__ptext65                                   text65       002888
__ptext7                                    text7        003B88
__ptext8                                    text8        000F6C
__ptext9                                    text9        003F22
__ramtop                                    ramtop       000800
__size_of_CDCInitEP                         (abs)        000000
__size_of_CDCTxService                      (abs)        000000
__size_of_USBCheckCDCRequest                (abs)        000000
__size_of_USBCheckStdRequest                (abs)        000000
__size_of_USBConfigureEndpoint              (abs)        000000
__size_of_USBCtrlEPAllowDataStage           (abs)        000000
__size_of_USBCtrlEPAllowStatusStage         (abs)        000000
__size_of_USBCtrlEPService                  (abs)        000000
__size_of_USBCtrlEPServiceComplete          (abs)        000000
__size_of_USBCtrlTrfInHandler               (abs)        000000
__size_of_USBCtrlTrfOutHandler              (abs)        000000
__size_of_USBCtrlTrfRxService               (abs)        000000
__size_of_USBCtrlTrfSetupHandler            (abs)        000000
__size_of_USBCtrlTrfTxService               (abs)        000000
__size_of_USBDeviceAttach                   (abs)        000000
__size_of_USBDeviceInit                     (abs)        000000
__size_of_USBDeviceTasks                    (abs)        000000
__size_of_USBEnableEndpoint                 (abs)        000000
__size_of_USBIncrement1msInternalTimers     (abs)        000000
__size_of_USBStallHandler                   (abs)        000000
__size_of_USBStdFeatureReqHandler           (abs)        000000
__size_of_USBStdGetDscHandler               (abs)        000000
__size_of_USBStdGetStatusHandler            (abs)        000000
__size_of_USBStdSetCfgHandler               (abs)        000000
__size_of_USBSuspend                        (abs)        000000
__size_of_USBTransferOnePacket              (abs)        000000
__size_of_USBWakeFromSuspend                (abs)        000000
__size_of_USER_USB_CALLBACK_EVENT_HANDLER   (abs)        000000
__size_of_debounceDelay                     (abs)        000000
__size_of_initUSBLib                        (abs)        000000
__size_of_isUSBReady                        (abs)        000000
__size_of_main                              (abs)        000000
__size_of_mainISR                           (abs)        000000
__size_of_memcpy                            (abs)        000000
__size_of_memset                            (abs)        000000
__size_of_processUSBTasks                   (abs)        000000
__size_of_putUSBUSART                       (abs)        000000
__size_of_sendFlap                          (abs)        000000
__size_ofi2_CDCInitEP                       (abs)        000000
__size_ofi2_USBCheckCDCRequest              (abs)        000000
__size_ofi2_USBCheckStdRequest              (abs)        000000
__size_ofi2_USBConfigureEndpoint            (abs)        000000
__size_ofi2_USBCtrlEPAllowDataStage         (abs)        000000
__size_ofi2_USBCtrlEPAllowStatusStage       (abs)        000000
__size_ofi2_USBCtrlEPService                (abs)        000000
__size_ofi2_USBCtrlEPServiceComplete        (abs)        000000
__size_ofi2_USBCtrlTrfInHandler             (abs)        000000
__size_ofi2_USBCtrlTrfOutHandler            (abs)        000000
__size_ofi2_USBCtrlTrfRxService             (abs)        000000
__size_ofi2_USBCtrlTrfSetupHandler          (abs)        000000
__size_ofi2_USBCtrlTrfTxService             (abs)        000000
__size_ofi2_USBDeviceInit                   (abs)        000000
__size_ofi2_USBDeviceTasks                  (abs)        000000
__size_ofi2_USBEnableEndpoint               (abs)        000000
__size_ofi2_USBIncrement1msInternalTimers   (abs)        000000
__size_ofi2_USBStallHandler                 (abs)        000000
__size_ofi2_USBStdFeatureReqHandler         (abs)        000000
__size_ofi2_USBStdGetDscHandler             (abs)        000000
__size_ofi2_USBStdGetStatusHandler          (abs)        000000
__size_ofi2_USBStdSetCfgHandler             (abs)        000000
__size_ofi2_USBSuspend                      (abs)        000000
__size_ofi2_USBTransferOnePacket            (abs)        000000
__size_ofi2_USBWakeFromSuspend              (abs)        000000
__size_ofi2_USER_USB_CALLBACK_EVENT_HANDLER (abs)        000000
__size_ofi2_memcpy                          (abs)        000000
__size_ofi2_memset                          (abs)        000000
__smallconst                                smallconst   000800
_cdc_data_rx                                (abs)        000540
_cdc_data_tx                                (abs)        000500
_cdc_mem_type                               bssBANK0     0000C5
_cdc_notice                                 bssBANK0     0000A0
_cdc_rx_len                                 bssBANK0     0000C7
_cdc_trf_state                              bssCOMRAM    00001F
_cdc_tx_len                                 bssBANK0     0000C6
_configDescriptor1                          smallconst   000809
_controlTransferState                       bssCOMRAM    000027
_control_signal_bitmap                      bssBANK0     0000C4
_debounceDelay                              text7        003B88
_device_dsc                                 smallconst   000892
_dummy_encapsulated_cmd_response            bssBANK0     0000CC
_endpoint_number                            bssBANK0     0000CB
_ep_data_in                                 bssCOMRAM    000018
_ep_data_out                                bssCOMRAM    000015
_inPipes                                    bssCOMRAM    000009
_initUSBLib                                 text5        004126
_isUSBReady                                 text4        003FA4
_isUSBReady$397                             cstackBANK0  0000DE
_line_coding                                bssBANK0     0000D4
_main                                       text0        003D02
_mainISR                                    intcode      000008
_memcpy                                     text15       003DAC
_memset                                     text21       00155C
_outPipes                                   bssCOMRAM    000001
_pBDTEntryEP0OutCurrent                     bssCOMRAM    00001D
_pBDTEntryEP0OutNext                        bssCOMRAM    00001B
_pBDTEntryIn                                bssCOMRAM    00000F
_pBDTEntryOut                               bssBANK0     0000AA
_pCDCDst                                    bssBANK0     0000B8
_pCDCSrc                                    bssBANK0     0000BB
_pDst                                       bssBANK0     0000C2
_processUSBTasks                            text37       004044
_putUSBUSART                                text2        0040D0
_sd000                                      smallconst   0008A4
_sd001                                      smallconst   00084C
_sd002                                      smallconst   000872
_sendFlap                                   text1        0040FC
_shortPacketStatus                          bssCOMRAM    000028
btemp                                       temp         000054
debounceDelay@i                             cstackBANK0  0000DE
debounceDelay@j                             cstackBANK0  0000E0
end_of_initialization                       cinit        003ED2
i2USBConfigureEndpoint@EPNum                cstackCOMRAM 000030
i2USBConfigureEndpoint@direction            cstackCOMRAM 00002B
i2USBConfigureEndpoint@handle               cstackCOMRAM 000031
i2USBCtrlTrfInHandler@lastDTS               cstackCOMRAM 00002C
i2USBCtrlTrfRxService@byteToRead            cstackCOMRAM 00002C
i2USBCtrlTrfRxService@i                     cstackCOMRAM 00002B
i2USBCtrlTrfTxService@byteToSend            cstackCOMRAM 00002B
i2USBDeviceInit@i                           cstackCOMRAM 000037
i2USBDeviceTasks@i                          cstackCOMRAM 000049
i2USBEnableEndpoint@ep                      cstackCOMRAM 000036
i2USBEnableEndpoint@options                 cstackCOMRAM 000033
i2USBEnableEndpoint@p                       cstackCOMRAM 000034
i2USBStdFeatureReqHandler@current_ep_data   cstackCOMRAM 000043
i2USBStdFeatureReqHandler@p                 cstackCOMRAM 000044
i2USBStdFeatureReqHandler@pUEP              cstackCOMRAM 000041
i2USBStdGetStatusHandler@p                  cstackCOMRAM 00002D
i2USBStdSetCfgHandler@i                     cstackCOMRAM 00003F
i2USBTransferOnePacket@data                 cstackCOMRAM 00002C
i2USBTransferOnePacket@dir                  cstackCOMRAM 00002B
i2USBTransferOnePacket@ep                   cstackCOMRAM 000033
i2USBTransferOnePacket@handle               cstackCOMRAM 000034
i2USBTransferOnePacket@len                  cstackCOMRAM 00002E
i2USER_USB_CALLBACK_EVENT_HANDLER@event     cstackCOMRAM 000037
i2USER_USB_CALLBACK_EVENT_HANDLER@pdata     cstackCOMRAM 000039
i2USER_USB_CALLBACK_EVENT_HANDLER@size      cstackCOMRAM 00003B
i2_CDCInitEP                                text57       003B24
i2_USBCheckCDCRequest                       text56       002EB8
i2_USBCheckStdRequest                       text49       00265C
i2_USBConfigureEndpoint                     text60       0036F4
i2_USBCtrlEPAllowDataStage                  text48       003646
i2_USBCtrlEPAllowStatusStage                text63       0030AA
i2_USBCtrlEPService                         text44       00342E
i2_USBCtrlEPServiceComplete                 text47       002176
i2_USBCtrlTrfInHandler                      text64       002CB2
i2_USBCtrlTrfOutHandler                     text61       003A48
i2_USBCtrlTrfRxService                      text62       0022B8
i2_USBCtrlTrfSetupHandler                   text46       003832
i2_USBCtrlTrfTxService                      text65       002888
i2_USBDeviceInit                            text43       001C64
i2_USBDeviceTasks                           text38       00119C
i2_USBEnableEndpoint                        text59       003E4E
i2_USBIncrement1msInternalTimers            text42       004010
i2_USBStallHandler                          text41       003C48
i2_USBStdFeatureReqHandler                  text54       000C20
i2_USBStdGetDscHandler                      text53       0019B6
i2_USBStdGetStatusHandler                   text52       002DB6
i2_USBStdSetCfgHandler                      text50       003288
i2_USBSuspend                               text40       0040A2
i2_USBTransferOnePacket                     text58       0023FA
i2_USBWakeFromSuspend                       text39       003F64
i2_USER_USB_CALLBACK_EVENT_HANDLER          text55       00394C
i2_memcpy                                   text45       003DFE
i2_memset                                   text51       0016D4
i2memcpy@d                                  cstackCOMRAM 000031
i2memcpy@d1                                 cstackCOMRAM 00002B
i2memcpy@n                                  cstackCOMRAM 00002F
i2memcpy@s                                  cstackCOMRAM 000033
i2memcpy@s1                                 cstackCOMRAM 00002D
i2memcpy@tmp                                cstackCOMRAM 000035
i2memset@c                                  cstackCOMRAM 00002D
i2memset@dest                               cstackCOMRAM 00002B
i2memset@k                                  cstackCOMRAM 000033
i2memset@n                                  cstackCOMRAM 00002F
i2memset@s                                  cstackCOMRAM 000035
int$flags                                   temp         000054
int_func                                    intcode_body 003CA8
intlevel0                                   text         000000
intlevel1                                   text         000000
intlevel2                                   text         000000
intlevel3                                   text         000000
memcpy@d                                    cstackBANK0  0000E5
memcpy@d1                                   cstackBANK0  0000DE
memcpy@n                                    cstackBANK0  0000E2
memcpy@s                                    cstackBANK0  0000E7
memcpy@s1                                   cstackBANK0  0000E0
memcpy@tmp                                  cstackBANK0  0000E4
memset@c                                    cstackBANK0  0000E0
memset@dest                                 cstackBANK0  0000DE
memset@k                                    cstackBANK0  0000E6
memset@n                                    cstackBANK0  0000E2
memset@s                                    cstackBANK0  0000E8
putUSBUSART@data                            cstackBANK0  0000DE
putUSBUSART@length                          cstackBANK0  0000E0
sendFlap@F3956                              dataBANK0    0000F9
sendFlap@msg                                cstackBANK0  0000EB
stackhi                                     (abs)        0003FF
stacklo                                     (abs)        000104
start                                       init         00000E
start_initialization                        cinit        003E9A
ttemp5                                      temp         000055
ttemp6                                      temp         000058
ttemp7                                      temp         00005C
wtemp8                                      temp         000055


FUNCTION INFORMATION:

 *************** function _main *****************
 Defined at:
		line 14 in file "main.c"
 Parameters:    Size  Location     Type
		None
 Auto vars:     Size  Location     Type
		None
 Return value:  Size  Location     Type
                  1    wreg      void 
 Registers used:
		wreg, fsr1l, fsr1h, fsr2l, fsr2h, status,2, status,0, tblptrl, tblptrh, tblptru, prodl, prodh, cstack
 Tracked objects:
		On entry : 
		On exit  : 
		Unchanged: 
 Data sizes:     COMRAM   BANK0   BANK1   BANK2   BANK3  BANK4h  BANK4l   BANK5   BANK6   BANK7
      Params:         0       0       0       0       0       0       0       0       0       0
      Locals:         0       0       0       0       0       0       0       0       0       0
      Temps:          0       0       0       0       0       0       0       0       0       0
      Totals:         0       0       0       0       0       0       0       0       0       0
Total ram usage:        0 bytes
 Hardware stack levels required when called:   20
 This function calls:
		_USBDeviceTasks
		_debounceDelay
		_initUSBLib
		_isUSBReady
		_sendFlap
 This function is called by:
		Startup code after reset
 This function uses a non-reentrant model


 *************** function _sendFlap *****************
 Defined at:
		line 40 in file "main.c"
 Parameters:    Size  Location     Type
		None
 Auto vars:     Size  Location     Type
  msg             7   13[BANK0 ] unsigned char [7]
 Return value:  Size  Location     Type
                  1    wreg      void 
 Registers used:
		wreg, fsr1l, fsr1h, fsr2l, fsr2h, status,2, status,0, prodl, prodh, cstack
 Tracked objects:
		On entry : 
		On exit  : 
		Unchanged: 
 Data sizes:     COMRAM   BANK0   BANK1   BANK2   BANK3  BANK4h  BANK4l   BANK5   BANK6   BANK7
      Params:         0       0       0       0       0       0       0       0       0       0
      Locals:         0       7       0       0       0       0       0       0       0       0
      Temps:          0       0       0       0       0       0       0       0       0       0
      Totals:         0       7       0       0       0       0       0       0       0       0
Total ram usage:        7 bytes
 Hardware stack levels used:    1
 Hardware stack levels required when called:   13
 This function calls:
		_CDCTxService
		_putUSBUSART
 This function is called by:
		_main
 This function uses a non-reentrant model


 *************** function _putUSBUSART *****************
 Defined at:
		line 556 in file "usb_device_cdc.c"
 Parameters:    Size  Location     Type
  data            2    0[BANK0 ] PTR unsigned char 
		 -> sendFlap@msg(7), 
  length          1    2[BANK0 ] unsigned char 
 Auto vars:     Size  Location     Type
		None
 Return value:  Size  Location     Type
                  1    wreg      void 
 Registers used:
		wreg, status,2, status,0
 Tracked objects:
		On entry : 
		On exit  : 
		Unchanged: 
 Data sizes:     COMRAM   BANK0   BANK1   BANK2   BANK3  BANK4h  BANK4l   BANK5   BANK6   BANK7
      Params:         0       3       0       0       0       0       0       0       0       0
      Locals:         0       0       0       0       0       0       0       0       0       0
      Temps:          0       0       0       0       0       0       0       0       0       0
      Totals:         0       3       0       0       0       0       0       0       0       0
Total ram usage:        3 bytes
 Hardware stack levels used:    1
 Hardware stack levels required when called:   11
 This function calls:
		Nothing
 This function is called by:
		_sendFlap
 This function uses a non-reentrant model


 *************** function _CDCTxService *****************
 Defined at:
		line 836 in file "usb_device_cdc.c"
 Parameters:    Size  Location     Type
		None
 Auto vars:     Size  Location     Type
  byte_to_send    1   12[BANK0 ] unsigned char 
  i               1   11[BANK0 ] unsigned char 
 Return value:  Size  Location     Type
                  1    wreg      void 
 Registers used:
		wreg, fsr1l, fsr1h, fsr2l, fsr2h, status,2, status,0, prodl, prodh, cstack
 Tracked objects:
		On entry : 
		On exit  : 
		Unchanged: 
 Data sizes:     COMRAM   BANK0   BANK1   BANK2   BANK3  BANK4h  BANK4l   BANK5   BANK6   BANK7
      Params:         0       0       0       0       0       0       0       0       0       0
      Locals:         0       2       0       0       0       0       0       0       0       0
      Temps:          0       0       0       0       0       0       0       0       0       0
      Totals:         0       2       0       0       0       0       0       0       0       0
Total ram usage:        2 bytes
 Hardware stack levels used:    1
 Hardware stack levels required when called:   12
 This function calls:
		_USBTransferOnePacket
 This function is called by:
		_sendFlap
 This function uses a non-reentrant model


 *************** function _isUSBReady *****************
 Defined at:
		line 31 in file "usb_cdc_lib.c"
 Parameters:    Size  Location     Type
		None
 Auto vars:     Size  Location     Type
		None
 Return value:  Size  Location     Type
                  1    wreg      unsigned char 
 Registers used:
		wreg, status,2, status,0
 Tracked objects:
		On entry : 
		On exit  : 
		Unchanged: 
 Data sizes:     COMRAM   BANK0   BANK1   BANK2   BANK3  BANK4h  BANK4l   BANK5   BANK6   BANK7
      Params:         0       0       0       0       0       0       0       0       0       0
      Locals:         0       2       0       0       0       0       0       0       0       0
      Temps:          0       0       0       0       0       0       0       0       0       0
      Totals:         0       2       0       0       0       0       0       0       0       0
Total ram usage:        2 bytes
 Hardware stack levels used:    1
 Hardware stack levels required when called:   11
 This function calls:
		Nothing
 This function is called by:
		_main
 This function uses a non-reentrant model


 *************** function _initUSBLib *****************
 Defined at:
		line 10 in file "usb_cdc_lib.c"
 Parameters:    Size  Location     Type
		None
 Auto vars:     Size  Location     Type
		None
 Return value:  Size  Location     Type
                  1    wreg      void 
 Registers used:
		wreg, fsr2l, fsr2h, status,2, status,0, prodl, prodh, cstack
 Tracked objects:
		On entry : 
		On exit  : 
		Unchanged: 
 Data sizes:     COMRAM   BANK0   BANK1   BANK2   BANK3  BANK4h  BANK4l   BANK5   BANK6   BANK7
      Params:         0       0       0       0       0       0       0       0       0       0
      Locals:         0       0       0       0       0       0       0       0       0       0
      Temps:          0       0       0       0       0       0       0       0       0       0
      Totals:         0       0       0       0       0       0       0       0       0       0
Total ram usage:        0 bytes
 Hardware stack levels used:    1
 Hardware stack levels required when called:   13
 This function calls:
		_USBDeviceAttach
		_USBDeviceInit
 This function is called by:
		_main
 This function uses a non-reentrant model


 *************** function _USBDeviceAttach *****************
 Defined at:
		line 1358 in file "usb_device.c"
 Parameters:    Size  Location     Type
		None
 Auto vars:     Size  Location     Type
		None
 Return value:  Size  Location     Type
                  1    wreg      void 
 Registers used:
		wreg, status,2
 Tracked objects:
		On entry : 
		On exit  : 
		Unchanged: 
 Data sizes:     COMRAM   BANK0   BANK1   BANK2   BANK3  BANK4h  BANK4l   BANK5   BANK6   BANK7
      Params:         0       0       0       0       0       0       0       0       0       0
      Locals:         0       0       0       0       0       0       0       0       0       0
      Temps:          0       0       0       0       0       0       0       0       0       0
      Totals:         0       0       0       0       0       0       0       0       0       0
Total ram usage:        0 bytes
 Hardware stack levels used:    1
 Hardware stack levels required when called:   11
 This function calls:
		Nothing
 This function is called by:
		_initUSBLib
 This function uses a non-reentrant model


 *************** function _debounceDelay *****************
 Defined at:
		line 47 in file "main.c"
 Parameters:    Size  Location     Type
		None
 Auto vars:     Size  Location     Type
  j               2    2[BANK0 ] volatile int 
  i               2    0[BANK0 ] volatile int 
 Return value:  Size  Location     Type
                  1    wreg      void 
 Registers used:
		wreg, status,2, status,0
 Tracked objects:
		On entry : 
		On exit  : 
		Unchanged: 
 Data sizes:     COMRAM   BANK0   BANK1   BANK2   BANK3  BANK4h  BANK4l   BANK5   BANK6   BANK7
      Params:         0       0       0       0       0       0       0       0       0       0
      Locals:         0       4       0       0       0       0       0       0       0       0
      Temps:          0       0       0       0       0       0       0       0       0       0
      Totals:         0       4       0       0       0       0       0       0       0       0
Total ram usage:        4 bytes
 Hardware stack levels used:    1
 Hardware stack levels required when called:   11
 This function calls:
		Nothing
 This function is called by:
		_main
 This function uses a non-reentrant model


 *************** function _USBDeviceTasks *****************
 Defined at:
		line 481 in file "usb_device.c"
 Parameters:    Size  Location     Type
		None
 Auto vars:     Size  Location     Type
  i               1    3[BANK1 ] unsigned char 
 Return value:  Size  Location     Type
                  1    wreg      void 
 Registers used:
		wreg, fsr1l, fsr1h, fsr2l, fsr2h, status,2, status,0, tblptrl, tblptrh, tblptru, prodl, prodh, cstack
 Tracked objects:
		On entry : 
[...]
                  1    wreg      void 
 Registers used:
		wreg, fsr2l, fsr2h, status,2, status,0, prodl, prodh, cstack
 Tracked objects:
		On entry : 
		On exit  : 
		Unchanged: 
 Data sizes:     COMRAM   BANK0   BANK1   BANK2   BANK3  BANK4h  BANK4l   BANK5   BANK6   BANK7
      Params:         0       0       0       0       0       0       0       0       0       0
      Locals:         5       0       0       0       0       0       0       0       0       0
      Temps:          2       0       0       0       0       0       0       0       0       0
      Totals:         7       0       0       0       0       0       0       0       0       0
Total ram usage:        7 bytes
 Hardware stack levels used:    1
 Hardware stack levels required when called:    4
 This function calls:
		i2_USER_USB_CALLBACK_EVENT_HANDLER
 This function is called by:
		i2_USBCheckStdRequest
 This function uses a non-reentrant model


 *************** function i2_USER_USB_CALLBACK_EVENT_HANDLER *****************
 Defined at:
		line 49 in file "usb_device_events.c"
 Parameters:    Size  Location     Type
  event           2   12[COMRAM] enum E44
  pdata           2   14[COMRAM] PTR void 
		 -> RAM(2047), USTATcopy(1), USBActiveConfiguration(1), NULL(0), 
		 -> BDT(48), 
  size            2   16[COMRAM] unsigned short 
 Auto vars:     Size  Location     Type
		None
 Return value:  Size  Location     Type
                  1    wreg      _Bool 
 Registers used:
		wreg, fsr2l, fsr2h, status,2, status,0, prodl, prodh, cstack
 Tracked objects:
		On entry : 
		On exit  : 
		Unchanged: 
 Data sizes:     COMRAM   BANK0   BANK1   BANK2   BANK3  BANK4h  BANK4l   BANK5   BANK6   BANK7
      Params:         6       0       0       0       0       0       0       0       0       0
      Locals:         0       0       0       0       0       0       0       0       0       0
      Temps:          2       0       0       0       0       0       0       0       0       0
      Totals:         8       0       0       0       0       0       0       0       0       0
Total ram usage:        8 bytes
 Hardware stack levels used:    1
 Hardware stack levels required when called:    3
 This function calls:
		i2_CDCInitEP
		i2_USBCheckCDCRequest
 This function is called by:
		i2_USBDeviceTasks
		i2_USBStdSetCfgHandler
		i2_USBSuspend
		i2_USBWakeFromSuspend
		i2_USBCtrlTrfSetupHandler
		i2_USBCheckStdRequest
		i2_USBStdFeatureReqHandler
 This function uses a non-reentrant model


 *************** function i2_USBCheckCDCRequest *****************
 Defined at:
		line 147 in file "usb_device_cdc.c"
 Parameters:    Size  Location     Type
		None
 Auto vars:     Size  Location     Type
		None
 Return value:  Size  Location     Type
                  1    wreg      void 
 Registers used:
		wreg, status,2, status,0
 Tracked objects:
		On entry : 
		On exit  : 
		Unchanged: 
 Data sizes:     COMRAM   BANK0   BANK1   BANK2   BANK3  BANK4h  BANK4l   BANK5   BANK6   BANK7
      Params:         0       0       0       0       0       0       0       0       0       0
      Locals:         0       0       0       0       0       0       0       0       0       0
      Temps:          2       0       0       0       0       0       0       0       0       0
      Totals:         2       0       0       0       0       0       0       0       0       0
Total ram usage:        2 bytes
 Hardware stack levels used:    1
 This function calls:
		Nothing
 This function is called by:
		i2_USER_USB_CALLBACK_EVENT_HANDLER
 This function uses a non-reentrant model


 *************** function i2_CDCInitEP *****************
 Defined at:
		line 294 in file "usb_device_cdc.c"
 Parameters:    Size  Location     Type
		None
 Auto vars:     Size  Location     Type
		None
 Return value:  Size  Location     Type
                  1    wreg      void 
 Registers used:
		wreg, fsr2l, fsr2h, status,2, status,0, prodl, prodh, cstack
 Tracked objects:
		On entry : 
		On exit  : 
		Unchanged: 
 Data sizes:     COMRAM   BANK0   BANK1   BANK2   BANK3  BANK4h  BANK4l   BANK5   BANK6   BANK7
      Params:         0       0       0       0       0       0       0       0       0       0
      Locals:         0       0       0       0       0       0       0       0       0       0
      Temps:          0       0       0       0       0       0       0       0       0       0
      Totals:         0       0       0       0       0       0       0       0       0       0
Total ram usage:        0 bytes
 Hardware stack levels used:    1
 Hardware stack levels required when called:    2
 This function calls:
		i2_USBEnableEndpoint
		i2_USBTransferOnePacket
 This function is called by:
		i2_USER_USB_CALLBACK_EVENT_HANDLER
 This function uses a non-reentrant model


 *************** function i2_USBTransferOnePacket *****************
 Defined at:
		line 1001 in file "usb_device.c"
 Parameters:    Size  Location     Type
  ep              1    wreg     unsigned char 
  dir             1    0[COMRAM] unsigned char 
  data            2    1[COMRAM] PTR unsigned char 
		 -> cdc_data_tx(64), cdc_data_rx(64), NULL(0), 
  len             1    3[COMRAM] unsigned char 
 Auto vars:     Size  Location     Type
  ep              1    8[COMRAM] unsigned char 
  USBTransferO    2    9[COMRAM] PTR volatile struct __BD
		 -> RAM(2047), NULL(0), BDT(48), 
 Return value:  Size  Location     Type
                  2    0[COMRAM] PTR void 
 Registers used:
		wreg, fsr2l, fsr2h, status,2, status,0, prodl, prodh
 Tracked objects:
		On entry : 
		On exit  : 
		Unchanged: 
 Data sizes:     COMRAM   BANK0   BANK1   BANK2   BANK3  BANK4h  BANK4l   BANK5   BANK6   BANK7
      Params:         4       0       0       0       0       0       0       0       0       0
      Locals:         3       0       0       0       0       0       0       0       0       0
      Temps:          4       0       0       0       0       0       0       0       0       0
      Totals:        11       0       0       0       0       0       0       0       0       0
Total ram usage:       11 bytes
 Hardware stack levels used:    1
 This function calls:
		Nothing
 This function is called by:
		i2_CDCInitEP
 This function uses a non-reentrant model


 *************** function i2_USBEnableEndpoint *****************
 Defined at:
		line 884 in file "usb_device.c"
 Parameters:    Size  Location     Type
  ep              1    wreg     unsigned char 
  options         1    8[COMRAM] unsigned char 
 Auto vars:     Size  Location     Type
  ep              1   11[COMRAM] unsigned char 
  USBEnableEnd    2    9[COMRAM] PTR unsigned char 
		 -> UEP0(1), 
 Return value:  Size  Location     Type
                  1    wreg      void 
 Registers used:
		wreg, fsr2l, fsr2h, status,2, status,0, prodl, prodh, cstack
 Tracked objects:
		On entry : 
		On exit  : 
		Unchanged: 
 Data sizes:     COMRAM   BANK0   BANK1   BANK2   BANK3  BANK4h  BANK4l   BANK5   BANK6   BANK7
      Params:         1       0       0       0       0       0       0       0       0       0
      Locals:         3       0       0       0       0       0       0       0       0       0
      Temps:          0       0       0       0       0       0       0       0       0       0
      Totals:         4       0       0       0       0       0       0       0       0       0
Total ram usage:        4 bytes
 Hardware stack levels used:    1
 Hardware stack levels required when called:    1
 This function calls:
		i2_USBConfigureEndpoint
 This function is called by:
		i2_CDCInitEP
 This function uses a non-reentrant model


 *************** function i2_USBConfigureEndpoint *****************
 Defined at:
		line 1549 in file "usb_device.c"
 Parameters:    Size  Location     Type
  EPNum           1    wreg     unsigned char 
  direction       1    0[COMRAM] unsigned char 
 Auto vars:     Size  Location     Type
  EPNum           1    5[COMRAM] unsigned char 
  USBConfigure    2    6[COMRAM] PTR volatile struct __BD
		 -> BDT(48), 
 Return value:  Size  Location     Type
                  1    wreg      void 
 Registers used:
		wreg, fsr2l, fsr2h, status,2, status,0, prodl, prodh
 Tracked objects:
		On entry : 
		On exit  : 
		Unchanged: 
 Data sizes:     COMRAM   BANK0   BANK1   BANK2   BANK3  BANK4h  BANK4l   BANK5   BANK6   BANK7
      Params:         1       0       0       0       0       0       0       0       0       0
      Locals:         3       0       0       0       0       0       0       0       0       0
      Temps:          4       0       0       0       0       0       0       0       0       0
      Totals:         8       0       0       0       0       0       0       0       0       0
Total ram usage:        8 bytes
 Hardware stack levels used:    1
 This function calls:
		Nothing
 This function is called by:
		i2_USBEnableEndpoint
 This function uses a non-reentrant model


 *************** function i2_USBCtrlTrfOutHandler *****************
 Defined at:
		line 2544 in file "usb_device.c"
 Parameters:    Size  Location     Type
		None
 Auto vars:     Size  Location     Type
		None
 Return value:  Size  Location     Type
                  1    wreg      void 
 Registers used:
		wreg, fsr1l, fsr1h, fsr2l, fsr2h, status,2, status,0, cstack
 Tracked objects:
		On entry : 
		On exit  : 
		Unchanged: 
 Data sizes:     COMRAM   BANK0   BANK1   BANK2   BANK3  BANK4h  BANK4l   BANK5   BANK6   BANK7
      Params:         0       0       0       0       0       0       0       0       0       0
      Locals:         0       0       0       0       0       0       0       0       0       0
      Temps:          0       0       0       0       0       0       0       0       0       0
      Totals:         0       0       0       0       0       0       0       0       0       0
Total ram usage:        0 bytes
 Hardware stack levels used:    1
 Hardware stack levels required when called:    2
 This function calls:
		i2_USBCtrlTrfRxService
 This function is called by:
		i2_USBCtrlEPService
 This function uses a non-reentrant model


 *************** function i2_USBCtrlTrfRxService *****************
 Defined at:
		line 1858 in file "usb_device.c"
 Parameters:    Size  Location     Type
		None
 Auto vars:     Size  Location     Type
  USBCtrlTrfRx    1    1[COMRAM] unsigned char 
  USBCtrlTrfRx    1    0[COMRAM] unsigned char 
 Return value:  Size  Location     Type
                  1    wreg      void 
 Registers used:
		wreg, fsr1l, fsr1h, fsr2l, fsr2h, status,2, status,0, cstack
 Tracked objects:
		On entry : 
		On exit  : 
		Unchanged: 
 Data sizes:     COMRAM   BANK0   BANK1   BANK2   BANK3  BANK4h  BANK4l   BANK5   BANK6   BANK7
      Params:         0       0       0       0       0       0       0       0       0       0
      Locals:         2       0       0       0       0       0       0       0       0       0
      Temps:          0       0       0       0       0       0       0       0       0       0
      Totals:         2       0       0       0       0       0       0       0       0       0
Total ram usage:        2 bytes
 Hardware stack levels used:    1
 Hardware stack levels required when called:    1
 This function calls:
		i2_USBCtrlEPAllowStatusStage
 This function is called by:
		i2_USBCtrlTrfOutHandler
 This function uses a non-reentrant model


 *************** function i2_USBCtrlEPAllowStatusStage *****************
 Defined at:
		line 1422 in file "usb_device.c"
 Parameters:    Size  Location     Type
		None
 Auto vars:     Size  Location     Type
		None
 Return value:  Size  Location     Type
                  1    wreg      void 
 Registers used:
		wreg, fsr2l, fsr2h, status,2, status,0
 Tracked objects:
		On entry : 
		On exit  : 
		Unchanged: 
 Data sizes:     COMRAM   BANK0   BANK1   BANK2   BANK3  BANK4h  BANK4l   BANK5   BANK6   BANK7
      Params:         0       0       0       0       0       0       0       0       0       0
      Locals:         0       0       0       0       0       0       0       0       0       0
      Temps:          0       0       0       0       0       0       0       0       0       0
      Totals:         0       0       0       0       0       0       0       0       0       0
Total ram usage:        0 bytes
 Hardware stack levels used:    1
 This function calls:
		Nothing
 This function is called by:
		i2_USBDeviceTasks
		i2_USBCtrlEPServiceComplete
		i2_USBCtrlTrfRxService
 This function uses a non-reentrant model


 *************** function i2_USBCtrlTrfInHandler *****************
 Defined at:
		line 2598 in file "usb_device.c"
 Parameters:    Size  Location     Type
		None
 Auto vars:     Size  Location     Type
  USBCtrlTrfIn    1    1[COMRAM] unsigned char 
 Return value:  Size  Location     Type
                  1    wreg      void 
 Registers used:
		wreg, fsr1l, fsr1h, fsr2l, fsr2h, status,2, status,0, tblptrl, tblptrh, tblptru, cstack
 Tracked objects:
		On entry : 
		On exit  : 
		Unchanged: 
 Data sizes:     COMRAM   BANK0   BANK1   BANK2   BANK3  BANK4h  BANK4l   BANK5   BANK6   BANK7
      Params:         0       0       0       0       0       0       0       0       0       0
      Locals:         1       0       0       0       0       0       0       0       0       0
      Temps:          0       0       0       0       0       0       0       0       0       0
      Totals:         1       0       0       0       0       0       0       0       0       0
Total ram usage:        1 bytes
 Hardware stack levels used:    1
 Hardware stack levels required when called:    1
 This function calls:
		i2_USBCtrlTrfTxService
 This function is called by:
		i2_USBCtrlEPService
 This function uses a non-reentrant model


 *************** function i2_USBCtrlTrfTxService *****************
 Defined at:
		line 1777 in file "usb_device.c"
 Parameters:    Size  Location     Type
		None
 Auto vars:     Size  Location     Type
  USBCtrlTrfTx    1    0[COMRAM] unsigned char 
 Return value:  Size  Location     Type
                  1    wreg      void 
 Registers used:
		wreg, fsr1l, fsr1h, fsr2l, fsr2h, status,2, status,0, tblptrl, tblptrh, tblptru
 Tracked objects:
		On entry : 
		On exit  : 
		Unchanged: 
 Data sizes:     COMRAM   BANK0   BANK1   BANK2   BANK3  BANK4h  BANK4l   BANK5   BANK6   BANK7
      Params:         0       0       0       0       0       0       0       0       0       0
      Locals:         1       0       0       0       0       0       0       0       0       0
      Temps:          0       0       0       0       0       0       0       0       0       0
      Totals:         1       0       0       0       0       0       0       0       0       0
Total ram usage:        1 bytes
 Hardware stack levels used:    1
 This function calls:
		Nothing
 This function is called by:
		i2_USBCtrlEPAllowDataStage
		i2_USBCtrlTrfInHandler
 This function uses a non-reentrant model



MODULE INFORMATION

Module		Function		Class		Link	Load	Size
C:\Program Files (x86)\Microchip\xc8\v2.10\pic\sources\c99\common\memset.c
		_memset        		CODE           	155C	0000	377

C:\Program Files (x86)\Microchip\xc8\v2.10\pic\sources\c99\common\memset.c estimated size: 377

usb_cdc_lib.c
		_isUSBReady    		CODE           	3FA4	0000	57
		_initUSBLib    		CODE           	4126	0000	15
		_processUSBTasks		CODE           	4044	0000	49

usb_cdc_lib.c estimated size: 121

shared
		i2_USBIncrement1msInternalTimers		CODE           	4010	0000	53
		_configDescriptor1		SMALLCONST     	0809	0000	68
		_USB_CD_Ptr    		SMALLCONST     	0807	0000	3
		_sd001         		SMALLCONST     	084C	0000	39
		i2_USBCtrlEPService		CODE           	342E	0000	187
		i2_USBCtrlEPServiceComplete		CODE           	2176	0000	323
		i2_USBCtrlTrfSetupHandler		CODE           	3832	0000	145
		_sd002         		SMALLCONST     	0872	0000	33
		i2_USBCtrlEPAllowStatusStage		CODE           	30AA	0000	241
		i2_USBCtrlTrfOutHandler		CODE           	3A48	0000	117
		i2_USBDeviceInit		CODE           	1C64	0000	331
		i2_USBWakeFromSuspend		CODE           	3F64	0000	65
		i2_USBConfigureEndpoint		CODE           	36F4	0000	173
		i2_USBStdSetCfgHandler		CODE           	3288	0000	231
		i2_USBStdGetDscHandler		CODE           	19B6	0000	353
		__initialization		CODE           	3E9A	0000	57
		i2_USBStallHandler		CODE           	3C48	0000	97
		_device_dsc    		SMALLCONST     	0892	0000	19
		i2_USBStdGetStatusHandler		CODE           	2DB6	0000	259
		i2_CDCInitEP   		CODE           	3B24	0000	101
		i2_USER_USB_CALLBACK_EVENT_HANDLER		CODE           	394C	0000	137
		i2_USBStdFeatureReqHandler		CODE           	0C20	0000	845
		_USB_SD_Ptr    		SMALLCONST     	0801	0000	7
		i2_memset      		CODE           	16D4	0000	375
		i2_USBCheckCDCRequest		CODE           	2EB8	0000	259
		_sd000         		SMALLCONST     	08A4	0000	5
		i2_USBEnableEndpoint		CODE           	3E4E	0000	77
		i2_USBDeviceTasks		CODE           	119C	0000	553
		i2_USBCtrlTrfRxService		CODE           	22B8	0000	323
		i2_USBCtrlTrfTxService		CODE           	2888	0000	273
		i2_USBCheckStdRequest		CODE           	265C	0000	285
		i2_memcpy      		CODE           	3DFE	0000	81
		i2_USBTransferOnePacket		CODE           	23FA	0000	319
		i2_USBCtrlTrfInHandler		CODE           	2CB2	0000	261
		i2_USBSuspend  		CODE           	40A2	0000	47
		i2_USBCtrlEPAllowDataStage		CODE           	3646	0000	175

shared estimated size: 6917

usb_device_cdc.c
		_CDCTxService  		CODE           	13C4	0000	409
		_CDCInitEP     		CODE           	3ABC	0000	105
		_putUSBUSART   		CODE           	40D0	0000	45
		_USBCheckCDCRequest		CODE           	2BAE	0000	261

usb_device_cdc.c estimated size: 820

usb_device_events.c
		_USER_USB_CALLBACK_EVENT_HANDLER		CODE           	38C2	0000	139

usb_device_events.c estimated size: 139

usb_device.c
		_USBCtrlTrfInHandler		CODE           	2AA6	0000	265
		_USBTransferOnePacket		CODE           	2034	0000	323
		_USBDeviceAttach		CODE           	3EE0	0000	67
		_USBStdGetDscHandler		CODE           	184A	0000	365
		_USBCtrlEPAllowDataStage		CODE           	3598	0000	175
		_USBStdFeatureReqHandler		CODE           	08AA	0000	887
		_USBCtrlEPAllowStatusStage		CODE           	2FBA	0000	241
		_USBCtrlTrfSetupHandler		CODE           	37A0	0000	147
		_USBCtrlTrfOutHandler		CODE           	39D4	0000	117
		_USBCtrlEPServiceComplete		CODE           	1EF2	0000	323
		_USBSuspend    		CODE           	4074	0000	47
		_USBStdSetCfgHandler		CODE           	319A	0000	239
		_USBStdGetStatusHandler		CODE           	2998	0000	271
		_USBWakeFromSuspend		CODE           	3F22	0000	67
		_USBCtrlTrfRxService		CODE           	1DAE	0000	325
		_USBCtrlTrfTxService		CODE           	2778	0000	273
		_USBEnableEndpoint		CODE           	3D58	0000	85
		_USBConfigureEndpoint		CODE           	34E8	0000	177
		_USBDeviceInit 		CODE           	1B16	0000	335
		_USBIncrement1msInternalTimers		CODE           	3FDC	0000	53
		_USBCtrlEPService		CODE           	336E	0000	193
		_USBStallHandler		CODE           	3BE8	0000	97
		_USBDeviceTasks		CODE           	0F6C	0000	561
		_USBCheckStdRequest		CODE           	2538	0000	293

usb_device.c estimated size: 5926

C:\Program Files (x86)\Microchip\xc8\v2.10\pic\sources\c99\common\memcpy.c
		_memcpy        		CODE           	3DAC	0000	83

C:\Program Files (x86)\Microchip\xc8\v2.10\pic\sources\c99\common\memcpy.c estimated size: 83

main.c
		_debounceDelay 		CODE           	3B88	0000	97
		_main          		CODE           	3D02	0000	87
		_sendFlap      		CODE           	40FC	0000	43
		_mainISR       		CODE           	0008	0000	97

main.c estimated size: 324

