Microchip MPLAB XC8 Compiler V2.10 ()

Linker command line:

-W-3 --edf=C:\Program Files (x86)\Microchip\xc8\v2.10\pic\dat\en_msgs.txt \
  -cs -h+dist/default/production\usbcdcdemo.X.production.sym \
  --cmf=dist/default/production\usbcdcdemo.X.production.cmf -z -Q18F4550 \
  -oC:\Users\bouci\AppData\Local\Temp\s2v0.2 --defsym=__MPLAB_BUILD=1 \
  -Mdist/default/production/usbcdcdemo.X.production.map -E1 -ver=XC8 \
  --acfsm=1493 -ASTACK=0106h-03FFh -pstack=STACK -ACODE=00h-07FFFh \
  -ACONST=00h-07FFFh -ASMALLCONST=0800h-08FFhx120 \
  -AMEDIUMCONST=0800h-07FFFh -ACOMRAM=01h-05Fh -AABS1=00h-07FFh \
  -ABIGRAM=01h-07FFh -ARAM=060h-0FFh,0100h-01FFhx7 -ABANK0=060h-0FFh \
  -ABANK1=0100h-01FFh -ABANK2=0200h-02FFh -ABANK3=0300h-03FFh \
  -ABANK4=0400h-04FFh -ABANK5=0500h-05FFh -ABANK6=0600h-06FFh \
  -ABANK7=0700h-07FFh -ASFR=0F60h-0FFFh \
  -preset_vec=00h,intcode=08h,intcodelo,powerup,init -pramtop=0800h \
  -psmallconst=SMALLCONST -pmediumconst=MEDIUMCONST -pconst=CONST \
  -AFARRAM=00h-00h -ACONFIG=0300000h-030000Dh -pconfig=CONFIG \
  -AIDLOC=0200000h-0200007h -pidloc=IDLOC -AEEDATA=0F00000h-0F000FFh \
  -peeprom_data=EEDATA \
  -prdata=COMRAM,nvrram=COMRAM,nvbit=COMRAM,rbss=COMRAM,rbit=COMRAM \
  -pfarbss=FARRAM,fardata=FARRAM,nvFARRAM=FARRAM \
  -pintsave_regs=BIGRAM,bigbss=BIGRAM,bigdata=BIGRAM -pbss=RAM \
  -pidata=CODE,irdata=CODE,ibigdata=CODE,ifardata=CODE -prparam=COMRAM \
  C:\Users\bouci\AppData\Local\Temp\s2v0.o \
  dist/default/production\usbcdcdemo.X.production.o 

Object code version is 3.11

Machine type is 18F4550

Call graph: (short form)




                Name                               Link     Load   Length Selector   Space Scale
C:\Users\bouci\AppData\Local\Temp\s2v0.o
                init                                  E        E        4        4       0
                reset_vec                             0        0        4        0       0
                idloc                            200000   200000        8   200000       0
                config                           300000   300000        E   300000       0
dist/default/production\usbcdcdemo.X.production.o
                intcode                               8        8        6        4       0
                temp                                 54       54        1        1       1
                smallconst                          800      800       AA      400       0
                text66                             2890     2890      110      455       0
                text65                             2CBA     2CBA      104      455       0
                text64                             30B2     30B2       F0      455       0
                text63                             22C2     22C2      142      455       0
                text62                             3A4A     3A4A       74      455       0
                text61                             36F6     36F6       AC      455       0
                text60                             3E60     3E60       4C      455       0
                text59                             2404     2404      13E      455       0
                text58                             3B8C     3B8C       64      455       0
                text57                             2EC0     2EC0      102      455       0
                text56                             394E     394E       88      455       0
                text55                              C2C      C2C      34C      455       0
                text54                             19C0     19C0      160      455       0
                text53                             2DBE     2DBE      102      455       0
                text52                             16DE     16DE      176      455       0
                text51                             3290     3290       E6      455       0
                text50                             2664     2664      11C      455       0
                text49                             3648     3648       AE      455       0
                text48                             2180     2180      142      455       0
                text47                             3834     3834       90      455       0
                text46                             3E10     3E10       50      455       0
                text45                             3430     3430       BA      455       0
                text44                             1C6E     1C6E      14A      455       0
                text43                             4022     4022       34      455       0
                text42                             3CB0     3CB0       60      455       0
                text41                             40B4     40B4       2E      455       0
                text40                             3F76     3F76       40      455       0
                text39                             11A6     11A6      228      455       0
                text38                             4056     4056       30      455       0
                intcode_body                       3D10     3D10       5A      455       0
                text36                             2780     2780      110      455       0
                text35                             2AAE     2AAE      108      455       0
                text34                             2FC2     2FC2       F0      455       0
                text33                             1DB8     1DB8      144      455       0
                text32                             39D6     39D6       74      455       0
                text31                             34EA     34EA       B0      455       0
                text30                             3D6A     3D6A       54      455       0
                text29                             203E     203E      142      455       0
                text28                             3ABE     3ABE       68      455       0
                text27                             2BB6     2BB6      104      455       0
                text26                             38C4     38C4       8A      455       0
                text25                              8AA      8AA      382      455       0
                text24                             1854     1854      16C      455       0
                text23                             29A0     29A0      10E      455       0
                text22                             1566     1566      178      455       0
                text21                             31A2     31A2       EE      455       0
                text20                             2542     2542      122      455       0
                text19                             359A     359A       AE      455       0
                text18                             1EFC     1EFC      142      455       0
                text17                             37A2     37A2       92      455       0
                text16                             3DBE     3DBE       52      455       0
                text15                             3376     3376       BA      455       0
                text14                             1B20     1B20      14E      455       0
                text13                             3FEE     3FEE       34      455       0
                text12                             3C50     3C50       60      455       0
                text11                             4086     4086       2E      455       0
                text10                             3F34     3F34       42      455       0
                text9                               F78      F78      22E      455       0
                text8                              3BF0     3BF0       60      455       0
                text7                              3EF2     3EF2       42      455       0
                text6                              4138     4138        E      455       0
                text5                              3FB6     3FB6       38      455       0
                text4                              4146     4146        A      455       0
                text3                              13CE     13CE      198      455       0
                text2                              40E2     40E2       2C      455       0
                text1                              410E     410E       2A      455       0
                text0                              3B26     3B26       66      455       0
                cstackCOMRAM                         2B       2B       29        1       1
                cstackBANK0                          DF       DF       1A       60       1
                cstackBANK1                         100      100        6      100       1
                dataBANK0                            F9       F9        7       60       1
                bssBANK0                             60       60       7F       60       1
                bssCOMRAM                             1        1       2A        1       1
                cinit                              3EAC     3EAC       46      455       0
                idataBANK0                         4150     4150        7      455       0

TOTAL           Name                               Link     Load   Length     Space
        CLASS   STACK          

        CLASS   CODE           
                intcode                               8        8        6         0
                init                                  E        E        4         0
                reset_vec                             0        0        4         0
                text66                             2890     2890      110         0
                text65                             2CBA     2CBA      104         0
                text64                             30B2     30B2       F0         0
                text63                             22C2     22C2      142         0
                text62                             3A4A     3A4A       74         0
                text61                             36F6     36F6       AC         0
                text60                             3E60     3E60       4C         0
                text59                             2404     2404      13E         0
                text58                             3B8C     3B8C       64         0
                text57                             2EC0     2EC0      102         0
                text56                             394E     394E       88         0
                text55                              C2C      C2C      34C         0
                text54                             19C0     19C0      160         0
                text53                             2DBE     2DBE      102         0
                text52                             16DE     16DE      176         0
                text51                             3290     3290       E6         0
                text50                             2664     2664      11C         0
                text49                             3648     3648       AE         0
                text48                             2180     2180      142         0
                text47                             3834     3834       90         0
                text46                             3E10     3E10       50         0
                text45                             3430     3430       BA         0
                text44                             1C6E     1C6E      14A         0
                text43                             4022     4022       34         0
                text42                             3CB0     3CB0       60         0
                text41                             40B4     40B4       2E         0
                text40                             3F76     3F76       40         0
                text39                             11A6     11A6      228         0
                text38                             4056     4056       30         0
                intcode_body                       3D10     3D10       5A         0
                text36                             2780     2780      110         0
                text35                             2AAE     2AAE      108         0
                text34                             2FC2     2FC2       F0         0
                text33                             1DB8     1DB8      144         0
                text32                             39D6     39D6       74         0
                text31                             34EA     34EA       B0         0
                text30                             3D6A     3D6A       54         0
                text29                             203E     203E      142         0
                text28                             3ABE     3ABE       68         0
                text27                             2BB6     2BB6      104         0
                text26                             38C4     38C4       8A         0
                text25                              8AA      8AA      382         0
                text24                             1854     1854      16C         0
                text23                             29A0     29A0      10E         0
                text22                             1566     1566      178         0
                text21                             31A2     31A2       EE         0
                text20                             2542     2542      122         0
                text19                             359A     359A       AE         0
                text18                             1EFC     1EFC      142         0
                text17                             37A2     37A2       92         0
                text16                             3DBE     3DBE       52         0
                text15                             3376     3376       BA         0
                text14                             1B20     1B20      14E         0
                text13                             3FEE     3FEE       34         0
                text12                             3C50     3C50       60         0
                text11                             4086     4086       2E         0
                text10                             3F34     3F34       42         0
                text9                               F78      F78      22E         0
                text8                              3BF0     3BF0       60         0
                text7                              3EF2     3EF2       42         0
                text6                              4138     4138        E         0
                text5                              3FB6     3FB6       38         0
                text4                              4146     4146        A         0
                text3                              13CE     13CE      198         0
                text2                              40E2     40E2       2C         0
                text1                              410E     410E       2A         0
                text0                              3B26     3B26       66         0
                cinit                              3EAC     3EAC       46         0
                idataBANK0                         4150     4150        7         0

        CLASS   CONST          

        CLASS   SMALLCONST     
                smallconst                          800      800       AA         0

        CLASS   MEDIUMCONST    

        CLASS   COMRAM         
                temp                                 54       54        1         1
                cstackCOMRAM                         2B       2B       29         1
                bssCOMRAM                             1        1       2A         1

        CLASS   ABS1           
                abs_s1                              400      400       38         1
                abs_s1                              450      450       20         1
                abs_s1                              500      500       80         1

        CLASS   BIGRAM         

        CLASS   RAM            

        CLASS   BANK0          
                cstackBANK0                          DF       DF       1A         1
                dataBANK0                            F9       F9        7         1
                bssBANK0                             60       60       7F         1

        CLASS   BANK1          
                cstackBANK1                         100      100        6         1

        CLASS   BANK2          

        CLASS   BANK3          

        CLASS   BANK4          

        CLASS   BANK5          

        CLASS   BANK6          

        CLASS   BANK7          

        CLASS   SFR            

        CLASS   FARRAM         

        CLASS   CONFIG         
                config                           300000   300000        E         0

        CLASS   IDLOC          
                idloc                            200000   200000        8         0

        CLASS   EEDATA         



SEGMENTS        Name                           Load    Length   Top    Selector   Space  Class

                reset_vec                      000000  000004  000004         0       0  CODE    
                bssCOMRAM                      000001  000054  000055         1       1  COMRAM  
                intcode                        000008  00000A  000012         4       0  CODE    
                bssBANK0                       000060  0000A0  000100        60       1  BANK0   
                cstackBANK1                    000100  000006  000106       100       1  BANK1   
                smallconst                     000800  0000AA  0008AA       400       0  SMALLCON
                text25                         0008AA  0038AD  004157       455       0  CODE    
                idloc                          200000  000008  200008    200000       0  IDLOC   
                config                         300000  00000E  30000E    300000       0  CONFIG  


UNUSED ADDRESS RANGES

        Name                Unused          Largest block    Delta
        BANK1            000106-0001FF               FA
        BANK2            000200-0002FF              100
        BANK3            000300-0003FF              100
        BANK4            000438-00044F               18
                         000470-0004FF               90
        BANK5            000580-0005FF               80
        BANK6            000600-0006FF              100
        BANK7            000700-0007FF              100
        BIGRAM           000055-00005F                B
                         000106-0003FF              2FA
                         000438-00044F               18
                         000470-0004FF               90
                         000580-0007FF              280
        CODE             000004-000007                4
                         000012-0007FF              7EE
                         004157-007FFF             3EA9
        COMRAM           000055-00005F                B
        CONST            000004-000007                4
                         000012-0007FF              7EE
                         004157-007FFF             3EA9
        EEDATA           F00000-F000FF              100
        MEDIUMCONST      004157-007FFF             3EA9
        RAM              000106-0003FF              100
                         000438-00044F               18
                         000470-0004FF               90
                         000580-0007FF              100
        SFR              000F60-000FFF               A0
        SMALLCONST       004157-007FFF              100
        STACK            000106-0003FF              2FA

                                  Symbol Table

?_USBTransferOnePacket                      cstackBANK0  0000DF
?i2_USBTransferOnePacket                    cstackCOMRAM 00002B
CDCTxService@byte_to_send                   cstackBANK0  0000EB
CDCTxService@i                              cstackBANK0  0000EA
USBConfigureEndpoint@EPNum                  cstackBANK0  0000E4
USBConfigureEndpoint@direction              cstackBANK0  0000DF
USBConfigureEndpoint@handle                 cstackBANK0  0000E5
USBCtrlTrfInHandler@lastDTS                 cstackBANK0  0000E0
USBCtrlTrfRxService@byteToRead              cstackBANK0  0000E0
USBCtrlTrfRxService@i                       cstackBANK0  0000DF
USBCtrlTrfTxService@byteToSend              cstackBANK0  0000DF
USBDeviceInit@i                             cstackBANK0  0000EB
USBDeviceTasks@i                            cstackBANK0  0000F8
USBEnableEndpoint@ep                        cstackBANK0  0000EA
USBEnableEndpoint@options                   cstackBANK0  0000E7
USBEnableEndpoint@p                         cstackBANK0  0000E8
USBStdFeatureReqHandler@current_ep_data     cstackBANK1  000102
USBStdFeatureReqHandler@p                   cstackBANK1  000103
USBStdFeatureReqHandler@pUEP                cstackBANK1  000100
USBStdGetStatusHandler@p                    cstackBANK0  0000E1
USBStdSetCfgHandler@i                       cstackBANK0  0000F3
USBTransferOnePacket@data                   cstackBANK0  0000E0
USBTransferOnePacket@dir                    cstackBANK0  0000DF
USBTransferOnePacket@ep                     cstackBANK0  0000E7
USBTransferOnePacket@handle                 cstackBANK0  0000E8
USBTransferOnePacket@len                    cstackBANK0  0000E2
USER_USB_CALLBACK_EVENT_HANDLER@event       cstackBANK0  0000EB
USER_USB_CALLBACK_EVENT_HANDLER@pdata       cstackBANK0  0000ED
USER_USB_CALLBACK_EVENT_HANDLER@size        cstackBANK0  0000EF
_BDT                                        (abs)        000400
_BaudRateGen                                bssBANK0     0000B0
_BothEP0OutUOWNsSet                         bssCOMRAM    000024
_CDCDataInHandle                            bssBANK0     0000BE
_CDCDataOutHandle                           bssBANK0     0000C0
_CDCInitEP                                  text28       003ABE
_CDCTxService                               text3        0013CE
_CtrlTrfData                                (abs)        000450
_INTCONbits                                 (abs)        000FF2
_IPR2bits                                   (abs)        000FA2
_LATC                                       (abs)        000F8B
_LATCbits                                   (abs)        000F8B
_PIE2bits                                   (abs)        000FA0
_PIR2bits                                   (abs)        000FA1
_RemoteWakeup                               bssCOMRAM    000026
_SetupPkt                                   (abs)        000430
_TRISC                                      (abs)        000F94
_TRISDbits                                  (abs)        000F95
_UADDR                                      (abs)        000F6E
_UCFG                                       (abs)        000F6F
_UCON                                       (abs)        000F6D
_UCONbits                                   (abs)        000F6D
_UEIE                                       (abs)        000F6B
_UEIR                                       (abs)        000F6A
_UEP0                                       (abs)        000F70
_UEP0bits                                   (abs)        000F70
_UEP1                                       (abs)        000F71
_UIE                                        (abs)        000F69
_UIEbits                                    (abs)        000F69
_UIR                                        (abs)        000F68
_UIRbits                                    (abs)        000F68
_USB1msTickCount                            bssBANK0     0000B4
_USBActiveConfiguration                     bssCOMRAM    00002A
_USBAlternateInterface                      bssBANK0     0000DC
_USBBusIsSuspended                          bssCOMRAM    000025
_USBCheckCDCRequest                         text27       002BB6
_USBCheckStdRequest                         text20       002542
_USBConfigureEndpoint                       text31       0034EA
_USBCtrlEPAllowDataStage                    text19       00359A
_USBCtrlEPAllowStatusStage                  text34       002FC2
_USBCtrlEPService                           text15       003376
_USBCtrlEPServiceComplete                   text18       001EFC
_USBCtrlTrfInHandler                        text35       002AAE
_USBCtrlTrfOutHandler                       text32       0039D6
_USBCtrlTrfRxService                        text33       001DB8
_USBCtrlTrfSetupHandler                     text17       0037A2
_USBCtrlTrfTxService                        text36       002780
_USBDeferINDataStagePackets                 bssCOMRAM    000020
_USBDeferOUTDataStagePackets                bssBANK0     0000C9
_USBDeferStatusStagePacket                  bssCOMRAM    000023
_USBDeviceAttach                            text7        003EF2
_USBDeviceInit                              text14       001B20
_USBDeviceState                             bssCOMRAM    000029
_USBDeviceTasks                             text9        000F78
_USBEnableEndpoint                          text30       003D6A
_USBIncrement1msInternalTimers              text13       003FEE
_USBStallHandler                            text12       003C50
_USBStatusStageEnabledFlag1                 bssCOMRAM    000022
_USBStatusStageEnabledFlag2                 bssCOMRAM    000021
_USBStatusStageTimeoutCounter               bssBANK0     0000CA
_USBStdFeatureReqHandler                    text25       0008AA
_USBStdGetDscHandler                        text24       001854
_USBStdGetStatusHandler                     text23       0029A0
_USBStdSetCfgHandler                        text21       0031A2
_USBSuspend                                 text11       004086
_USBTicksSinceSuspendEnd                    bssBANK0     0000C8
_USBTransferOnePacket                       text29       00203E
_USBWakeFromSuspend                         text10       003F34
_USB_CD_Ptr                                 smallconst   000807
_USB_SD_Ptr                                 smallconst   000801
_USER_USB_CALLBACK_EVENT_HANDLER            text26       0038C4
_USTAT                                      (abs)        000F6C
_USTATcopy                                  bssBANK0     0000DE
__CFG_BOR$OFF                               (abs)        000000
__CFG_BORV$3                                (abs)        000000
__CFG_CCP2MX$ON                             (abs)        000000
__CFG_CP0$OFF                               (abs)        000000
__CFG_CP1$OFF                               (abs)        000000
__CFG_CP2$OFF                               (abs)        000000
__CFG_CP3$OFF                               (abs)        000000
__CFG_CPB$OFF                               (abs)        000000
__CFG_CPD$OFF                               (abs)        000000
__CFG_CPUDIV$OSC1_PLL2                      (abs)        000000
__CFG_EBTR0$OFF                             (abs)        000000
__CFG_EBTR1$OFF                             (abs)        000000
__CFG_EBTR2$OFF                             (abs)        000000
__CFG_EBTR3$OFF                             (abs)        000000
__CFG_EBTRB$OFF                             (abs)        000000
__CFG_FCMEN$OFF                             (abs)        000000
__CFG_FOSC$HSPLL_HS                         (abs)        000000
__CFG_ICPRT$OFF                             (abs)        000000
__CFG_IESO$OFF                              (abs)        000000
__CFG_LPT1OSC$OFF                           (abs)        000000
__CFG_LVP$OFF                               (abs)        000000
__CFG_MCLRE$ON                              (abs)        000000
__CFG_PBADEN$ON                             (abs)        000000
__CFG_PLLDIV$2                              (abs)        000000
__CFG_PWRT$OFF                              (abs)        000000
__CFG_STVREN$ON                             (abs)        000000
__CFG_USBDIV$2                              (abs)        000000
__CFG_VREGEN$ON                             (abs)        000000
__CFG_WDT$OFF                               (abs)        000000
__CFG_WDTPS$32768                           (abs)        000000
__CFG_WRT0$OFF                              (abs)        000000
__CFG_WRT1$OFF                              (abs)        000000
__CFG_WRT2$OFF                              (abs)        000000
__CFG_WRT3$OFF                              (abs)        000000
__CFG_WRTB$OFF                              (abs)        000000
__CFG_WRTC$OFF                              (abs)        000000
__CFG_WRTD$OFF                              (abs)        000000
__CFG_XINST$OFF                             (abs)        000000
__HRAM                                      (abs)        000000
__Habs1                                     abs1         000000
__Hbank0                                    bank0        000000
__Hbank1                                    bank1        000000
__Hbank2                                    bank2        000000
__Hbank3                                    bank3        000000
__Hbank4                                    bank4        000000
__Hbank5                                    bank5        000000
__Hbank6                                    bank6        000000
__Hbank7                                    bank7        000000
__Hbigbss                                   bigbss       000000
__Hbigdata                                  bigdata      000000
__Hbigram                                   bigram       000000
__Hbss                                      bss          000000
__HbssBANK0                                 bssBANK0     000000
__HbssCOMRAM                                bssCOMRAM    000000
__Hcinit                                    cinit        000000
__Hclrtext                                  clrtext      000000
__Hcomram                                   comram       000000
__Hconfig                                   config       30000E
__Hconst                                    const        000000
__HcstackBANK0                              cstackBANK0  000000
__HcstackBANK1                              cstackBANK1  000000
__HcstackCOMRAM                             cstackCOMRAM 000000
__Hdata                                     data         000000
__HdataBANK0                                dataBANK0    000000
__Heeprom_data                              eeprom_data  000000
__Hfarbss                                   farbss       000000
__Hfardata                                  fardata      000000
__Hibigdata                                 ibigdata     000000
__Hidata                                    idata        000000
__HidataBANK0                               idataBANK0   000000
__Hidloc                                    idloc        200008
__Hifardata                                 ifardata     000000
__Hinit                                     init         000012
__Hintcode                                  intcode      00000E
__Hintcode_body                             intcode_body 000000
__Hintcodelo                                intcodelo    00000E
__Hintentry                                 intentry     000000
__Hintret                                   intret       000000
__Hintsave_regs                             intsave_regs 000000
__Hirdata                                   irdata       000000
__Hmediumconst                              mediumconst  000000
__HnvFARRAM                                 nvFARRAM     000000
__Hnvbit                                    nvbit        000000
__Hnvrram                                   nvrram       000000
__Hparam                                    rparam       000000
__Hpowerup                                  powerup      00000E
__Hram                                      ram          000000
__Hramtop                                   ramtop       000800
__Hrbit                                     rbit         000000
__Hrbss                                     rbss         000000
__Hrdata                                    rdata        000000
__Hreset_vec                                reset_vec    000004
__Hrparam                                   rparam       000000
__Hsfr                                      sfr          000000
__Hsmallconst                               smallconst   0008AA
__Hspace_0                                  (abs)        30000E
__Hspace_1                                  (abs)        000106
__Hspace_2                                  (abs)        000000
__Hstack                                    stack        000000
__Hstruct                                   struct       000000
__Htemp                                     temp         000055
__Htext                                     text         000000
__Htext0                                    text0        000000
__Htext1                                    text1        000000
__Htext10                                   text10       000000
__Htext11                                   text11       000000
__Htext12                                   text12       000000
__Htext13                                   text13       000000
__Htext14                                   text14       000000
__Htext15                                   text15       000000
__Htext16                                   text16       000000
__Htext17                                   text17       000000
__Htext18                                   text18       000000
__Htext19                                   text19       000000
__Htext2                                    text2        000000
__Htext20                                   text20       000000
__Htext21                                   text21       000000
__Htext22                                   text22       000000
__Htext23                                   text23       000000
__Htext24                                   text24       000000
__Htext25                                   text25       000000
__Htext26                                   text26       000000
__Htext27                                   text27       000000
__Htext28                                   text28       000000
__Htext29                                   text29       000000
__Htext3                                    text3        000000
__Htext30                                   text30       000000
__Htext31                                   text31       000000
__Htext32                                   text32       000000
__Htext33                                   text33       000000
__Htext34                                   text34       000000
__Htext35                                   text35       000000
__Htext36                                   text36       000000
__Htext38                                   text38       000000
__Htext39                                   text39       000000
__Htext4                                    text4        000000
__Htext40                                   text40       000000
__Htext41                                   text41       000000
__Htext42                                   text42       000000
__Htext43                                   text43       000000
__Htext44                                   text44       000000
__Htext45                                   text45       000000
__Htext46                                   text46       000000
__Htext47                                   text47       000000
__Htext48                                   text48       000000
__Htext49                                   text49       000000
__Htext5                                    text5        000000
__Htext50                                   text50       000000
__Htext51                                   text51       000000
__Htext52                                   text52       000000
__Htext53                                   text53       000000
__Htext54                                   text54       000000
__Htext55                                   text55       000000
__Htext56                                   text56       000000
__Htext57                                   text57       000000
__Htext58                                   text58       000000
__Htext59                                   text59       000000
__Htext6                                    text6        000000
__Htext60                                   text60       000000
__Htext61                                   text61       000000
__Htext62                                   text62       000000
__Htext63                                   text63       000000
__Htext64                                   text64       000000
__Htext65                                   text65       000000
__Htext66                                   text66       000000
__Htext7                                    text7        000000
__Htext8                                    text8        000000
__Htext9                                    text9        000000
__LRAM                                      (abs)        000001
__Labs1                                     abs1         000000
__Lbank0                                    bank0        000000
__Lbank1                                    bank1        000000
__Lbank2                                    bank2        000000
__Lbank3                                    bank3        000000
__Lbank4                                    bank4        000000
__Lbank5                                    bank5        000000
__Lbank6                                    bank6        000000
__Lbank7                                    bank7        000000
__Lbigbss                                   bigbss       000000
__Lbigdata                                  bigdata      000000
__Lbigram                                   bigram       000000
__Lbss                                      bss          000000
__LbssBANK0                                 bssBANK0     000000
__LbssCOMRAM                                bssCOMRAM    000000
__Lcinit                                    cinit        000000
__Lclrtext                                  clrtext      000000
__Lcomram                                   comram       000000
__Lconfig                                   config       300000
__Lconst                                    const        000000
__LcstackBANK0                              cstackBANK0  000000
__LcstackBANK1                              cstackBANK1  000000
__LcstackCOMRAM                             cstackCOMRAM 000000
__Ldata                                     data         000000
__LdataBANK0                                dataBANK0    000000
__Leeprom_data                              eeprom_data  000000
__Lfarbss                                   farbss       000000
__Lfardata                                  fardata      000000
__Libigdata                                 ibigdata     000000
__Lidata                                    idata        000000
__LidataBANK0                               idataBANK0   000000
__Lidloc                                    idloc        200000
__Lifardata                                 ifardata     000000
__Linit                                     init         00000E
__Lintcode                                  intcode      000008
__Lintcode_body                             intcode_body 000000
__Lintcodelo                                intcodelo    00000E
__Lintentry                                 intentry     000000
__Lintret                                   intret       000000
__Lintsave_regs                             intsave_regs 000000
__Lirdata                                   irdata       000000
__Lmediumconst                              mediumconst  000000
__LnvFARRAM                                 nvFARRAM     000000
__Lnvbit                                    nvbit        000000
__Lnvrram                                   nvrram       000000
__Lparam                                    rparam       000000
__Lpowerup                                  powerup      00000E
__Lram                                      ram          000000
__Lramtop                                   ramtop       000800
__Lrbit                                     rbit         000000
__Lrbss                                     rbss         000000
__Lrdata                                    rdata        000000
__Lreset_vec                                reset_vec    000000
__Lrparam                                   rparam       000000
__Lsfr                                      sfr          000000
__Lsmallconst                               smallconst   000800
__Lspace_0                                  (abs)        000000
__Lspace_1                                  (abs)        000000
__Lspace_2                                  (abs)        000000
__Lstack                                    stack        000000
__Lstruct                                   struct       000000
__Ltemp                                     temp         000054
__Ltext                                     text         000000
__Ltext0                                    text0        000000
__Ltext1                                    text1        000000
__Ltext10                                   text10       000000
__Ltext11                                   text11       000000
__Ltext12                                   text12       000000
__Ltext13                                   text13       000000
__Ltext14                                   text14       000000
__Ltext15                                   text15       000000
__Ltext16                                   text16       000000
__Ltext17                                   text17       000000
__Ltext18                                   text18       000000
__Ltext19                                   text19       000000
__Ltext2                                    text2        000000
__Ltext20                                   text20       000000
__Ltext21                                   text21       000000
__Ltext22                                   text22       000000
__Ltext23                                   text23       000000
__Ltext24                                   text24       000000
__Ltext25                                   text25       000000
__Ltext26                                   text26       000000
__Ltext27                                   text27       000000
__Ltext28                                   text28       000000
__Ltext29                                   text29       000000
__Ltext3                                    text3        000000
__Ltext30                                   text30       000000
__Ltext31                                   text31       000000
__Ltext32                                   text32       000000
__Ltext33                                   text33       000000
__Ltext34                                   text34       000000
__Ltext35                                   text35       000000
__Ltext36                                   text36       000000
__Ltext38                                   text38       000000
__Ltext39                                   text39       000000
__Ltext4                                    text4        000000
__Ltext40                                   text40       000000
__Ltext41                                   text41       000000
__Ltext42                                   text42       000000
__Ltext43                                   text43       000000
__Ltext44                                   text44       000000
__Ltext45                                   text45       000000
__Ltext46                                   text46       000000
__Ltext47                                   text47       000000
__Ltext48                                   text48       000000
__Ltext49                                   text49       000000
__Ltext5                                    text5        000000
__Ltext50                                   text50       000000
__Ltext51                                   text51       000000
__Ltext52                                   text52       000000
__Ltext53                                   text53       000000
__Ltext54                                   text54       000000
__Ltext55                                   text55       000000
__Ltext56                                   text56       000000
__Ltext57                                   text57       000000
__Ltext58                                   text58       000000
__Ltext59                                   text59       000000
__Ltext6                                    text6        000000
__Ltext60                                   text60       000000
__Ltext61                                   text61       000000
__Ltext62                                   text62       000000
__Ltext63                                   text63       000000
__Ltext64                                   text64       000000
__Ltext65                                   text65       000000
__Ltext66                                   text66       000000
__Ltext7                                    text7        000000
__Ltext8                                    text8        000000
__Ltext9                                    text9        000000
__S0                                        (abs)        30000E
__S1                                        (abs)        000106
__S2                                        (abs)        000000
___inthi_sp                                 stack        000000
___intlo_sp                                 stack        000000
___param_bank                               (abs)        000000
___rparam_used                              (abs)        000001
___sp                                       stack        000000
__accesstop                                 (abs)        000060
__activetblptr                              (abs)        000002
__end_of_CDCInitEP                          text28       003B26
__end_of_CDCTxService                       text3        001566
__end_of_USBCheckCDCRequest                 text27       002CBA
__end_of_USBCheckStdRequest                 text20       002664
__end_of_USBConfigureEndpoint               text31       00359A
__end_of_USBCtrlEPAllowDataStage            text19       003648
__end_of_USBCtrlEPAllowStatusStage          text34       0030B2
__end_of_USBCtrlEPService                   text15       003430
__end_of_USBCtrlEPServiceComplete           text18       00203E
__end_of_USBCtrlTrfInHandler                text35       002BB6
__end_of_USBCtrlTrfOutHandler               text32       003A4A
__end_of_USBCtrlTrfRxService                text33       001EFC
__end_of_USBCtrlTrfSetupHandler             text17       003834
__end_of_USBCtrlTrfTxService                text36       002890
__end_of_USBDeviceAttach                    text7        003F34
__end_of_USBDeviceInit                      text14       001C6E
__end_of_USBDeviceTasks                     text9        0011A6
__end_of_USBEnableEndpoint                  text30       003DBE
__end_of_USBIncrement1msInternalTimers      text13       004022
__end_of_USBStallHandler                    text12       003CB0
__end_of_USBStdFeatureReqHandler            text25       000C2C
__end_of_USBStdGetDscHandler                text24       0019C0
__end_of_USBStdGetStatusHandler             text23       002AAE
__end_of_USBStdSetCfgHandler                text21       003290
__end_of_USBSuspend                         text11       0040B4
__end_of_USBTransferOnePacket               text29       002180
__end_of_USBWakeFromSuspend                 text10       003F76
__end_of_USB_CD_Ptr                         smallconst   000809
__end_of_USB_SD_Ptr                         smallconst   000807
__end_of_USER_USB_CALLBACK_EVENT_HANDLER    text26       00394E
__end_of__initialization                    cinit        003EE4
__end_of_configDescriptor1                  smallconst   00084C
__end_of_debounceDelay                      text8        003C50
__end_of_device_dsc                         smallconst   0008A4
__end_of_initUSBLib                         text6        004146
__end_of_isUSBReady                         text5        003FEE
__end_of_main                               text0        003B8C
__end_of_mainISR                            intcode_body 003D6A
__end_of_memcpy                             text16       003E10
__end_of_memset                             text22       0016DE
__end_of_processUSBTasks                    text38       004086
__end_of_putUSBUSART                        text2        00410E
__end_of_readButtonAsm                      text4        004150
__end_of_sd000                              smallconst   0008A8
__end_of_sd001                              smallconst   000872
__end_of_sd002                              smallconst   000892
__end_of_sendFlap                           text1        004138
__end_ofi2_CDCInitEP                        text58       003BF0
__end_ofi2_USBCheckCDCRequest               text57       002FC2
__end_ofi2_USBCheckStdRequest               text50       002780
__end_ofi2_USBConfigureEndpoint             text61       0037A2
__end_ofi2_USBCtrlEPAllowDataStage          text49       0036F6
__end_ofi2_USBCtrlEPAllowStatusStage        text64       0031A2
__end_ofi2_USBCtrlEPService                 text45       0034EA
__end_ofi2_USBCtrlEPServiceComplete         text48       0022C2
__end_ofi2_USBCtrlTrfInHandler              text65       002DBE
__end_ofi2_USBCtrlTrfOutHandler             text62       003ABE
__end_ofi2_USBCtrlTrfRxService              text63       002404
__end_ofi2_USBCtrlTrfSetupHandler           text47       0038C4
__end_ofi2_USBCtrlTrfTxService              text66       0029A0
__end_ofi2_USBDeviceInit                    text44       001DB8
__end_ofi2_USBDeviceTasks                   text39       0013CE
__end_ofi2_USBEnableEndpoint                text60       003EAC
__end_ofi2_USBIncrement1msInternalTimers    text43       004056
__end_ofi2_USBStallHandler                  text42       003D10
__end_ofi2_USBStdFeatureReqHandler          text55       000F78
__end_ofi2_USBStdGetDscHandler              text54       001B20
__end_ofi2_USBStdGetStatusHandler           text53       002EC0
__end_ofi2_USBStdSetCfgHandler              text51       003376
__end_ofi2_USBSuspend                       text41       0040E2
__end_ofi2_USBTransferOnePacket             text59       002542
__end_ofi2_USBWakeFromSuspend               text40       003FB6
__end_ofi2_USER_USB_CALLBACK_EVENT_HANDLER  text56       0039D6
__end_ofi2_memcpy                           text46       003E60
__end_ofi2_memset                           text52       001854
__initialization                            cinit        003EAC
__mediumconst                               mediumconst  000000
__pbssBANK0                                 bssBANK0     000060
__pbssCOMRAM                                bssCOMRAM    000001
__pcinit                                    cinit        003EAC
__pcstackBANK0                              cstackBANK0  0000DF
__pcstackBANK1                              cstackBANK1  000100
__pcstackCOMRAM                             cstackCOMRAM 00002B
__pdataBANK0                                dataBANK0    0000F9
__pidataBANK0                               idataBANK0   004150
__pintcode                                  intcode      000008
__pintcode_body                             intcode_body 003D10
__psmallconst                               smallconst   000800
__ptext0                                    text0        003B26
__ptext1                                    text1        00410E
__ptext10                                   text10       003F34
__ptext11                                   text11       004086
__ptext12                                   text12       003C50
__ptext13                                   text13       003FEE
__ptext14                                   text14       001B20
__ptext15                                   text15       003376
__ptext16                                   text16       003DBE
__ptext17                                   text17       0037A2
__ptext18                                   text18       001EFC
__ptext19                                   text19       00359A
__ptext2                                    text2        0040E2
__ptext20                                   text20       002542
__ptext21                                   text21       0031A2
__ptext22                                   text22       001566
__ptext23                                   text23       0029A0
__ptext24                                   text24       001854
__ptext25                                   text25       0008AA
__ptext26                                   text26       0038C4
__ptext27                                   text27       002BB6
__ptext28                                   text28       003ABE
__ptext29                                   text29       00203E
__ptext3                                    text3        0013CE
__ptext30                                   text30       003D6A
__ptext31                                   text31       0034EA
__ptext32                                   text32       0039D6
__ptext33                                   text33       001DB8
__ptext34                                   text34       002FC2
__ptext35                                   text35       002AAE
__ptext36                                   text36       002780
__ptext38                                   text38       004056
__ptext39                                   text39       0011A6
__ptext4                                    text4        004146
__ptext40                                   text40       003F76
__ptext41                                   text41       0040B4
__ptext42                                   text42       003CB0
__ptext43                                   text43       004022
__ptext44                                   text44       001C6E
__ptext45                                   text45       003430
__ptext46                                   text46       003E10
__ptext47                                   text47       003834
__ptext48                                   text48       002180
__ptext49                                   text49       003648
__ptext5                                    text5        003FB6
__ptext50                                   text50       002664
__ptext51                                   text51       003290
__ptext52                                   text52       0016DE
__ptext53                                   text53       002DBE
__ptext54                                   text54       0019C0
__ptext55                                   text55       000C2C
__ptext56                                   text56       00394E
__ptext57                                   text57       002EC0
__ptext58                                   text58       003B8C
__ptext59                                   text59       002404
__ptext6                                    text6        004138
__ptext60                                   text60       003E60
__ptext61                                   text61       0036F6
__ptext62                                   text62       003A4A
__ptext63                                   text63       0022C2
__ptext64                                   text64       0030B2
__ptext65                                   text65       002CBA
__ptext66                                   text66       002890
__ptext7                                    text7        003EF2
__ptext8                                    text8        003BF0
__ptext9                                    text9        000F78
__ramtop                                    ramtop       000800
__size_of_CDCInitEP                         (abs)        000000
__size_of_CDCTxService                      (abs)        000000
__size_of_USBCheckCDCRequest                (abs)        000000
__size_of_USBCheckStdRequest                (abs)        000000
__size_of_USBConfigureEndpoint              (abs)        000000
__size_of_USBCtrlEPAllowDataStage           (abs)        000000
__size_of_USBCtrlEPAllowStatusStage         (abs)        000000
__size_of_USBCtrlEPService                  (abs)        000000
__size_of_USBCtrlEPServiceComplete          (abs)        000000
__size_of_USBCtrlTrfInHandler               (abs)        000000
__size_of_USBCtrlTrfOutHandler              (abs)        000000
__size_of_USBCtrlTrfRxService               (abs)        000000
__size_of_USBCtrlTrfSetupHandler            (abs)        000000
__size_of_USBCtrlTrfTxService               (abs)        000000
__size_of_USBDeviceAttach                   (abs)        000000
__size_of_USBDeviceInit                     (abs)        000000
__size_of_USBDeviceTasks                    (abs)        000000
__size_of_USBEnableEndpoint                 (abs)        000000
__size_of_USBIncrement1msInternalTimers     (abs)        000000
__size_of_USBStallHandler                   (abs)        000000
__size_of_USBStdFeatureReqHandler           (abs)        000000
__size_of_USBStdGetDscHandler               (abs)        000000
__size_of_USBStdGetStatusHandler            (abs)        000000
__size_of_USBStdSetCfgHandler               (abs)        000000
__size_of_USBSuspend                        (abs)        000000
__size_of_USBTransferOnePacket              (abs)        000000
__size_of_USBWakeFromSuspend                (abs)        000000
__size_of_USER_USB_CALLBACK_EVENT_HANDLER   (abs)        000000
__size_of_debounceDelay                     (abs)        000000
__size_of_initUSBLib                        (abs)        000000
__size_of_isUSBReady                        (abs)        000000
__size_of_main                              (abs)        000000
__size_of_mainISR                           (abs)        000000
__size_of_memcpy                            (abs)        000000
__size_of_memset                            (abs)        000000
__size_of_processUSBTasks                   (abs)        000000
__size_of_putUSBUSART                       (abs)        000000
__size_of_readButtonAsm                     (abs)        000000
__size_of_sendFlap                          (abs)        000000
__size_ofi2_CDCInitEP                       (abs)        000000
__size_ofi2_USBCheckCDCRequest              (abs)        000000
__size_ofi2_USBCheckStdRequest              (abs)        000000
__size_ofi2_USBConfigureEndpoint            (abs)        000000
__size_ofi2_USBCtrlEPAllowDataStage         (abs)        000000
__size_ofi2_USBCtrlEPAllowStatusStage       (abs)        000000
__size_ofi2_USBCtrlEPService                (abs)        000000
__size_ofi2_USBCtrlEPServiceComplete        (abs)        000000
__size_ofi2_USBCtrlTrfInHandler             (abs)        000000
__size_ofi2_USBCtrlTrfOutHandler            (abs)        000000
__size_ofi2_USBCtrlTrfRxService             (abs)        000000
__size_ofi2_USBCtrlTrfSetupHandler          (abs)        000000
__size_ofi2_USBCtrlTrfTxService             (abs)        000000
__size_ofi2_USBDeviceInit                   (abs)        000000
__size_ofi2_USBDeviceTasks                  (abs)        000000
__size_ofi2_USBEnableEndpoint               (abs)        000000
__size_ofi2_USBIncrement1msInternalTimers   (abs)        000000
__size_ofi2_USBStallHandler                 (abs)        000000
__size_ofi2_USBStdFeatureReqHandler         (abs)        000000
__size_ofi2_USBStdGetDscHandler             (abs)        000000
__size_ofi2_USBStdGetStatusHandler          (abs)        000000
__size_ofi2_USBStdSetCfgHandler             (abs)        000000
__size_ofi2_USBSuspend                      (abs)        000000
__size_ofi2_USBTransferOnePacket            (abs)        000000
__size_ofi2_USBWakeFromSuspend              (abs)        000000
__size_ofi2_USER_USB_CALLBACK_EVENT_HANDLER (abs)        000000
__size_ofi2_memcpy                          (abs)        000000
__size_ofi2_memset                          (abs)        000000
__smallconst                                smallconst   000800
_cdc_data_rx                                (abs)        000540
_cdc_data_tx                                (abs)        000500
_cdc_mem_type                               bssBANK0     0000C5
_cdc_notice                                 bssBANK0     0000A0
_cdc_rx_len                                 bssBANK0     0000C7
_cdc_trf_state                              bssCOMRAM    00001F
_cdc_tx_len                                 bssBANK0     0000C6
_configDescriptor1                          smallconst   000809
_controlTransferState                       bssCOMRAM    000027
_control_signal_bitmap                      bssBANK0     0000C4
_debounceDelay                              text8        003BF0
_device_dsc                                 smallconst   000892
_dummy_encapsulated_cmd_response            bssBANK0     0000CD
_endpoint_number                            bssBANK0     0000CB
_ep_data_in                                 bssCOMRAM    000018
_ep_data_out                                bssCOMRAM    000015
_inPipes                                    bssCOMRAM    000009
_initUSBLib                                 text6        004138
_isUSBReady                                 text5        003FB6
_isUSBReady$349                             cstackBANK0  0000DF
_line_coding                                bssBANK0     0000D5
_main                                       text0        003B26
_mainISR                                    intcode      000008
_memcpy                                     text16       003DBE
_memset                                     text22       001566
_outPipes                                   bssCOMRAM    000001
_pBDTEntryEP0OutCurrent                     bssCOMRAM    00001D
_pBDTEntryEP0OutNext                        bssCOMRAM    00001B
_pBDTEntryIn                                bssCOMRAM    00000F
_pBDTEntryOut                               bssBANK0     0000AA
_pCDCDst                                    bssBANK0     0000B8
_pCDCSrc                                    bssBANK0     0000BB
_pDst                                       bssBANK0     0000C2
_processUSBTasks                            text38       004056
_putUSBUSART                                text2        0040E2
_readButtonAsm                              text4        004146
_result                                     bssBANK0     0000CC
_sd000                                      smallconst   0008A4
_sd001                                      smallconst   00084C
_sd002                                      smallconst   000872
_sendFlap                                   text1        00410E
_shortPacketStatus                          bssCOMRAM    000028
btemp                                       temp         000054
debounceDelay@i                             cstackBANK0  0000DF
debounceDelay@j                             cstackBANK0  0000E1
end_of_initialization                       cinit        003EE4
i2USBConfigureEndpoint@EPNum                cstackCOMRAM 000030
i2USBConfigureEndpoint@direction            cstackCOMRAM 00002B
i2USBConfigureEndpoint@handle               cstackCOMRAM 000031
i2USBCtrlTrfInHandler@lastDTS               cstackCOMRAM 00002C
i2USBCtrlTrfRxService@byteToRead            cstackCOMRAM 00002C
i2USBCtrlTrfRxService@i                     cstackCOMRAM 00002B
i2USBCtrlTrfTxService@byteToSend            cstackCOMRAM 00002B
i2USBDeviceInit@i                           cstackCOMRAM 000037
i2USBDeviceTasks@i                          cstackCOMRAM 000049
i2USBEnableEndpoint@ep                      cstackCOMRAM 000036
i2USBEnableEndpoint@options                 cstackCOMRAM 000033
i2USBEnableEndpoint@p                       cstackCOMRAM 000034
i2USBStdFeatureReqHandler@current_ep_data   cstackCOMRAM 000043
i2USBStdFeatureReqHandler@p                 cstackCOMRAM 000044
i2USBStdFeatureReqHandler@pUEP              cstackCOMRAM 000041
i2USBStdGetStatusHandler@p                  cstackCOMRAM 00002D
i2USBStdSetCfgHandler@i                     cstackCOMRAM 00003F
i2USBTransferOnePacket@data                 cstackCOMRAM 00002C
i2USBTransferOnePacket@dir                  cstackCOMRAM 00002B
i2USBTransferOnePacket@ep                   cstackCOMRAM 000033
i2USBTransferOnePacket@handle               cstackCOMRAM 000034
i2USBTransferOnePacket@len                  cstackCOMRAM 00002E
i2USER_USB_CALLBACK_EVENT_HANDLER@event     cstackCOMRAM 000037
i2USER_USB_CALLBACK_EVENT_HANDLER@pdata     cstackCOMRAM 000039
i2USER_USB_CALLBACK_EVENT_HANDLER@size      cstackCOMRAM 00003B
i2_CDCInitEP                                text58       003B8C
i2_USBCheckCDCRequest                       text57       002EC0
i2_USBCheckStdRequest                       text50       002664
i2_USBConfigureEndpoint                     text61       0036F6
i2_USBCtrlEPAllowDataStage                  text49       003648
i2_USBCtrlEPAllowStatusStage                text64       0030B2
i2_USBCtrlEPService                         text45       003430
i2_USBCtrlEPServiceComplete                 text48       002180
i2_USBCtrlTrfInHandler                      text65       002CBA
i2_USBCtrlTrfOutHandler                     text62       003A4A
i2_USBCtrlTrfRxService                      text63       0022C2
i2_USBCtrlTrfSetupHandler                   text47       003834
i2_USBCtrlTrfTxService                      text66       002890
i2_USBDeviceInit                            text44       001C6E
i2_USBDeviceTasks                           text39       0011A6
i2_USBEnableEndpoint                        text60       003E60
i2_USBIncrement1msInternalTimers            text43       004022
i2_USBStallHandler                          text42       003CB0
i2_USBStdFeatureReqHandler                  text55       000C2C
i2_USBStdGetDscHandler                      text54       0019C0
i2_USBStdGetStatusHandler                   text53       002DBE
i2_USBStdSetCfgHandler                      text51       003290
i2_USBSuspend                               text41       0040B4
i2_USBTransferOnePacket                     text59       002404
i2_USBWakeFromSuspend                       text40       003F76
i2_USER_USB_CALLBACK_EVENT_HANDLER          text56       00394E
i2_memcpy                                   text46       003E10
i2_memset                                   text52       0016DE
i2memcpy@d                                  cstackCOMRAM 000031
i2memcpy@d1                                 cstackCOMRAM 00002B
i2memcpy@n                                  cstackCOMRAM 00002F
i2memcpy@s                                  cstackCOMRAM 000033
i2memcpy@s1                                 cstackCOMRAM 00002D
i2memcpy@tmp                                cstackCOMRAM 000035
i2memset@c                                  cstackCOMRAM 00002D
i2memset@dest                               cstackCOMRAM 00002B
i2memset@k                                  cstackCOMRAM 000033
i2memset@n                                  cstackCOMRAM 00002F
i2memset@s                                  cstackCOMRAM 000035
int$flags                                   temp         000054
int_func                                    intcode_body 003D10
intlevel0                                   text         000000
intlevel1                                   text         000000
intlevel2                                   text         000000
intlevel3                                   text         000000
main@btn_state                              cstackBANK1  000105
memcpy@d                                    cstackBANK0  0000E6
memcpy@d1                                   cstackBANK0  0000DF
memcpy@n                                    cstackBANK0  0000E3
memcpy@s                                    cstackBANK0  0000E8
memcpy@s1                                   cstackBANK0  0000E1
memcpy@tmp                                  cstackBANK0  0000E5
memset@c                                    cstackBANK0  0000E1
memset@dest                                 cstackBANK0  0000DF
memset@k                                    cstackBANK0  0000E7
memset@n                                    cstackBANK0  0000E3
memset@s                                    cstackBANK0  0000E9
putUSBUSART@data                            cstackBANK0  0000DF
putUSBUSART@length                          cstackBANK0  0000E1
sendFlap@F3958                              dataBANK0    0000F9
sendFlap@msg                                cstackBANK0  0000EC
stackhi                                     (abs)        0003FF
stacklo                                     (abs)        000106
start                                       init         00000E
start_initialization                        cinit        003EAC
ttemp5                                      temp         000055
ttemp6                                      temp         000058
ttemp7                                      temp         00005C
wtemp8                                      temp         000055


FUNCTION INFORMATION:

 *************** function _main *****************
 Defined at:
		line 22 in file "main.c"
 Parameters:    Size  Location     Type
		None
 Auto vars:     Size  Location     Type
  btn_state       1    5[BANK1 ] unsigned char 
 Return value:  Size  Location     Type
                  1    wreg      void 
 Registers used:
		wreg, fsr1l, fsr1h, fsr2l, fsr2h, status,2, status,0, tblptrl, tblptrh, tblptru, prodl, prodh, cstack
 Tracked objects:
		On entry : 
		On exit  : 
		Unchanged: 
 Data sizes:     COMRAM   BANK0   BANK1   BANK2   BANK3  BANK4h  BANK4l   BANK5   BANK6   BANK7
      Params:         0       0       0       0       0       0       0       0       0       0
      Locals:         0       0       1       0       0       0       0       0       0       0
      Temps:          0       0       0       0       0       0       0       0       0       0
      Totals:         0       0       1       0       0       0       0       0       0       0
Total ram usage:        1 bytes
 Hardware stack levels required when called:   20
 This function calls:
		_USBDeviceTasks
		_debounceDelay
		_initUSBLib
		_isUSBReady
		_readButtonAsm
		_sendFlap
 This function is called by:
		Startup code after reset
 This function uses a non-reentrant model


 *************** function _sendFlap *****************
 Defined at:
		line 50 in file "main.c"
 Parameters:    Size  Location     Type
		None
 Auto vars:     Size  Location     Type
  msg             7   13[BANK0 ] unsigned char [7]
 Return value:  Size  Location     Type
                  1    wreg      void 
 Registers used:
		wreg, fsr1l, fsr1h, fsr2l, fsr2h, status,2, status,0, prodl, prodh, cstack
 Tracked objects:
		On entry : 
		On exit  : 
		Unchanged: 
 Data sizes:     COMRAM   BANK0   BANK1   BANK2   BANK3  BANK4h  BANK4l   BANK5   BANK6   BANK7
      Params:         0       0       0       0       0       0       0       0       0       0
      Locals:         0       7       0       0       0       0       0       0       0       0
      Temps:          0       0       0       0       0       0       0       0       0       0
      Totals:         0       7       0       0       0       0       0       0       0       0
Total ram usage:        7 bytes
 Hardware stack levels used:    1
 Hardware stack levels required when called:   13
 This function calls:
		_CDCTxService
		_putUSBUSART
 This function is called by:
		_main
 This function uses a non-reentrant model


 *************** function _putUSBUSART *****************
 Defined at:
		line 556 in file "usb_device_cdc.c"
 Parameters:    Size  Location     Type
  data            2    0[BANK0 ] PTR unsigned char 
		 -> sendFlap@msg(7), 
  length          1    2[BANK0 ] unsigned char 
 Auto vars:     Size  Location     Type
		None
 Return value:  Size  Location     Type
                  1    wreg      void 
 Registers used:
		wreg, status,2, status,0
 Tracked objects:
		On entry : 
		On exit  : 
		Unchanged: 
 Data sizes:     COMRAM   BANK0   BANK1   BANK2   BANK3  BANK4h  BANK4l   BANK5   BANK6   BANK7
      Params:         0       3       0       0       0       0       0       0       0       0
      Locals:         0       0       0       0       0       0       0       0       0       0
      Temps:          0       0       0       0       0       0       0       0       0       0
      Totals:         0       3       0       0       0       0       0       0       0       0
Total ram usage:        3 bytes
 Hardware stack levels used:    1
 Hardware stack levels required when called:   11
 This function calls:
		Nothing
 This function is called by:
		_sendFlap
 This function uses a non-reentrant model


 *************** function _CDCTxService *****************
 Defined at:
		line 836 in file "usb_device_cdc.c"
 Parameters:    Size  Location     Type
		None
 Auto vars:     Size  Location     Type
  byte_to_send    1   12[BANK0 ] unsigned char 
  i               1   11[BANK0 ] unsigned char 
 Return value:  Size  Location     Type
                  1    wreg      void 
 Registers used:
		wreg, fsr1l, fsr1h, fsr2l, fsr2h, status,2, status,0, prodl, prodh, cstack
 Tracked objects:
		On entry : 
		On exit  : 
		Unchanged: 
 Data sizes:     COMRAM   BANK0   BANK1   BANK2   BANK3  BANK4h  BANK4l   BANK5   BANK6   BANK7
      Params:         0       0       0       0       0       0       0       0       0       0
      Locals:         0       2       0       0       0       0       0       0       0       0
      Temps:          0       0       0       0       0       0       0       0       0       0
      Totals:         0       2       0       0       0       0       0       0       0       0
Total ram usage:        2 bytes
 Hardware stack levels used:    1
 Hardware stack levels required when called:   12
 This function calls:
		_USBTransferOnePacket
 This function is called by:
		_sendFlap
 This function uses a non-reentrant model


 *************** function _readButtonAsm *****************
 Defined at:
		line 58 in file "main.c"
 Parameters:    Size  Location     Type
		None
 Auto vars:     Size  Location     Type
		None
 Return value:  Size  Location     Type
                  1    wreg      unsigned char 
 Registers used:
		None
 Tracked objects:
		On entry : 
		On exit  : 
		Unchanged: 
 Data sizes:     COMRAM   BANK0   BANK1   BANK2   BANK3  BANK4h  BANK4l   BANK5   BANK6   BANK7
      Params:         0       0       0       0       0       0       0       0       0       0
      Locals:         0       0       0       0       0       0       0       0       0       0
      Temps:          0       0       0       0       0       0       0       0       0       0
      Totals:         0       0       0       0       0       0       0       0       0       0
Total ram usage:        0 bytes
 Hardware stack levels used:    1
 Hardware stack levels required when called:   11
 This function calls:
		Nothing
 This function is called by:
		_main
 This function uses a non-reentrant model


 *************** function _isUSBReady *****************
 Defined at:
		line 31 in file "usb_cdc_lib.c"
 Parameters:    Size  Location     Type
		None
 Auto vars:     Size  Location     Type
		None
 Return value:  Size  Location     Type
                  1    wreg      unsigned char 
 Registers used:
		wreg, status,2, status,0
 Tracked objects:
		On entry : 
		On exit  : 
		Unchanged: 
 Data sizes:     COMRAM   BANK0   BANK1   BANK2   BANK3  BANK4h  BANK4l   BANK5   BANK6   BANK7
      Params:         0       0       0       0       0       0       0       0       0       0
      Locals:         0       2       0       0       0       0       0       0       0       0
      Temps:          0       0       0       0       0       0       0       0       0       0
      Totals:         0       2       0       0       0       0       0       0       0       0
Total ram usage:        2 bytes
 Hardware stack levels used:    1
 Hardware stack levels required when called:   11
 This function calls:
		Nothing
 This function is called by:
		_main
 This function uses a non-reentrant model


 *************** function _initUSBLib *****************
 Defined at:
		line 10 in file "usb_cdc_lib.c"
 Parameters:    Size  Location     Type
		None
 Auto vars:     Size  Location     Type
		None
 Return value:  Size  Location     Type
                  1    wreg      void 
 Registers used:
		wreg, fsr2l, fsr2h, status,2, status,0, prodl, prodh, cstack
 Tracked objects:
		On entry : 
		On exit  : 
		Unchanged: 
 Data sizes:     COMRAM   BANK0   BANK1   BANK2   BANK3  BANK4h  BANK4l   BANK5   BANK6   BANK7
      Params:         0       0       0       0       0       0       0       0       0       0
      Locals:         0       0       0       0       0       0       0       0       0       0
      Temps:          0       0       0       0       0       0       0       0       0       0
      Totals:         0       0       0       0       0       0       0       0       0       0
Total ram usage:        0 bytes
 Hardware stack levels used:    1
 Hardware stack levels required when called:   13
 This function calls:
		_USBDeviceAttach
		_USBDeviceInit
 This function is called by:
		_main
 This function uses a non-reentrant model


 *************** function _USBDeviceAttach *****************
 Defined at:
		line 1358 in file "usb_device.c"
 Parameters:    Size  Location     Type
		None
 Auto vars:     Size  Location     Type
		None
 Return value:  Size  Location     Type
                  1    wreg      void 
 Registers used:
		wreg, status,2
 Tracked objects:
		On entry : 
		On exit  : 
		Unchanged: 
 Data sizes:     COMRAM   BANK0   BANK1   BANK2   BANK3  BANK4h  BANK4l   BANK5   BANK6   BANK7
      Params:         0       0       0       0       0       0       0       0       0       0
      Locals:         0       0       0       0       0       0       0       0       0       0
      Temps:          0       0       0       0       0       0       0       0       0       0
      Totals:         0       0       0       0       0       0       0       0       0       0
Total ram usage:        0 bytes
 Hardware stack levels used:    1
 Hardware stack levels required when called:   11
 This function calls:
[...]
		wreg, fsr2l, fsr2h, status,2, status,0, prodl, prodh, cstack
 Tracked objects:
		On entry : 
		On exit  : 
		Unchanged: 
 Data sizes:     COMRAM   BANK0   BANK1   BANK2   BANK3  BANK4h  BANK4l   BANK5   BANK6   BANK7
      Params:         0       0       0       0       0       0       0       0       0       0
      Locals:         5       0       0       0       0       0       0       0       0       0
      Temps:          2       0       0       0       0       0       0       0       0       0
      Totals:         7       0       0       0       0       0       0       0       0       0
Total ram usage:        7 bytes
 Hardware stack levels used:    1
 Hardware stack levels required when called:    4
 This function calls:
		i2_USER_USB_CALLBACK_EVENT_HANDLER
 This function is called by:
		i2_USBCheckStdRequest
 This function uses a non-reentrant model


 *************** function i2_USER_USB_CALLBACK_EVENT_HANDLER *****************
 Defined at:
		line 49 in file "usb_device_events.c"
 Parameters:    Size  Location     Type
  event           2   12[COMRAM] enum E44
  pdata           2   14[COMRAM] PTR void 
		 -> RAM(2047), USTATcopy(1), USBActiveConfiguration(1), NULL(0), 
		 -> BDT(48), 
  size            2   16[COMRAM] unsigned short 
 Auto vars:     Size  Location     Type
		None
 Return value:  Size  Location     Type
                  1    wreg      _Bool 
 Registers used:
		wreg, fsr2l, fsr2h, status,2, status,0, prodl, prodh, cstack
 Tracked objects:
		On entry : 
		On exit  : 
		Unchanged: 
 Data sizes:     COMRAM   BANK0   BANK1   BANK2   BANK3  BANK4h  BANK4l   BANK5   BANK6   BANK7
      Params:         6       0       0       0       0       0       0       0       0       0
      Locals:         0       0       0       0       0       0       0       0       0       0
      Temps:          2       0       0       0       0       0       0       0       0       0
      Totals:         8       0       0       0       0       0       0       0       0       0
Total ram usage:        8 bytes
 Hardware stack levels used:    1
 Hardware stack levels required when called:    3
 This function calls:
		i2_CDCInitEP
		i2_USBCheckCDCRequest
 This function is called by:
		i2_USBDeviceTasks
		i2_USBStdSetCfgHandler
		i2_USBSuspend
		i2_USBWakeFromSuspend
		i2_USBCtrlTrfSetupHandler
		i2_USBCheckStdRequest
		i2_USBStdFeatureReqHandler
 This function uses a non-reentrant model


 *************** function i2_USBCheckCDCRequest *****************
 Defined at:
		line 147 in file "usb_device_cdc.c"
 Parameters:    Size  Location     Type
		None
 Auto vars:     Size  Location     Type
		None
 Return value:  Size  Location     Type
                  1    wreg      void 
 Registers used:
		wreg, status,2, status,0
 Tracked objects:
		On entry : 
		On exit  : 
		Unchanged: 
 Data sizes:     COMRAM   BANK0   BANK1   BANK2   BANK3  BANK4h  BANK4l   BANK5   BANK6   BANK7
      Params:         0       0       0       0       0       0       0       0       0       0
      Locals:         0       0       0       0       0       0       0       0       0       0
      Temps:          2       0       0       0       0       0       0       0       0       0
      Totals:         2       0       0       0       0       0       0       0       0       0
Total ram usage:        2 bytes
 Hardware stack levels used:    1
 This function calls:
		Nothing
 This function is called by:
		i2_USER_USB_CALLBACK_EVENT_HANDLER
 This function uses a non-reentrant model


 *************** function i2_CDCInitEP *****************
 Defined at:
		line 294 in file "usb_device_cdc.c"
 Parameters:    Size  Location     Type
		None
 Auto vars:     Size  Location     Type
		None
 Return value:  Size  Location     Type
                  1    wreg      void 
 Registers used:
		wreg, fsr2l, fsr2h, status,2, status,0, prodl, prodh, cstack
 Tracked objects:
		On entry : 
		On exit  : 
		Unchanged: 
 Data sizes:     COMRAM   BANK0   BANK1   BANK2   BANK3  BANK4h  BANK4l   BANK5   BANK6   BANK7
      Params:         0       0       0       0       0       0       0       0       0       0
      Locals:         0       0       0       0       0       0       0       0       0       0
      Temps:          0       0       0       0       0       0       0       0       0       0
      Totals:         0       0       0       0       0       0       0       0       0       0
Total ram usage:        0 bytes
 Hardware stack levels used:    1
 Hardware stack levels required when called:    2
 This function calls:
		i2_USBEnableEndpoint
		i2_USBTransferOnePacket
 This function is called by:
		i2_USER_USB_CALLBACK_EVENT_HANDLER
 This function uses a non-reentrant model


 *************** function i2_USBTransferOnePacket *****************
 Defined at:
		line 1001 in file "usb_device.c"
 Parameters:    Size  Location     Type
  ep              1    wreg     unsigned char 
  dir             1    0[COMRAM] unsigned char 
  data            2    1[COMRAM] PTR unsigned char 
		 -> cdc_data_tx(64), cdc_data_rx(64), NULL(0), 
  len             1    3[COMRAM] unsigned char 
 Auto vars:     Size  Location     Type
  ep              1    8[COMRAM] unsigned char 
  USBTransferO    2    9[COMRAM] PTR volatile struct __BD
		 -> RAM(2047), NULL(0), BDT(48), 
 Return value:  Size  Location     Type
                  2    0[COMRAM] PTR void 
 Registers used:
		wreg, fsr2l, fsr2h, status,2, status,0, prodl, prodh
 Tracked objects:
		On entry : 
		On exit  : 
		Unchanged: 
 Data sizes:     COMRAM   BANK0   BANK1   BANK2   BANK3  BANK4h  BANK4l   BANK5   BANK6   BANK7
      Params:         4       0       0       0       0       0       0       0       0       0
      Locals:         3       0       0       0       0       0       0       0       0       0
      Temps:          4       0       0       0       0       0       0       0       0       0
      Totals:        11       0       0       0       0       0       0       0       0       0
Total ram usage:       11 bytes
 Hardware stack levels used:    1
 This function calls:
		Nothing
 This function is called by:
		i2_CDCInitEP
 This function uses a non-reentrant model


 *************** function i2_USBEnableEndpoint *****************
 Defined at:
		line 884 in file "usb_device.c"
 Parameters:    Size  Location     Type
  ep              1    wreg     unsigned char 
  options         1    8[COMRAM] unsigned char 
 Auto vars:     Size  Location     Type
  ep              1   11[COMRAM] unsigned char 
  USBEnableEnd    2    9[COMRAM] PTR unsigned char 
		 -> UEP0(1), 
 Return value:  Size  Location     Type
                  1    wreg      void 
 Registers used:
		wreg, fsr2l, fsr2h, status,2, status,0, prodl, prodh, cstack
 Tracked objects:
		On entry : 
		On exit  : 
		Unchanged: 
 Data sizes:     COMRAM   BANK0   BANK1   BANK2   BANK3  BANK4h  BANK4l   BANK5   BANK6   BANK7
      Params:         1       0       0       0       0       0       0       0       0       0
      Locals:         3       0       0       0       0       0       0       0       0       0
      Temps:          0       0       0       0       0       0       0       0       0       0
      Totals:         4       0       0       0       0       0       0       0       0       0
Total ram usage:        4 bytes
 Hardware stack levels used:    1
 Hardware stack levels required when called:    1
 This function calls:
		i2_USBConfigureEndpoint
 This function is called by:
		i2_CDCInitEP
 This function uses a non-reentrant model


 *************** function i2_USBConfigureEndpoint *****************
 Defined at:
		line 1549 in file "usb_device.c"
 Parameters:    Size  Location     Type
  EPNum           1    wreg     unsigned char 
  direction       1    0[COMRAM] unsigned char 
 Auto vars:     Size  Location     Type
  EPNum           1    5[COMRAM] unsigned char 
  USBConfigure    2    6[COMRAM] PTR volatile struct __BD
		 -> BDT(48), 
 Return value:  Size  Location     Type
                  1    wreg      void 
 Registers used:
		wreg, fsr2l, fsr2h, status,2, status,0, prodl, prodh
 Tracked objects:
		On entry : 
		On exit  : 
		Unchanged: 
 Data sizes:     COMRAM   BANK0   BANK1   BANK2   BANK3  BANK4h  BANK4l   BANK5   BANK6   BANK7
      Params:         1       0       0       0       0       0       0       0       0       0
      Locals:         3       0       0       0       0       0       0       0       0       0
      Temps:          4       0       0       0       0       0       0       0       0       0
      Totals:         8       0       0       0       0       0       0       0       0       0
Total ram usage:        8 bytes
 Hardware stack levels used:    1
 This function calls:
		Nothing
 This function is called by:
		i2_USBEnableEndpoint
 This function uses a non-reentrant model


 *************** function i2_USBCtrlTrfOutHandler *****************
 Defined at:
		line 2544 in file "usb_device.c"
 Parameters:    Size  Location     Type
		None
 Auto vars:     Size  Location     Type
		None
 Return value:  Size  Location     Type
                  1    wreg      void 
 Registers used:
		wreg, fsr1l, fsr1h, fsr2l, fsr2h, status,2, status,0, cstack
 Tracked objects:
		On entry : 
		On exit  : 
		Unchanged: 
 Data sizes:     COMRAM   BANK0   BANK1   BANK2   BANK3  BANK4h  BANK4l   BANK5   BANK6   BANK7
      Params:         0       0       0       0       0       0       0       0       0       0
      Locals:         0       0       0       0       0       0       0       0       0       0
      Temps:          0       0       0       0       0       0       0       0       0       0
      Totals:         0       0       0       0       0       0       0       0       0       0
Total ram usage:        0 bytes
 Hardware stack levels used:    1
 Hardware stack levels required when called:    2
 This function calls:
		i2_USBCtrlTrfRxService
 This function is called by:
		i2_USBCtrlEPService
 This function uses a non-reentrant model


 *************** function i2_USBCtrlTrfRxService *****************
 Defined at:
		line 1858 in file "usb_device.c"
 Parameters:    Size  Location     Type
		None
 Auto vars:     Size  Location     Type
  USBCtrlTrfRx    1    1[COMRAM] unsigned char 
  USBCtrlTrfRx    1    0[COMRAM] unsigned char 
 Return value:  Size  Location     Type
                  1    wreg      void 
 Registers used:
		wreg, fsr1l, fsr1h, fsr2l, fsr2h, status,2, status,0, cstack
 Tracked objects:
		On entry : 
		On exit  : 
		Unchanged: 
 Data sizes:     COMRAM   BANK0   BANK1   BANK2   BANK3  BANK4h  BANK4l   BANK5   BANK6   BANK7
      Params:         0       0       0       0       0       0       0       0       0       0
      Locals:         2       0       0       0       0       0       0       0       0       0
      Temps:          0       0       0       0       0       0       0       0       0       0
      Totals:         2       0       0       0       0       0       0       0       0       0
Total ram usage:        2 bytes
 Hardware stack levels used:    1
 Hardware stack levels required when called:    1
 This function calls:
		i2_USBCtrlEPAllowStatusStage
 This function is called by:
		i2_USBCtrlTrfOutHandler
 This function uses a non-reentrant model


 *************** function i2_USBCtrlEPAllowStatusStage *****************
 Defined at:
		line 1422 in file "usb_device.c"
 Parameters:    Size  Location     Type
		None
 Auto vars:     Size  Location     Type
		None
 Return value:  Size  Location     Type
                  1    wreg      void 
 Registers used:
		wreg, fsr2l, fsr2h, status,2, status,0
 Tracked objects:
		On entry : 
		On exit  : 
		Unchanged: 
 Data sizes:     COMRAM   BANK0   BANK1   BANK2   BANK3  BANK4h  BANK4l   BANK5   BANK6   BANK7
      Params:         0       0       0       0       0       0       0       0       0       0
      Locals:         0       0       0       0       0       0       0       0       0       0
      Temps:          0       0       0       0       0       0       0       0       0       0
      Totals:         0       0       0       0       0       0       0       0       0       0
Total ram usage:        0 bytes
 Hardware stack levels used:    1
 This function calls:
		Nothing
 This function is called by:
		i2_USBDeviceTasks
		i2_USBCtrlEPServiceComplete
		i2_USBCtrlTrfRxService
 This function uses a non-reentrant model


 *************** function i2_USBCtrlTrfInHandler *****************
 Defined at:
		line 2598 in file "usb_device.c"
 Parameters:    Size  Location     Type
		None
 Auto vars:     Size  Location     Type
  USBCtrlTrfIn    1    1[COMRAM] unsigned char 
 Return value:  Size  Location     Type
                  1    wreg      void 
 Registers used:
		wreg, fsr1l, fsr1h, fsr2l, fsr2h, status,2, status,0, tblptrl, tblptrh, tblptru, cstack
 Tracked objects:
		On entry : 
		On exit  : 
		Unchanged: 
 Data sizes:     COMRAM   BANK0   BANK1   BANK2   BANK3  BANK4h  BANK4l   BANK5   BANK6   BANK7
      Params:         0       0       0       0       0       0       0       0       0       0
      Locals:         1       0       0       0       0       0       0       0       0       0
      Temps:          0       0       0       0       0       0       0       0       0       0
      Totals:         1       0       0       0       0       0       0       0       0       0
Total ram usage:        1 bytes
 Hardware stack levels used:    1
 Hardware stack levels required when called:    1
 This function calls:
		i2_USBCtrlTrfTxService
 This function is called by:
		i2_USBCtrlEPService
 This function uses a non-reentrant model


 *************** function i2_USBCtrlTrfTxService *****************
 Defined at:
		line 1777 in file "usb_device.c"
 Parameters:    Size  Location     Type
		None
 Auto vars:     Size  Location     Type
  USBCtrlTrfTx    1    0[COMRAM] unsigned char 
 Return value:  Size  Location     Type
                  1    wreg      void 
 Registers used:
		wreg, fsr1l, fsr1h, fsr2l, fsr2h, status,2, status,0, tblptrl, tblptrh, tblptru
 Tracked objects:
		On entry : 
		On exit  : 
		Unchanged: 
 Data sizes:     COMRAM   BANK0   BANK1   BANK2   BANK3  BANK4h  BANK4l   BANK5   BANK6   BANK7
      Params:         0       0       0       0       0       0       0       0       0       0
      Locals:         1       0       0       0       0       0       0       0       0       0
      Temps:          0       0       0       0       0       0       0       0       0       0
      Totals:         1       0       0       0       0       0       0       0       0       0
Total ram usage:        1 bytes
 Hardware stack levels used:    1
 This function calls:
		Nothing
 This function is called by:
		i2_USBCtrlEPAllowDataStage
		i2_USBCtrlTrfInHandler
 This function uses a non-reentrant model



MODULE INFORMATION

Module		Function		Class		Link	Load	Size
C:\Program Files (x86)\Microchip\xc8\v2.10\pic\sources\c99\common\memset.c
		_memset        		CODE           	1566	0000	377

C:\Program Files (x86)\Microchip\xc8\v2.10\pic\sources\c99\common\memset.c estimated size: 377

usb_cdc_lib.c
		_isUSBReady    		CODE           	3FB6	0000	57
		_initUSBLib    		CODE           	4138	0000	15
		_processUSBTasks		CODE           	4056	0000	49

usb_cdc_lib.c estimated size: 121

shared
		i2_USBIncrement1msInternalTimers		CODE           	4022	0000	53
		_configDescriptor1		SMALLCONST     	0809	0000	68
		_USB_CD_Ptr    		SMALLCONST     	0807	0000	3
		_sd001         		SMALLCONST     	084C	0000	39
		i2_USBCtrlEPService		CODE           	3430	0000	187
		i2_USBCtrlEPServiceComplete		CODE           	2180	0000	323
		i2_USBCtrlTrfSetupHandler		CODE           	3834	0000	145
		_sd002         		SMALLCONST     	0872	0000	33
		i2_USBCtrlEPAllowStatusStage		CODE           	30B2	0000	241
		i2_USBCtrlTrfOutHandler		CODE           	3A4A	0000	117
		i2_USBDeviceInit		CODE           	1C6E	0000	331
		i2_USBWakeFromSuspend		CODE           	3F76	0000	65
		i2_USBConfigureEndpoint		CODE           	36F6	0000	173
		i2_USBStdSetCfgHandler		CODE           	3290	0000	231
		i2_USBStdGetDscHandler		CODE           	19C0	0000	353
		__initialization		CODE           	3EAC	0000	57
		i2_USBStallHandler		CODE           	3CB0	0000	97
		_device_dsc    		SMALLCONST     	0892	0000	19
		i2_USBStdGetStatusHandler		CODE           	2DBE	0000	259
		i2_CDCInitEP   		CODE           	3B8C	0000	101
		i2_USER_USB_CALLBACK_EVENT_HANDLER		CODE           	394E	0000	137
		i2_USBStdFeatureReqHandler		CODE           	0C2C	0000	845
		_USB_SD_Ptr    		SMALLCONST     	0801	0000	7
		i2_memset      		CODE           	16DE	0000	375
		i2_USBCheckCDCRequest		CODE           	2EC0	0000	259
		_sd000         		SMALLCONST     	08A4	0000	5
		i2_USBEnableEndpoint		CODE           	3E60	0000	77
		i2_USBDeviceTasks		CODE           	11A6	0000	553
		i2_USBCtrlTrfRxService		CODE           	22C2	0000	323
		i2_USBCtrlTrfTxService		CODE           	2890	0000	273
		i2_USBCheckStdRequest		CODE           	2664	0000	285
		i2_memcpy      		CODE           	3E10	0000	81
		i2_USBTransferOnePacket		CODE           	2404	0000	319
		i2_USBCtrlTrfInHandler		CODE           	2CBA	0000	261
		i2_USBSuspend  		CODE           	40B4	0000	47
		i2_USBCtrlEPAllowDataStage		CODE           	3648	0000	175

shared estimated size: 6917

usb_device_cdc.c
		_CDCTxService  		CODE           	13CE	0000	409
		_CDCInitEP     		CODE           	3ABE	0000	105
		_putUSBUSART   		CODE           	40E2	0000	45
		_USBCheckCDCRequest		CODE           	2BB6	0000	261

usb_device_cdc.c estimated size: 820

usb_device_events.c
		_USER_USB_CALLBACK_EVENT_HANDLER		CODE           	38C4	0000	139

usb_device_events.c estimated size: 139

usb_device.c
		_USBCtrlTrfInHandler		CODE           	2AAE	0000	265
		_USBTransferOnePacket		CODE           	203E	0000	323
		_USBDeviceAttach		CODE           	3EF2	0000	67
		_USBStdGetDscHandler		CODE           	1854	0000	365
		_USBCtrlEPAllowDataStage		CODE           	359A	0000	175
		_USBStdFeatureReqHandler		CODE           	08AA	0000	899
		_USBCtrlEPAllowStatusStage		CODE           	2FC2	0000	241
		_USBCtrlTrfSetupHandler		CODE           	37A2	0000	147
		_USBCtrlTrfOutHandler		CODE           	39D6	0000	117
		_USBCtrlEPServiceComplete		CODE           	1EFC	0000	323
		_USBSuspend    		CODE           	4086	0000	47
		_USBStdSetCfgHandler		CODE           	31A2	0000	239
		_USBStdGetStatusHandler		CODE           	29A0	0000	271
		_USBWakeFromSuspend		CODE           	3F34	0000	67
		_USBCtrlTrfRxService		CODE           	1DB8	0000	325
		_USBCtrlTrfTxService		CODE           	2780	0000	273
		_USBEnableEndpoint		CODE           	3D6A	0000	85
		_USBConfigureEndpoint		CODE           	34EA	0000	177
		_USBDeviceInit 		CODE           	1B20	0000	335
		_USBIncrement1msInternalTimers		CODE           	3FEE	0000	53
		_USBCtrlEPService		CODE           	3376	0000	187
		_USBStallHandler		CODE           	3C50	0000	97
		_USBDeviceTasks		CODE           	0F78	0000	559
		_USBCheckStdRequest		CODE           	2542	0000	291

usb_device.c estimated size: 5928

C:\Program Files (x86)\Microchip\xc8\v2.10\pic\sources\c99\common\memcpy.c
		_memcpy        		CODE           	3DBE	0000	83

C:\Program Files (x86)\Microchip\xc8\v2.10\pic\sources\c99\common\memcpy.c estimated size: 83

main.c
		_debounceDelay 		CODE           	3BF0	0000	97
		_main          		CODE           	3B26	0000	103
		_sendFlap      		CODE           	410E	0000	43
		_readButtonAsm 		CODE           	4146	0000	11
		_mainISR       		CODE           	0008	0000	97

main.c estimated size: 351

