Microchip MPLAB XC8 Compiler V2.10 ()

Linker command line:

-W-3 --edf=C:\Program Files (x86)\Microchip\xc8\v2.10\pic\dat\en_msgs.txt \
  -cs -h+dist/default/production\usbcdcdemo.X.production.sym \
  --cmf=dist/default/production\usbcdcdemo.X.production.cmf -z -Q18F4550 \
  -oC:\Users\BENABD~1\AppData\Local\Temp\samg.2 --defsym=__MPLAB_BUILD=1 \
  -Mdist/default/production/usbcdcdemo.X.production.map -E1 -ver=XC8 \
  --acfsm=1493 -ASTACK=0140h-03FFh -pstack=STACK -ACODE=00h-07FFFh \
  -ACONST=00h-07FFFh -ASMALLCONST=0800h-08FFhx120 \
  -AMEDIUMCONST=0800h-07FFFh -ACOMRAM=01h-05Fh -AABS1=00h-07FFh \
  -ABIGRAM=01h-07FFh -ARAM=060h-0FFh,0100h-01FFhx7 -ABANK0=060h-0FFh \
  -ABANK1=0100h-01FFh -ABANK2=0200h-02FFh -ABANK3=0300h-03FFh \
  -ABANK4=0400h-04FFh -ABANK5=0500h-05FFh -ABANK6=0600h-06FFh \
  -ABANK7=0700h-07FFh -ASFR=0F60h-0FFFh \
  -preset_vec=00h,intcode=08h,intcodelo,powerup,init -pramtop=0800h \
  -psmallconst=SMALLCONST -pmediumconst=MEDIUMCONST -pconst=CONST \
  -AFARRAM=00h-00h -ACONFIG=0300000h-030000Dh -pconfig=CONFIG \
  -AIDLOC=0200000h-0200007h -pidloc=IDLOC -AEEDATA=0F00000h-0F000FFh \
  -peeprom_data=EEDATA \
  -prdata=COMRAM,nvrram=COMRAM,nvbit=COMRAM,rbss=COMRAM,rbit=COMRAM \
  -pfarbss=FARRAM,fardata=FARRAM,nvFARRAM=FARRAM \
  -pintsave_regs=BIGRAM,bigbss=BIGRAM,bigdata=BIGRAM -pbss=RAM \
  -pidata=CODE,irdata=CODE,ibigdata=CODE,ifardata=CODE -prparam=COMRAM \
  C:\Users\BENABD~1\AppData\Local\Temp\samg.o \
  dist/default/production\usbcdcdemo.X.production.o 

Object code version is 3.11

Machine type is 18F4550

Call graph: (short form)




                Name                               Link     Load   Length Selector   Space Scale
C:\Users\BENABD~1\AppData\Local\Temp\samg.o
                init                                  E        E        4        4       0
                reset_vec                             0        0        4        0       0
                idloc                            200000   200000        8   200000       0
                config                           300000   300000        E   300000       0
dist/default/production\usbcdcdemo.X.production.o
                intcode                               8        8        6        4       0
                temp                                 54       54        1        1       1
                smallconst                          800      800       AA      400       0
                text71                             2A3C     2A3C      110      455       0
                text70                             2E66     2E66      104      455       0
                text69                             325E     325E       F0      455       0
                text68                             246E     246E      142      455       0
                text67                             3BF6     3BF6       74      455       0
                text66                             38A2     38A2       AC      455       0
                text65                             3F98     3F98       4C      455       0
                text64                             25B0     25B0      13E      455       0
                text63                             3CD2     3CD2       64      455       0
                text62                             306C     306C      102      455       0
                text61                             3AFA     3AFA       88      455       0
                text60                              C20      C20      34C      455       0
                text59                             1B68     1B68      160      455       0
                text58                             2F6A     2F6A      102      455       0
                text57                             1886     1886      176      455       0
                text56                             343C     343C       E6      455       0
                text55                             2810     2810      11C      455       0
                text54                             37F4     37F4       AE      455       0
                text53                             21E8     21E8      144      455       0
                text52                             39E0     39E0       90      455       0
                text51                             3F48     3F48       50      455       0
                text50                             35DC     35DC       BA      455       0
                text49                             1E16     1E16      14A      455       0
                text48                             4114     4114       34      455       0
                text47                             3D96     3D96       60      455       0
                text46                             41A6     41A6       2E      455       0
                text45                             4068     4068       40      455       0
                text44                             119A     119A      228      455       0
                text43                             4148     4148       30      455       0
                intcode_body                       3DF6     3DF6       5A      455       0
                text41                             292C     292C      110      455       0
                text40                             2C5A     2C5A      108      455       0
                text39                             316E     316E       F0      455       0
                text38                             20A4     20A4      144      455       0
                text37                             3B82     3B82       74      455       0
                text36                             3696     3696       B0      455       0
                text35                             3E50     3E50       54      455       0
                text34                             232C     232C      142      455       0
                text33                             3C6A     3C6A       68      455       0
                text32                             2D62     2D62      104      455       0
                text31                             3A70     3A70       8A      455       0
                text30                              8AA      8AA      376      455       0
                text29                             19FC     19FC      16C      455       0
                text28                             2B4C     2B4C      10E      455       0
                text27                             170E     170E      178      455       0
                text26                             334E     334E       EE      455       0
                text25                             26EE     26EE      122      455       0
                text24                             3746     3746       AE      455       0
                text23                             1F60     1F60      144      455       0
                text22                             394E     394E       92      455       0
                text21                             3EF6     3EF6       52      455       0
                text20                             3522     3522       BA      455       0
                text19                             1CC8     1CC8      14E      455       0
                text18                             40E0     40E0       34      455       0
                text17                             3D36     3D36       60      455       0
                text16                             4178     4178       2E      455       0
                text15                             4026     4026       42      455       0
                text14                              F6C      F6C      22E      455       0
                text13                             3FE4     3FE4       42      455       0
                text12                             42CE     42CE        E     2167       0
                text11                             40A8     40A8       38      455       0
                text10                             4300     4300        C     2167       0
                text9                              42F4     42F4        C     2167       0
                text8                              42E8     42E8        C     2167       0
                text7                              42DC     42DC        C     2167       0
                text6                              1576     1576      198      455       0
                text5                              41D4     41D4       2C      455       0
                text4                              427E     427E       2A      455       0
                text3                              4254     4254       2A      455       0
                text2                              422A     422A       2A      455       0
                text1                              4200     4200       2A      455       0
                text0                              13C2     13C2      1B4      455       0
                cstackCOMRAM                         2B       2B       29        1       1
                cstackBANK0                          9F       9F       27       60       1
                bssBANK1                            100      100       40      100       1
                dataBANK0                            C6       C6       25       60       1
                bssBANK0                             60       60       3F       60       1
                bssCOMRAM                             1        1       2A        1       1
                cinit                              3EA4     3EA4       52      455       0
                idataBANK0                         42A8     42A8       25      455       0

TOTAL           Name                               Link     Load   Length     Space
        CLASS   STACK          

        CLASS   CODE           
                intcode                               8        8        6         0
                init                                  E        E        4         0
                reset_vec                             0        0        4         0
                text71                             2A3C     2A3C      110         0
                text70                             2E66     2E66      104         0
                text69                             325E     325E       F0         0
                text68                             246E     246E      142         0
                text67                             3BF6     3BF6       74         0
                text66                             38A2     38A2       AC         0
                text65                             3F98     3F98       4C         0
                text64                             25B0     25B0      13E         0
                text63                             3CD2     3CD2       64         0
                text62                             306C     306C      102         0
                text61                             3AFA     3AFA       88         0
                text60                              C20      C20      34C         0
                text59                             1B68     1B68      160         0
                text58                             2F6A     2F6A      102         0
                text57                             1886     1886      176         0
                text56                             343C     343C       E6         0
                text55                             2810     2810      11C         0
                text54                             37F4     37F4       AE         0
                text53                             21E8     21E8      144         0
                text52                             39E0     39E0       90         0
                text51                             3F48     3F48       50         0
                text50                             35DC     35DC       BA         0
                text49                             1E16     1E16      14A         0
                text48                             4114     4114       34         0
                text47                             3D96     3D96       60         0
                text46                             41A6     41A6       2E         0
                text45                             4068     4068       40         0
                text44                             119A     119A      228         0
                text43                             4148     4148       30         0
                intcode_body                       3DF6     3DF6       5A         0
                text41                             292C     292C      110         0
                text40                             2C5A     2C5A      108         0
                text39                             316E     316E       F0         0
                text38                             20A4     20A4      144         0
                text37                             3B82     3B82       74         0
                text36                             3696     3696       B0         0
                text35                             3E50     3E50       54         0
                text34                             232C     232C      142         0
                text33                             3C6A     3C6A       68         0
                text32                             2D62     2D62      104         0
                text31                             3A70     3A70       8A         0
                text30                              8AA      8AA      376         0
                text29                             19FC     19FC      16C         0
                text28                             2B4C     2B4C      10E         0
                text27                             170E     170E      178         0
                text26                             334E     334E       EE         0
                text25                             26EE     26EE      122         0
                text24                             3746     3746       AE         0
                text23                             1F60     1F60      144         0
                text22                             394E     394E       92         0
                text21                             3EF6     3EF6       52         0
                text20                             3522     3522       BA         0
                text19                             1CC8     1CC8      14E         0
                text18                             40E0     40E0       34         0
                text17                             3D36     3D36       60         0
                text16                             4178     4178       2E         0
                text15                             4026     4026       42         0
                text14                              F6C      F6C      22E         0
                text13                             3FE4     3FE4       42         0
                text12                             42CE     42CE        E         0
                text11                             40A8     40A8       38         0
                text10                             4300     4300        C         0
                text9                              42F4     42F4        C         0
                text8                              42E8     42E8        C         0
                text7                              42DC     42DC        C         0
                text6                              1576     1576      198         0
                text5                              41D4     41D4       2C         0
                text4                              427E     427E       2A         0
                text3                              4254     4254       2A         0
                text2                              422A     422A       2A         0
                text1                              4200     4200       2A         0
                text0                              13C2     13C2      1B4         0
                cinit                              3EA4     3EA4       52         0
                idataBANK0                         42A8     42A8       25         0

        CLASS   CONST          

        CLASS   SMALLCONST     
                smallconst                          800      800       AA         0

        CLASS   MEDIUMCONST    

        CLASS   COMRAM         
                temp                                 54       54        1         1
                cstackCOMRAM                         2B       2B       29         1
                bssCOMRAM                             1        1       2A         1

        CLASS   ABS1           
                abs_s1                              400      400       38         1
                abs_s1                              450      450       20         1
                abs_s1                              500      500       80         1

        CLASS   BIGRAM         

        CLASS   RAM            

        CLASS   BANK0          
                cstackBANK0                          9F       9F       27         1
                dataBANK0                            C6       C6       25         1
                bssBANK0                             60       60       3F         1

        CLASS   BANK1          
                bssBANK1                            100      100       40         1

        CLASS   BANK2          

        CLASS   BANK3          

        CLASS   BANK4          

        CLASS   BANK5          

        CLASS   BANK6          

        CLASS   BANK7          

        CLASS   SFR            

        CLASS   FARRAM         

        CLASS   CONFIG         
                config                           300000   300000        E         0

        CLASS   IDLOC          
                idloc                            200000   200000        8         0

        CLASS   EEDATA         



SEGMENTS        Name                           Load    Length   Top    Selector   Space  Class

                reset_vec                      000000  000004  000004         0       0  CODE    
                bssCOMRAM                      000001  000054  000055         1       1  COMRAM  
                intcode                        000008  00000A  000012         4       0  CODE    
                bssBANK0                       000060  00008B  0000EB        60       1  BANK0   
                bssBANK1                       000100  000040  000140       100       1  BANK1   
                smallconst                     000800  0000AA  0008AA       400       0  SMALLCON
                text30                         0008AA  003A23  0042CD       455       0  CODE    
                text12                         0042CE  00003E  00430C      2167       0  CODE    
                idloc                          200000  000008  200008    200000       0  IDLOC   
                config                         300000  00000E  30000E    300000       0  CONFIG  


UNUSED ADDRESS RANGES

        Name                Unused          Largest block    Delta
        BANK0            0000EB-0000FF               15
        BANK1            000140-0001FF               C0
        BANK2            000200-0002FF              100
        BANK3            000300-0003FF              100
        BANK4            000438-00044F               18
                         000470-0004FF               90
        BANK5            000580-0005FF               80
        BANK6            000600-0006FF              100
        BANK7            000700-0007FF              100
        BIGRAM           000055-00005F                B
                         0000EB-0000FF               15
                         000140-0003FF              2C0
                         000438-00044F               18
                         000470-0004FF               90
                         000580-0007FF              280
        CODE             000004-000007                4
                         000012-0007FF              7EE
                         0042CD-0042CD                1
                         00430C-007FFF             3CF4
        COMRAM           000055-00005F                B
        CONST            000004-000007                4
                         000012-0007FF              7EE
                         0042CD-0042CD                1
                         00430C-007FFF             3CF4
        EEDATA           F00000-F000FF              100
        MEDIUMCONST      0042CD-0042CD                1
                         00430C-007FFF             3CF4
        RAM              0000EB-0000FF               15
                         000140-0003FF              100
                         000438-00044F               18
                         000470-0004FF               90
                         000580-0007FF              100
        SFR              000F60-000FFF               A0
        SMALLCONST       0042CD-0042CD                1
                         00430C-007FFF              100
        STACK            000140-0003FF              2C0

                                  Symbol Table

?_USBTransferOnePacket                      cstackBANK0  00009F
?i2_USBTransferOnePacket                    cstackCOMRAM 00002B
CDCTxService@byte_to_send                   cstackBANK0  0000AB
CDCTxService@i                              cstackBANK0  0000AA
USBConfigureEndpoint@EPNum                  cstackBANK0  0000A4
USBConfigureEndpoint@direction              cstackBANK0  00009F
USBConfigureEndpoint@handle                 cstackBANK0  0000A5
USBCtrlTrfInHandler@lastDTS                 cstackBANK0  0000A0
USBCtrlTrfRxService@byteToRead              cstackBANK0  0000A0
USBCtrlTrfRxService@i                       cstackBANK0  00009F
USBCtrlTrfTxService@byteToSend              cstackBANK0  00009F
USBDeviceInit@i                             cstackBANK0  0000AB
USBDeviceTasks@i                            cstackBANK0  0000BD
USBEnableEndpoint@ep                        cstackBANK0  0000AA
USBEnableEndpoint@options                   cstackBANK0  0000A7
USBEnableEndpoint@p                         cstackBANK0  0000A8
USBStdFeatureReqHandler@current_ep_data     cstackBANK0  0000B7
USBStdFeatureReqHandler@p                   cstackBANK0  0000B8
USBStdFeatureReqHandler@pUEP                cstackBANK0  0000B5
USBStdGetStatusHandler@p                    cstackBANK0  0000A1
USBStdSetCfgHandler@i                       cstackBANK0  0000B3
USBTransferOnePacket@data                   cstackBANK0  0000A0
USBTransferOnePacket@dir                    cstackBANK0  00009F
USBTransferOnePacket@ep                     cstackBANK0  0000A7
USBTransferOnePacket@handle                 cstackBANK0  0000A8
USBTransferOnePacket@len                    cstackBANK0  0000A2
USER_USB_CALLBACK_EVENT_HANDLER@event       cstackBANK0  0000AB
USER_USB_CALLBACK_EVENT_HANDLER@pdata       cstackBANK0  0000AD
USER_USB_CALLBACK_EVENT_HANDLER@size        cstackBANK0  0000AF
_BDT                                        (abs)        000400
_BaudRateGen                                bssBANK0     000070
_BothEP0OutUOWNsSet                         bssCOMRAM    000023
_CDCDataInHandle                            bssBANK0     00007E
_CDCDataOutHandle                           bssBANK0     000080
_CDCInitEP                                  text33       003C6A
_CDCTxService                               text6        001576
_CtrlTrfData                                (abs)        000450
_INTCONbits                                 (abs)        000FF2
_IPR2bits                                   (abs)        000FA2
_LATC                                       (abs)        000F8B
_LATCbits                                   (abs)        000F8B
_PIE2bits                                   (abs)        000FA0
_PIR2bits                                   (abs)        000FA1
_RemoteWakeup                               bssCOMRAM    000025
_SetupPkt                                   (abs)        000430
_TRISC                                      (abs)        000F94
_TRISDbits                                  (abs)        000F95
_UADDR                                      (abs)        000F6E
_UCFG                                       (abs)        000F6F
_UCON                                       (abs)        000F6D
_UCONbits                                   (abs)        000F6D
_UEIE                                       (abs)        000F6B
_UEIR                                       (abs)        000F6A
_UEP0                                       (abs)        000F70
_UEP0bits                                   (abs)        000F70
_UEP1                                       (abs)        000F71
_UIE                                        (abs)        000F69
_UIEbits                                    (abs)        000F69
_UIR                                        (abs)        000F68
_UIRbits                                    (abs)        000F68
_USB1msTickCount                            bssBANK0     000074
_USBActiveConfiguration                     bssCOMRAM    00002A
_USBAlternateInterface                      bssBANK0     00009C
_USBBusIsSuspended                          bssCOMRAM    000024
_USBCheckCDCRequest                         text32       002D62
_USBCheckStdRequest                         text25       0026EE
_USBConfigureEndpoint                       text36       003696
_USBCtrlEPAllowDataStage                    text24       003746
_USBCtrlEPAllowStatusStage                  text39       00316E
_USBCtrlEPService                           text20       003522
_USBCtrlEPServiceComplete                   text23       001F60
_USBCtrlTrfInHandler                        text40       002C5A
_USBCtrlTrfOutHandler                       text37       003B82
_USBCtrlTrfRxService                        text38       0020A4
_USBCtrlTrfSetupHandler                     text22       00394E
_USBCtrlTrfTxService                        text41       00292C
_USBDeferINDataStagePackets                 bssBANK0     00008A
_USBDeferOUTDataStagePackets                bssBANK0     000089
_USBDeferStatusStagePacket                  bssCOMRAM    000022
_USBDeviceAttach                            text13       003FE4
_USBDeviceInit                              text19       001CC8
_USBDeviceState                             bssCOMRAM    000028
_USBDeviceTasks                             text14       000F6C
_USBEnableEndpoint                          text35       003E50
_USBIncrement1msInternalTimers              text18       0040E0
_USBStallHandler                            text17       003D36
_USBStatusStageEnabledFlag1                 bssCOMRAM    000021
_USBStatusStageEnabledFlag2                 bssCOMRAM    000020
_USBStatusStageTimeoutCounter               bssBANK0     00008B
_USBStdFeatureReqHandler                    text30       0008AA
_USBStdGetDscHandler                        text29       0019FC
_USBStdGetStatusHandler                     text28       002B4C
_USBStdSetCfgHandler                        text26       00334E
_USBSuspend                                 text16       004178
_USBTicksSinceSuspendEnd                    bssBANK0     000088
_USBTransferOnePacket                       text34       00232C
_USBWakeFromSuspend                         text15       004026
_USB_CD_Ptr                                 smallconst   000807
_USB_SD_Ptr                                 smallconst   000801
_USER_USB_CALLBACK_EVENT_HANDLER            text31       003A70
_USTAT                                      (abs)        000F6C
_USTATcopy                                  bssBANK0     00009E
__CFG_BOR$OFF                               (abs)        000000
__CFG_BORV$3                                (abs)        000000
__CFG_CCP2MX$ON                             (abs)        000000
__CFG_CP0$OFF                               (abs)        000000
__CFG_CP1$OFF                               (abs)        000000
__CFG_CP2$OFF                               (abs)        000000
__CFG_CP3$OFF                               (abs)        000000
__CFG_CPB$OFF                               (abs)        000000
__CFG_CPD$OFF                               (abs)        000000
__CFG_CPUDIV$OSC1_PLL2                      (abs)        000000
__CFG_EBTR0$OFF                             (abs)        000000
__CFG_EBTR1$OFF                             (abs)        000000
__CFG_EBTR2$OFF                             (abs)        000000
__CFG_EBTR3$OFF                             (abs)        000000
__CFG_EBTRB$OFF                             (abs)        000000
__CFG_FCMEN$OFF                             (abs)        000000
__CFG_FOSC$HSPLL_HS                         (abs)        000000
__CFG_ICPRT$OFF                             (abs)        000000
__CFG_IESO$OFF                              (abs)        000000
__CFG_LPT1OSC$OFF                           (abs)        000000
__CFG_LVP$OFF                               (abs)        000000
__CFG_MCLRE$ON                              (abs)        000000
__CFG_PBADEN$ON                             (abs)        000000
__CFG_PLLDIV$2                              (abs)        000000
__CFG_PWRT$OFF                              (abs)        000000
__CFG_STVREN$ON                             (abs)        000000
__CFG_USBDIV$2                              (abs)        000000
__CFG_VREGEN$ON                             (abs)        000000
__CFG_WDT$OFF                               (abs)        000000
__CFG_WDTPS$32768                           (abs)        000000
__CFG_WRT0$OFF                              (abs)        000000
__CFG_WRT1$OFF                              (abs)        000000
__CFG_WRT2$OFF                              (abs)        000000
__CFG_WRT3$OFF                              (abs)        000000
__CFG_WRTB$OFF                              (abs)        000000
__CFG_WRTC$OFF                              (abs)        000000
__CFG_WRTD$OFF                              (abs)        000000
__CFG_XINST$OFF                             (abs)        000000
__HRAM                                      (abs)        000000
__Habs1                                     abs1         000000
__Hbank0                                    bank0        000000
__Hbank1                                    bank1        000000
__Hbank2                                    bank2        000000
__Hbank3                                    bank3        000000
__Hbank4                                    bank4        000000
__Hbank5                                    bank5        000000
__Hbank6                                    bank6        000000
__Hbank7                                    bank7        000000
__Hbigbss                                   bigbss       000000
__Hbigdata                                  bigdata      000000
__Hbigram                                   bigram       000000
__Hbss                                      bss          000000
__HbssBANK0                                 bssBANK0     000000
__HbssBANK1                                 bssBANK1     000000
__HbssCOMRAM                                bssCOMRAM    000000
__Hcinit                                    cinit        000000
__Hclrtext                                  clrtext      000000
__Hcomram                                   comram       000000
__Hconfig                                   config       30000E
__Hconst                                    const        000000
__HcstackBANK0                              cstackBANK0  000000
__HcstackCOMRAM                             cstackCOMRAM 000000
__Hdata                                     data         000000
__HdataBANK0                                dataBANK0    000000
__Heeprom_data                              eeprom_data  000000
__Hfarbss                                   farbss       000000
__Hfardata                                  fardata      000000
__Hibigdata                                 ibigdata     000000
__Hidata                                    idata        000000
__HidataBANK0                               idataBANK0   000000
__Hidloc                                    idloc        200008
__Hifardata                                 ifardata     000000
__Hinit                                     init         000012
__Hintcode                                  intcode      00000E
__Hintcode_body                             intcode_body 000000
__Hintcodelo                                intcodelo    00000E
__Hintentry                                 intentry     000000
__Hintret                                   intret       000000
__Hintsave_regs                             intsave_regs 000000
__Hirdata                                   irdata       000000
__Hmediumconst                              mediumconst  000000
__HnvFARRAM                                 nvFARRAM     000000
__Hnvbit                                    nvbit        000000
__Hnvrram                                   nvrram       000000
__Hparam                                    rparam       000000
__Hpowerup                                  powerup      00000E
__Hram                                      ram          000000
__Hramtop                                   ramtop       000800
__Hrbit                                     rbit         000000
__Hrbss                                     rbss         000000
__Hrdata                                    rdata        000000
__Hreset_vec                                reset_vec    000004
__Hrparam                                   rparam       000000
__Hsfr                                      sfr          000000
__Hsmallconst                               smallconst   0008AA
__Hspace_0                                  (abs)        30000E
__Hspace_1                                  (abs)        000140
__Hspace_2                                  (abs)        000000
__Hstack                                    stack        000000
__Hstruct                                   struct       000000
__Htemp                                     temp         000055
__Htext                                     text         000000
__Htext0                                    text0        000000
__Htext1                                    text1        000000
__Htext10                                   text10       000000
__Htext11                                   text11       000000
__Htext12                                   text12       000000
__Htext13                                   text13       000000
__Htext14                                   text14       000000
__Htext15                                   text15       000000
__Htext16                                   text16       000000
__Htext17                                   text17       000000
__Htext18                                   text18       000000
__Htext19                                   text19       000000
__Htext2                                    text2        000000
__Htext20                                   text20       000000
__Htext21                                   text21       000000
__Htext22                                   text22       000000
__Htext23                                   text23       000000
__Htext24                                   text24       000000
__Htext25                                   text25       000000
__Htext26                                   text26       000000
__Htext27                                   text27       000000
__Htext28                                   text28       000000
__Htext29                                   text29       000000
__Htext3                                    text3        000000
__Htext30                                   text30       000000
__Htext31                                   text31       000000
__Htext32                                   text32       000000
__Htext33                                   text33       000000
__Htext34                                   text34       000000
__Htext35                                   text35       000000
__Htext36                                   text36       000000
__Htext37                                   text37       000000
__Htext38                                   text38       000000
__Htext39                                   text39       000000
__Htext4                                    text4        000000
__Htext40                                   text40       000000
__Htext41                                   text41       000000
__Htext43                                   text43       000000
__Htext44                                   text44       000000
__Htext45                                   text45       000000
__Htext46                                   text46       000000
__Htext47                                   text47       000000
__Htext48                                   text48       000000
__Htext49                                   text49       000000
__Htext5                                    text5        000000
__Htext50                                   text50       000000
__Htext51                                   text51       000000
__Htext52                                   text52       000000
__Htext53                                   text53       000000
__Htext54                                   text54       000000
__Htext55                                   text55       000000
__Htext56                                   text56       000000
__Htext57                                   text57       000000
__Htext58                                   text58       000000
__Htext59                                   text59       000000
__Htext6                                    text6        000000
__Htext60                                   text60       000000
__Htext61                                   text61       000000
__Htext62                                   text62       000000
__Htext63                                   text63       000000
__Htext64                                   text64       000000
__Htext65                                   text65       000000
__Htext66                                   text66       000000
__Htext67                                   text67       000000
__Htext68                                   text68       000000
__Htext69                                   text69       000000
__Htext7                                    text7        000000
__Htext70                                   text70       000000
__Htext71                                   text71       000000
__Htext8                                    text8        000000
__Htext9                                    text9        000000
__LRAM                                      (abs)        000001
__Labs1                                     abs1         000000
__Lbank0                                    bank0        000000
__Lbank1                                    bank1        000000
__Lbank2                                    bank2        000000
__Lbank3                                    bank3        000000
__Lbank4                                    bank4        000000
__Lbank5                                    bank5        000000
__Lbank6                                    bank6        000000
__Lbank7                                    bank7        000000
__Lbigbss                                   bigbss       000000
__Lbigdata                                  bigdata      000000
__Lbigram                                   bigram       000000
__Lbss                                      bss          000000
__LbssBANK0                                 bssBANK0     000000
__LbssBANK1                                 bssBANK1     000000
__LbssCOMRAM                                bssCOMRAM    000000
__Lcinit                                    cinit        000000
__Lclrtext                                  clrtext      000000
__Lcomram                                   comram       000000
__Lconfig                                   config       300000
__Lconst                                    const        000000
__LcstackBANK0                              cstackBANK0  000000
__LcstackCOMRAM                             cstackCOMRAM 000000
__Ldata                                     data         000000
__LdataBANK0                                dataBANK0    000000
__Leeprom_data                              eeprom_data  000000
__Lfarbss                                   farbss       000000
__Lfardata                                  fardata      000000
__Libigdata                                 ibigdata     000000
__Lidata                                    idata        000000
__LidataBANK0                               idataBANK0   000000
__Lidloc                                    idloc        200000
__Lifardata                                 ifardata     000000
__Linit                                     init         00000E
__Lintcode                                  intcode      000008
__Lintcode_body                             intcode_body 000000
__Lintcodelo                                intcodelo    00000E
__Lintentry                                 intentry     000000
__Lintret                                   intret       000000
__Lintsave_regs                             intsave_regs 000000
__Lirdata                                   irdata       000000
__Lmediumconst                              mediumconst  000000
__LnvFARRAM                                 nvFARRAM     000000
__Lnvbit                                    nvbit        000000
__Lnvrram                                   nvrram       000000
__Lparam                                    rparam       000000
__Lpowerup                                  powerup      00000E
__Lram                                      ram          000000
__Lramtop                                   ramtop       000800
__Lrbit                                     rbit         000000
__Lrbss                                     rbss         000000
__Lrdata                                    rdata        000000
__Lreset_vec                                reset_vec    000000
__Lrparam                                   rparam       000000
__Lsfr                                      sfr          000000
__Lsmallconst                               smallconst   000800
__Lspace_0                                  (abs)        000000
__Lspace_1                                  (abs)        000000
__Lspace_2                                  (abs)        000000
__Lstack                                    stack        000000
__Lstruct                                   struct       000000
__Ltemp                                     temp         000054
__Ltext                                     text         000000
__Ltext0                                    text0        000000
__Ltext1                                    text1        000000
__Ltext10                                   text10       000000
__Ltext11                                   text11       000000
__Ltext12                                   text12       000000
__Ltext13                                   text13       000000
__Ltext14                                   text14       000000
__Ltext15                                   text15       000000
__Ltext16                                   text16       000000
__Ltext17                                   text17       000000
__Ltext18                                   text18       000000
__Ltext19                                   text19       000000
__Ltext2                                    text2        000000
__Ltext20                                   text20       000000
__Ltext21                                   text21       000000
__Ltext22                                   text22       000000
__Ltext23                                   text23       000000
__Ltext24                                   text24       000000
__Ltext25                                   text25       000000
__Ltext26                                   text26       000000
__Ltext27                                   text27       000000
__Ltext28                                   text28       000000
__Ltext29                                   text29       000000
__Ltext3                                    text3        000000
__Ltext30                                   text30       000000
__Ltext31                                   text31       000000
__Ltext32                                   text32       000000
__Ltext33                                   text33       000000
__Ltext34                                   text34       000000
__Ltext35                                   text35       000000
__Ltext36                                   text36       000000
__Ltext37                                   text37       000000
__Ltext38                                   text38       000000
__Ltext39                                   text39       000000
__Ltext4                                    text4        000000
__Ltext40                                   text40       000000
__Ltext41                                   text41       000000
__Ltext43                                   text43       000000
__Ltext44                                   text44       000000
__Ltext45                                   text45       000000
__Ltext46                                   text46       000000
__Ltext47                                   text47       000000
__Ltext48                                   text48       000000
__Ltext49                                   text49       000000
__Ltext5                                    text5        000000
__Ltext50                                   text50       000000
__Ltext51                                   text51       000000
__Ltext52                                   text52       000000
__Ltext53                                   text53       000000
__Ltext54                                   text54       000000
__Ltext55                                   text55       000000
__Ltext56                                   text56       000000
__Ltext57                                   text57       000000
__Ltext58                                   text58       000000
__Ltext59                                   text59       000000
__Ltext6                                    text6        000000
__Ltext60                                   text60       000000
__Ltext61                                   text61       000000
__Ltext62                                   text62       000000
__Ltext63                                   text63       000000
__Ltext64                                   text64       000000
__Ltext65                                   text65       000000
__Ltext66                                   text66       000000
__Ltext67                                   text67       000000
__Ltext68                                   text68       000000
__Ltext69                                   text69       000000
__Ltext7                                    text7        000000
__Ltext70                                   text70       000000
__Ltext71                                   text71       000000
__Ltext8                                    text8        000000
__Ltext9                                    text9        000000
__S0                                        (abs)        30000E
__S1                                        (abs)        000140
__S2                                        (abs)        000000
___inthi_sp                                 stack        000000
___intlo_sp                                 stack        000000
___param_bank                               (abs)        000000
___rparam_used                              (abs)        000001
___sp                                       stack        000000
__accesstop                                 (abs)        000060
__activetblptr                              (abs)        000002
__end_of_CDCInitEP                          text33       003CD2
__end_of_CDCTxService                       text6        00170E
__end_of_USBCheckCDCRequest                 text32       002E66
__end_of_USBCheckStdRequest                 text25       002810
__end_of_USBConfigureEndpoint               text36       003746
__end_of_USBCtrlEPAllowDataStage            text24       0037F4
__end_of_USBCtrlEPAllowStatusStage          text39       00325E
__end_of_USBCtrlEPService                   text20       0035DC
__end_of_USBCtrlEPServiceComplete           text23       0020A4
__end_of_USBCtrlTrfInHandler                text40       002D62
__end_of_USBCtrlTrfOutHandler               text37       003BF6
__end_of_USBCtrlTrfRxService                text38       0021E8
__end_of_USBCtrlTrfSetupHandler             text22       0039E0
__end_of_USBCtrlTrfTxService                text41       002A3C
__end_of_USBDeviceAttach                    text13       004026
__end_of_USBDeviceInit                      text19       001E16
__end_of_USBDeviceTasks                     text14       00119A
__end_of_USBEnableEndpoint                  text35       003EA4
__end_of_USBIncrement1msInternalTimers      text18       004114
__end_of_USBStallHandler                    text17       003D96
__end_of_USBStdFeatureReqHandler            text30       000C20
__end_of_USBStdGetDscHandler                text29       001B68
__end_of_USBStdGetStatusHandler             text28       002C5A
__end_of_USBStdSetCfgHandler                text26       00343C
__end_of_USBSuspend                         text16       0041A6
__end_of_USBTransferOnePacket               text34       00246E
__end_of_USBWakeFromSuspend                 text15       004068
__end_of_USB_CD_Ptr                         smallconst   000809
__end_of_USB_SD_Ptr                         smallconst   000807
__end_of_USER_USB_CALLBACK_EVENT_HANDLER    text31       003AFA
__end_of__initialization                    cinit        003EE8
__end_of_configDescriptor1                  smallconst   00084C
__end_of_device_dsc                         smallconst   0008A4
__end_of_initUSBLib                         text12       0042DC
__end_of_isUSBReady                         text11       0040E0
__end_of_main                               text0        001576
__end_of_mainISR                            intcode_body 003E50
__end_of_memcpy                             text21       003F48
__end_of_memset                             text27       001886
__end_of_processUSBTasks                    text43       004178
__end_of_putUSBUSART                        text5        004200
__end_of_readButton0Asm                     text10       00430C
__end_of_readButton1Asm                     text9        004300
__end_of_readButton2Asm                     text8        0042F4
__end_of_readButton3Asm                     text7        0042E8
__end_of_sd000                              smallconst   0008A8
__end_of_sd001                              smallconst   000872
__end_of_sd002                              smallconst   000892
__end_of_sendFlap                           text4        0042A8
__end_of_sendPause                          text3        00427E
__end_of_sendQuitter                        text2        004254
__end_of_sendReprendre                      text1        00422A
__end_ofi2_CDCInitEP                        text63       003D36
__end_ofi2_USBCheckCDCRequest               text62       00316E
__end_ofi2_USBCheckStdRequest               text55       00292C
__end_ofi2_USBConfigureEndpoint             text66       00394E
__end_ofi2_USBCtrlEPAllowDataStage          text54       0038A2
__end_ofi2_USBCtrlEPAllowStatusStage        text69       00334E
__end_ofi2_USBCtrlEPService                 text50       003696
__end_ofi2_USBCtrlEPServiceComplete         text53       00232C
__end_ofi2_USBCtrlTrfInHandler              text70       002F6A
__end_ofi2_USBCtrlTrfOutHandler             text67       003C6A
__end_ofi2_USBCtrlTrfRxService              text68       0025B0
__end_ofi2_USBCtrlTrfSetupHandler           text52       003A70
__end_ofi2_USBCtrlTrfTxService              text71       002B4C
__end_ofi2_USBDeviceInit                    text49       001F60
__end_ofi2_USBDeviceTasks                   text44       0013C2
__end_ofi2_USBEnableEndpoint                text65       003FE4
__end_ofi2_USBIncrement1msInternalTimers    text48       004148
__end_ofi2_USBStallHandler                  text47       003DF6
__end_ofi2_USBStdFeatureReqHandler          text60       000F6C
__end_ofi2_USBStdGetDscHandler              text59       001CC8
__end_ofi2_USBStdGetStatusHandler           text58       00306C
__end_ofi2_USBStdSetCfgHandler              text56       003522
__end_ofi2_USBSuspend                       text46       0041D4
__end_ofi2_USBTransferOnePacket             text64       0026EE
__end_ofi2_USBWakeFromSuspend               text45       0040A8
__end_ofi2_USER_USB_CALLBACK_EVENT_HANDLER  text61       003B82
__end_ofi2_memcpy                           text51       003F98
__end_ofi2_memset                           text57       0019FC
__initialization                            cinit        003EA4
__mediumconst                               mediumconst  000000
__pbssBANK0                                 bssBANK0     000060
__pbssBANK1                                 bssBANK1     000100
__pbssCOMRAM                                bssCOMRAM    000001
__pcinit                                    cinit        003EA4
__pcstackBANK0                              cstackBANK0  00009F
__pcstackCOMRAM                             cstackCOMRAM 00002B
__pdataBANK0                                dataBANK0    0000C6
__pidataBANK0                               idataBANK0   0042A8
__pintcode                                  intcode      000008
__pintcode_body                             intcode_body 003DF6
__psmallconst                               smallconst   000800
__ptext0                                    text0        0013C2
__ptext1                                    text1        004200
__ptext10                                   text10       004300
__ptext11                                   text11       0040A8
__ptext12                                   text12       0042CE
__ptext13                                   text13       003FE4
__ptext14                                   text14       000F6C
__ptext15                                   text15       004026
__ptext16                                   text16       004178
__ptext17                                   text17       003D36
__ptext18                                   text18       0040E0
__ptext19                                   text19       001CC8
__ptext2                                    text2        00422A
__ptext20                                   text20       003522
__ptext21                                   text21       003EF6
__ptext22                                   text22       00394E
__ptext23                                   text23       001F60
__ptext24                                   text24       003746
__ptext25                                   text25       0026EE
__ptext26                                   text26       00334E
__ptext27                                   text27       00170E
__ptext28                                   text28       002B4C
__ptext29                                   text29       0019FC
__ptext3                                    text3        004254
__ptext30                                   text30       0008AA
__ptext31                                   text31       003A70
__ptext32                                   text32       002D62
__ptext33                                   text33       003C6A
__ptext34                                   text34       00232C
__ptext35                                   text35       003E50
__ptext36                                   text36       003696
__ptext37                                   text37       003B82
__ptext38                                   text38       0020A4
__ptext39                                   text39       00316E
__ptext4                                    text4        00427E
__ptext40                                   text40       002C5A
__ptext41                                   text41       00292C
__ptext43                                   text43       004148
__ptext44                                   text44       00119A
__ptext45                                   text45       004068
__ptext46                                   text46       0041A6
__ptext47                                   text47       003D96
__ptext48                                   text48       004114
__ptext49                                   text49       001E16
__ptext5                                    text5        0041D4
__ptext50                                   text50       0035DC
__ptext51                                   text51       003F48
__ptext52                                   text52       0039E0
__ptext53                                   text53       0021E8
__ptext54                                   text54       0037F4
__ptext55                                   text55       002810
__ptext56                                   text56       00343C
__ptext57                                   text57       001886
__ptext58                                   text58       002F6A
__ptext59                                   text59       001B68
__ptext6                                    text6        001576
__ptext60                                   text60       000C20
__ptext61                                   text61       003AFA
__ptext62                                   text62       00306C
__ptext63                                   text63       003CD2
__ptext64                                   text64       0025B0
__ptext65                                   text65       003F98
__ptext66                                   text66       0038A2
__ptext67                                   text67       003BF6
__ptext68                                   text68       00246E
__ptext69                                   text69       00325E
__ptext7                                    text7        0042DC
__ptext70                                   text70       002E66
__ptext71                                   text71       002A3C
__ptext8                                    text8        0042E8
__ptext9                                    text9        0042F4
__ramtop                                    ramtop       000800
__size_of_CDCInitEP                         (abs)        000000
__size_of_CDCTxService                      (abs)        000000
__size_of_USBCheckCDCRequest                (abs)        000000
__size_of_USBCheckStdRequest                (abs)        000000
__size_of_USBConfigureEndpoint              (abs)        000000
__size_of_USBCtrlEPAllowDataStage           (abs)        000000
__size_of_USBCtrlEPAllowStatusStage         (abs)        000000
__size_of_USBCtrlEPService                  (abs)        000000
__size_of_USBCtrlEPServiceComplete          (abs)        000000
__size_of_USBCtrlTrfInHandler               (abs)        000000
__size_of_USBCtrlTrfOutHandler              (abs)        000000
__size_of_USBCtrlTrfRxService               (abs)        000000
__size_of_USBCtrlTrfSetupHandler            (abs)        000000
__size_of_USBCtrlTrfTxService               (abs)        000000
__size_of_USBDeviceAttach                   (abs)        000000
__size_of_USBDeviceInit                     (abs)        000000
__size_of_USBDeviceTasks                    (abs)        000000
__size_of_USBEnableEndpoint                 (abs)        000000
__size_of_USBIncrement1msInternalTimers     (abs)        000000
__size_of_USBStallHandler                   (abs)        000000
__size_of_USBStdFeatureReqHandler           (abs)        000000
__size_of_USBStdGetDscHandler               (abs)        000000
__size_of_USBStdGetStatusHandler            (abs)        000000
__size_of_USBStdSetCfgHandler               (abs)        000000
__size_of_USBSuspend                        (abs)        000000
__size_of_USBTransferOnePacket              (abs)        000000
__size_of_USBWakeFromSuspend                (abs)        000000
__size_of_USER_USB_CALLBACK_EVENT_HANDLER   (abs)        000000
__size_of_initUSBLib                        (abs)        000000
__size_of_isUSBReady                        (abs)        000000
__size_of_main                              (abs)        000000
__size_of_mainISR                           (abs)        000000
__size_of_memcpy                            (abs)        000000
__size_of_memset                            (abs)        000000
__size_of_processUSBTasks                   (abs)        000000
__size_of_putUSBUSART                       (abs)        000000
__size_of_readButton0Asm                    (abs)        000000
__size_of_readButton1Asm                    (abs)        000000
__size_of_readButton2Asm                    (abs)        000000
__size_of_readButton3Asm                    (abs)        000000
__size_of_sendFlap                          (abs)        000000
__size_of_sendPause                         (abs)        000000
__size_of_sendQuitter                       (abs)        000000
__size_of_sendReprendre                     (abs)        000000
__size_ofi2_CDCInitEP                       (abs)        000000
__size_ofi2_USBCheckCDCRequest              (abs)        000000
__size_ofi2_USBCheckStdRequest              (abs)        000000
__size_ofi2_USBConfigureEndpoint            (abs)        000000
__size_ofi2_USBCtrlEPAllowDataStage         (abs)        000000
__size_ofi2_USBCtrlEPAllowStatusStage       (abs)        000000
__size_ofi2_USBCtrlEPService                (abs)        000000
__size_ofi2_USBCtrlEPServiceComplete        (abs)        000000
__size_ofi2_USBCtrlTrfInHandler             (abs)        000000
__size_ofi2_USBCtrlTrfOutHandler            (abs)        000000
__size_ofi2_USBCtrlTrfRxService             (abs)        000000
__size_ofi2_USBCtrlTrfSetupHandler          (abs)        000000
__size_ofi2_USBCtrlTrfTxService             (abs)        000000
__size_ofi2_USBDeviceInit                   (abs)        000000
__size_ofi2_USBDeviceTasks                  (abs)        000000
__size_ofi2_USBEnableEndpoint               (abs)        000000
__size_ofi2_USBIncrement1msInternalTimers   (abs)        000000
__size_ofi2_USBStallHandler                 (abs)        000000
__size_ofi2_USBStdFeatureReqHandler         (abs)        000000
__size_ofi2_USBStdGetDscHandler             (abs)        000000
__size_ofi2_USBStdGetStatusHandler          (abs)        000000
__size_ofi2_USBStdSetCfgHandler             (abs)        000000
__size_ofi2_USBSuspend                      (abs)        000000
__size_ofi2_USBTransferOnePacket            (abs)        000000
__size_ofi2_USBWakeFromSuspend              (abs)        000000
__size_ofi2_USER_USB_CALLBACK_EVENT_HANDLER (abs)        000000
__size_ofi2_memcpy                          (abs)        000000
__size_ofi2_memset                          (abs)        000000
__smallconst                                smallconst   000800
_cdc_data_rx                                (abs)        000540
_cdc_data_tx                                (abs)        000500
_cdc_mem_type                               bssBANK0     000085
_cdc_notice                                 bssBANK0     000060
_cdc_rx_len                                 bssBANK0     000087
_cdc_trf_state                              bssCOMRAM    00001F
_cdc_tx_len                                 bssBANK0     000086
_configDescriptor1                          smallconst   000809
_controlTransferState                       bssCOMRAM    000026
_control_signal_bitmap                      bssBANK0     000084
_device_dsc                                 smallconst   000892
_dummy_encapsulated_cmd_response            bssBANK0     00008D
_endpoint_number                            bssBANK0     00008C
_ep_data_in                                 bssCOMRAM    000018
_ep_data_out                                bssCOMRAM    000015
_inPipes                                    bssCOMRAM    000009
_initUSBLib                                 text12       0042CE
_isUSBReady                                 text11       0040A8
_isUSBReady$388                             cstackBANK0  00009F
_line_coding                                bssBANK0     000095
_main                                       text0        0013C2
_mainISR                                    intcode      000008
_memcpy                                     text21       003EF6
_memset                                     text27       00170E
_outPipes                                   bssCOMRAM    000001
_pBDTEntryEP0OutCurrent                     bssCOMRAM    00001D
_pBDTEntryEP0OutNext                        bssCOMRAM    00001B
_pBDTEntryIn                                bssCOMRAM    00000F
_pBDTEntryOut                               bssBANK0     00006A
_pCDCDst                                    bssBANK0     000078
_pCDCSrc                                    bssBANK0     00007B
_pDst                                       bssBANK0     000082
_processUSBTasks                            text43       004148
_putUSBUSART                                text5        0041D4
_readButton0Asm                             text10       004300
_readButton1Asm                             text9        0042F4
_readButton2Asm                             text8        0042E8
_readButton3Asm                             text7        0042DC
_result                                     bssCOMRAM    000029
_sd000                                      smallconst   0008A4
_sd001                                      smallconst   00084C
_sd002                                      smallconst   000872
_sendFlap                                   text4        00427E
_sendPause                                  text3        004254
_sendQuitter                                text2        00422A
_sendReprendre                              text1        004200
_shortPacketStatus                          bssCOMRAM    000027
btemp                                       temp         000054
end_of_initialization                       cinit        003EE8
i2USBConfigureEndpoint@EPNum                cstackCOMRAM 000030
i2USBConfigureEndpoint@direction            cstackCOMRAM 00002B
i2USBConfigureEndpoint@handle               cstackCOMRAM 000031
i2USBCtrlTrfInHandler@lastDTS               cstackCOMRAM 00002C
i2USBCtrlTrfRxService@byteToRead            cstackCOMRAM 00002C
i2USBCtrlTrfRxService@i                     cstackCOMRAM 00002B
i2USBCtrlTrfTxService@byteToSend            cstackCOMRAM 00002B
i2USBDeviceInit@i                           cstackCOMRAM 000037
i2USBDeviceTasks@i                          cstackCOMRAM 000049
i2USBEnableEndpoint@ep                      cstackCOMRAM 000036
i2USBEnableEndpoint@options                 cstackCOMRAM 000033
i2USBEnableEndpoint@p                       cstackCOMRAM 000034
i2USBStdFeatureReqHandler@current_ep_data   cstackCOMRAM 000043
i2USBStdFeatureReqHandler@p                 cstackCOMRAM 000044
i2USBStdFeatureReqHandler@pUEP              cstackCOMRAM 000041
i2USBStdGetStatusHandler@p                  cstackCOMRAM 00002D
i2USBStdSetCfgHandler@i                     cstackCOMRAM 00003F
i2USBTransferOnePacket@data                 cstackCOMRAM 00002C
i2USBTransferOnePacket@dir                  cstackCOMRAM 00002B
i2USBTransferOnePacket@ep                   cstackCOMRAM 000033
i2USBTransferOnePacket@handle               cstackCOMRAM 000034
i2USBTransferOnePacket@len                  cstackCOMRAM 00002E
i2USER_USB_CALLBACK_EVENT_HANDLER@event     cstackCOMRAM 000037
i2USER_USB_CALLBACK_EVENT_HANDLER@pdata     cstackCOMRAM 000039
i2USER_USB_CALLBACK_EVENT_HANDLER@size      cstackCOMRAM 00003B
i2_CDCInitEP                                text63       003CD2
i2_USBCheckCDCRequest                       text62       00306C
i2_USBCheckStdRequest                       text55       002810
i2_USBConfigureEndpoint                     text66       0038A2
i2_USBCtrlEPAllowDataStage                  text54       0037F4
i2_USBCtrlEPAllowStatusStage                text69       00325E
i2_USBCtrlEPService                         text50       0035DC
i2_USBCtrlEPServiceComplete                 text53       0021E8
i2_USBCtrlTrfInHandler                      text70       002E66
i2_USBCtrlTrfOutHandler                     text67       003BF6
i2_USBCtrlTrfRxService                      text68       00246E
i2_USBCtrlTrfSetupHandler                   text52       0039E0
i2_USBCtrlTrfTxService                      text71       002A3C
i2_USBDeviceInit                            text49       001E16
i2_USBDeviceTasks                           text44       00119A
i2_USBEnableEndpoint                        text65       003F98
i2_USBIncrement1msInternalTimers            text48       004114
i2_USBStallHandler                          text47       003D96
i2_USBStdFeatureReqHandler                  text60       000C20
i2_USBStdGetDscHandler                      text59       001B68
i2_USBStdGetStatusHandler                   text58       002F6A
i2_USBStdSetCfgHandler                      text56       00343C
i2_USBSuspend                               text46       0041A6
i2_USBTransferOnePacket                     text64       0025B0
i2_USBWakeFromSuspend                       text45       004068
i2_USER_USB_CALLBACK_EVENT_HANDLER          text61       003AFA
i2_memcpy                                   text51       003F48
i2_memset                                   text57       001886
i2memcpy@d                                  cstackCOMRAM 000031
i2memcpy@d1                                 cstackCOMRAM 00002B
i2memcpy@n                                  cstackCOMRAM 00002F
i2memcpy@s                                  cstackCOMRAM 000033
i2memcpy@s1                                 cstackCOMRAM 00002D
i2memcpy@tmp                                cstackCOMRAM 000035
i2memset@c                                  cstackCOMRAM 00002D
i2memset@dest                               cstackCOMRAM 00002B
i2memset@k                                  cstackCOMRAM 000033
i2memset@n                                  cstackCOMRAM 00002F
i2memset@s                                  cstackCOMRAM 000035
int$flags                                   temp         000054
int_func                                    intcode_body 003DF6
intlevel0                                   text         000000
intlevel1                                   text         000000
intlevel2                                   text         000000
intlevel3                                   text         000000
main@btn0_state                             cstackBANK0  0000C2
main@btn1_state                             cstackBANK0  0000C3
main@btn2_state                             cstackBANK0  0000C4
main@btn3_state                             cstackBANK0  0000C5
main@last_btn0_state                        cstackBANK0  0000BE
main@last_btn1_state                        cstackBANK0  0000BF
main@last_btn2_state                        cstackBANK0  0000C0
main@last_btn3_state                        cstackBANK0  0000C1
memcpy@d                                    cstackBANK0  0000A6
memcpy@d1                                   cstackBANK0  00009F
memcpy@n                                    cstackBANK0  0000A3
memcpy@s                                    cstackBANK0  0000A8
memcpy@s1                                   cstackBANK0  0000A1
memcpy@tmp                                  cstackBANK0  0000A5
memset@c                                    cstackBANK0  0000A1
memset@dest                                 cstackBANK0  00009F
memset@k                                    cstackBANK0  0000A7
memset@n                                    cstackBANK0  0000A3
memset@s                                    cstackBANK0  0000A9
putUSBUSART@data                            cstackBANK0  00009F
putUSBUSART@length                          cstackBANK0  0000A1
sendFlap@F3972                              dataBANK0    0000E4
sendFlap@msg                                cstackBANK0  0000AC
sendPause@F3975                             dataBANK0    0000DC
sendPause@msg                               cstackBANK0  0000AC
sendQuitter@F3981                           dataBANK0    0000D2
sendQuitter@msg                             cstackBANK0  0000AC
sendReprendre@F3978                         dataBANK0    0000C6
sendReprendre@msg                           cstackBANK0  0000AC
stackhi                                     (abs)        0003FF
stacklo                                     (abs)        000140
start                                       init         00000E
start_initialization                        cinit        003EA4
ttemp5                                      temp         000055
ttemp6                                      temp         000058
ttemp7                                      temp         00005C
wtemp8                                      temp         000055


FUNCTION INFORMATION:

 *************** function _main *****************
 Defined at:
		line 33 in file "main.c"
 Parameters:    Size  Location     Type
		None
 Auto vars:     Size  Location     Type
  btn3_state      1   38[BANK0 ] unsigned char 
  btn2_state      1   37[BANK0 ] unsigned char 
  btn1_state      1   36[BANK0 ] unsigned char 
  btn0_state      1   35[BANK0 ] unsigned char 
  last_btn3_st    1   34[BANK0 ] unsigned char 
  last_btn2_st    1   33[BANK0 ] unsigned char 
  last_btn1_st    1   32[BANK0 ] unsigned char 
  last_btn0_st    1   31[BANK0 ] unsigned char 
 Return value:  Size  Location     Type
                  1    wreg      void 
 Registers used:
		wreg, fsr1l, fsr1h, fsr2l, fsr2h, status,2, status,0, tblptrl, tblptrh, tblptru, prodl, prodh, cstack
 Tracked objects:
		On entry : 
		On exit  : 
		Unchanged: 
 Data sizes:     COMRAM   BANK0   BANK1   BANK2   BANK3  BANK4h  BANK4l   BANK5   BANK6   BANK7
      Params:         0       0       0       0       0       0       0       0       0       0
      Locals:         0       8       0       0       0       0       0       0       0       0
      Temps:          0       0       0       0       0       0       0       0       0       0
      Totals:         0       8       0       0       0       0       0       0       0       0
Total ram usage:        8 bytes
 Hardware stack levels required when called:   20
 This function calls:
		_USBDeviceTasks
		_initUSBLib
		_isUSBReady
		_readButton0Asm
		_readButton1Asm
		_readButton2Asm
		_readButton3Asm
		_sendFlap
		_sendPause
		_sendQuitter
		_sendReprendre
 This function is called by:
		Startup code after reset
 This function uses a non-reentrant model


 *************** function _sendReprendre *****************
 Defined at:
		line 119 in file "main.c"
 Parameters:    Size  Location     Type
		None
 Auto vars:     Size  Location     Type
  msg            12   13[BANK0 ] unsigned char [12]
 Return value:  Size  Location     Type
                  1    wreg      void 
 Registers used:
		wreg, fsr1l, fsr1h, fsr2l, fsr2h, status,2, status,0, prodl, prodh, cstack
 Tracked objects:
		On entry : 
		On exit  : 
		Unchanged: 
 Data sizes:     COMRAM   BANK0   BANK1   BANK2   BANK3  BANK4h  BANK4l   BANK5   BANK6   BANK7
      Params:         0       0       0       0       0       0       0       0       0       0
      Locals:         0      12       0       0       0       0       0       0       0       0
      Temps:          0       0       0       0       0       0       0       0       0       0
      Totals:         0      12       0       0       0       0       0       0       0       0
Total ram usage:       12 bytes
 Hardware stack levels used:    1
 Hardware stack levels required when called:   13
 This function calls:
		_CDCTxService
		_putUSBUSART
 This function is called by:
		_main
 This function uses a non-reentrant model


 *************** function _sendQuitter *****************
 Defined at:
		line 125 in file "main.c"
 Parameters:    Size  Location     Type
		None
 Auto vars:     Size  Location     Type
  msg            10   13[BANK0 ] unsigned char [10]
 Return value:  Size  Location     Type
                  1    wreg      void 
 Registers used:
		wreg, fsr1l, fsr1h, fsr2l, fsr2h, status,2, status,0, prodl, prodh, cstack
 Tracked objects:
		On entry : 
		On exit  : 
		Unchanged: 
 Data sizes:     COMRAM   BANK0   BANK1   BANK2   BANK3  BANK4h  BANK4l   BANK5   BANK6   BANK7
      Params:         0       0       0       0       0       0       0       0       0       0
      Locals:         0      10       0       0       0       0       0       0       0       0
      Temps:          0       0       0       0       0       0       0       0       0       0
      Totals:         0      10       0       0       0       0       0       0       0       0
Total ram usage:       10 bytes
 Hardware stack levels used:    1
 Hardware stack levels required when called:   13
 This function calls:
		_CDCTxService
		_putUSBUSART
 This function is called by:
		_main
 This function uses a non-reentrant model


 *************** function _sendPause *****************
 Defined at:
		line 113 in file "main.c"
 Parameters:    Size  Location     Type
		None
 Auto vars:     Size  Location     Type
  msg             8   13[BANK0 ] unsigned char [8]
 Return value:  Size  Location     Type
                  1    wreg      void 
 Registers used:
		wreg, fsr1l, fsr1h, fsr2l, fsr2h, status,2, status,0, prodl, prodh, cstack
 Tracked objects:
		On entry : 
		On exit  : 
		Unchanged: 
 Data sizes:     COMRAM   BANK0   BANK1   BANK2   BANK3  BANK4h  BANK4l   BANK5   BANK6   BANK7
      Params:         0       0       0       0       0       0       0       0       0       0
      Locals:         0       8       0       0       0       0       0       0       0       0
      Temps:          0       0       0       0       0       0       0       0       0       0
      Totals:         0       8       0       0       0       0       0       0       0       0
Total ram usage:        8 bytes
 Hardware stack levels used:    1
 Hardware stack levels required when called:   13
 This function calls:
		_CDCTxService
		_putUSBUSART
 This function is called by:
		_main
 This function uses a non-reentrant model


[...]
      Locals:         5       0       0       0       0       0       0       0       0       0
      Temps:          2       0       0       0       0       0       0       0       0       0
      Totals:         7       0       0       0       0       0       0       0       0       0
Total ram usage:        7 bytes
 Hardware stack levels used:    1
 Hardware stack levels required when called:    4
 This function calls:
		i2_USER_USB_CALLBACK_EVENT_HANDLER
 This function is called by:
		i2_USBCheckStdRequest
 This function uses a non-reentrant model


 *************** function i2_USER_USB_CALLBACK_EVENT_HANDLER *****************
 Defined at:
		line 49 in file "usb_device_events.c"
 Parameters:    Size  Location     Type
  event           2   12[COMRAM] enum E44
  pdata           2   14[COMRAM] PTR void 
		 -> RAM(2047), USTATcopy(1), USBActiveConfiguration(1), NULL(0), 
		 -> BDT(48), 
  size            2   16[COMRAM] unsigned short 
 Auto vars:     Size  Location     Type
		None
 Return value:  Size  Location     Type
                  1    wreg      _Bool 
 Registers used:
		wreg, fsr2l, fsr2h, status,2, status,0, prodl, prodh, cstack
 Tracked objects:
		On entry : 
		On exit  : 
		Unchanged: 
 Data sizes:     COMRAM   BANK0   BANK1   BANK2   BANK3  BANK4h  BANK4l   BANK5   BANK6   BANK7
      Params:         6       0       0       0       0       0       0       0       0       0
      Locals:         0       0       0       0       0       0       0       0       0       0
      Temps:          2       0       0       0       0       0       0       0       0       0
      Totals:         8       0       0       0       0       0       0       0       0       0
Total ram usage:        8 bytes
 Hardware stack levels used:    1
 Hardware stack levels required when called:    3
 This function calls:
		i2_CDCInitEP
		i2_USBCheckCDCRequest
 This function is called by:
		i2_USBDeviceTasks
		i2_USBStdSetCfgHandler
		i2_USBSuspend
		i2_USBWakeFromSuspend
		i2_USBCtrlTrfSetupHandler
		i2_USBCheckStdRequest
		i2_USBStdFeatureReqHandler
 This function uses a non-reentrant model


 *************** function i2_USBCheckCDCRequest *****************
 Defined at:
		line 147 in file "usb_device_cdc.c"
 Parameters:    Size  Location     Type
		None
 Auto vars:     Size  Location     Type
		None
 Return value:  Size  Location     Type
                  1    wreg      void 
 Registers used:
		wreg, status,2, status,0
 Tracked objects:
		On entry : 
		On exit  : 
		Unchanged: 
 Data sizes:     COMRAM   BANK0   BANK1   BANK2   BANK3  BANK4h  BANK4l   BANK5   BANK6   BANK7
      Params:         0       0       0       0       0       0       0       0       0       0
      Locals:         0       0       0       0       0       0       0       0       0       0
      Temps:          2       0       0       0       0       0       0       0       0       0
      Totals:         2       0       0       0       0       0       0       0       0       0
Total ram usage:        2 bytes
 Hardware stack levels used:    1
 This function calls:
		Nothing
 This function is called by:
		i2_USER_USB_CALLBACK_EVENT_HANDLER
 This function uses a non-reentrant model


 *************** function i2_CDCInitEP *****************
 Defined at:
		line 294 in file "usb_device_cdc.c"
 Parameters:    Size  Location     Type
		None
 Auto vars:     Size  Location     Type
		None
 Return value:  Size  Location     Type
                  1    wreg      void 
 Registers used:
		wreg, fsr2l, fsr2h, status,2, status,0, prodl, prodh, cstack
 Tracked objects:
		On entry : 
		On exit  : 
		Unchanged: 
 Data sizes:     COMRAM   BANK0   BANK1   BANK2   BANK3  BANK4h  BANK4l   BANK5   BANK6   BANK7
      Params:         0       0       0       0       0       0       0       0       0       0
      Locals:         0       0       0       0       0       0       0       0       0       0
      Temps:          0       0       0       0       0       0       0       0       0       0
      Totals:         0       0       0       0       0       0       0       0       0       0
Total ram usage:        0 bytes
 Hardware stack levels used:    1
 Hardware stack levels required when called:    2
 This function calls:
		i2_USBEnableEndpoint
		i2_USBTransferOnePacket
 This function is called by:
		i2_USER_USB_CALLBACK_EVENT_HANDLER
 This function uses a non-reentrant model


 *************** function i2_USBTransferOnePacket *****************
 Defined at:
		line 1001 in file "usb_device.c"
 Parameters:    Size  Location     Type
  ep              1    wreg     unsigned char 
  dir             1    0[COMRAM] unsigned char 
  data            2    1[COMRAM] PTR unsigned char 
		 -> cdc_data_tx(64), cdc_data_rx(64), NULL(0), 
  len             1    3[COMRAM] unsigned char 
 Auto vars:     Size  Location     Type
  ep              1    8[COMRAM] unsigned char 
  USBTransferO    2    9[COMRAM] PTR volatile struct __BD
		 -> RAM(2047), NULL(0), BDT(48), 
 Return value:  Size  Location     Type
                  2    0[COMRAM] PTR void 
 Registers used:
		wreg, fsr2l, fsr2h, status,2, status,0, prodl, prodh
 Tracked objects:
		On entry : 
		On exit  : 
		Unchanged: 
 Data sizes:     COMRAM   BANK0   BANK1   BANK2   BANK3  BANK4h  BANK4l   BANK5   BANK6   BANK7
      Params:         4       0       0       0       0       0       0       0       0       0
      Locals:         3       0       0       0       0       0       0       0       0       0
      Temps:          4       0       0       0       0       0       0       0       0       0
      Totals:        11       0       0       0       0       0       0       0       0       0
Total ram usage:       11 bytes
 Hardware stack levels used:    1
 This function calls:
		Nothing
 This function is called by:
		i2_CDCInitEP
 This function uses a non-reentrant model


 *************** function i2_USBEnableEndpoint *****************
 Defined at:
		line 884 in file "usb_device.c"
 Parameters:    Size  Location     Type
  ep              1    wreg     unsigned char 
  options         1    8[COMRAM] unsigned char 
 Auto vars:     Size  Location     Type
  ep              1   11[COMRAM] unsigned char 
  USBEnableEnd    2    9[COMRAM] PTR unsigned char 
		 -> UEP0(1), 
 Return value:  Size  Location     Type
                  1    wreg      void 
 Registers used:
		wreg, fsr2l, fsr2h, status,2, status,0, prodl, prodh, cstack
 Tracked objects:
		On entry : 
		On exit  : 
		Unchanged: 
 Data sizes:     COMRAM   BANK0   BANK1   BANK2   BANK3  BANK4h  BANK4l   BANK5   BANK6   BANK7
      Params:         1       0       0       0       0       0       0       0       0       0
      Locals:         3       0       0       0       0       0       0       0       0       0
      Temps:          0       0       0       0       0       0       0       0       0       0
      Totals:         4       0       0       0       0       0       0       0       0       0
Total ram usage:        4 bytes
 Hardware stack levels used:    1
 Hardware stack levels required when called:    1
 This function calls:
		i2_USBConfigureEndpoint
 This function is called by:
		i2_CDCInitEP
 This function uses a non-reentrant model


 *************** function i2_USBConfigureEndpoint *****************
 Defined at:
		line 1549 in file "usb_device.c"
 Parameters:    Size  Location     Type
  EPNum           1    wreg     unsigned char 
  direction       1    0[COMRAM] unsigned char 
 Auto vars:     Size  Location     Type
  EPNum           1    5[COMRAM] unsigned char 
  USBConfigure    2    6[COMRAM] PTR volatile struct __BD
		 -> BDT(48), 
 Return value:  Size  Location     Type
                  1    wreg      void 
 Registers used:
		wreg, fsr2l, fsr2h, status,2, status,0, prodl, prodh
 Tracked objects:
		On entry : 
		On exit  : 
		Unchanged: 
 Data sizes:     COMRAM   BANK0   BANK1   BANK2   BANK3  BANK4h  BANK4l   BANK5   BANK6   BANK7
      Params:         1       0       0       0       0       0       0       0       0       0
      Locals:         3       0       0       0       0       0       0       0       0       0
      Temps:          4       0       0       0       0       0       0       0       0       0
      Totals:         8       0       0       0       0       0       0       0       0       0
Total ram usage:        8 bytes
 Hardware stack levels used:    1
 This function calls:
		Nothing
 This function is called by:
		i2_USBEnableEndpoint
 This function uses a non-reentrant model


 *************** function i2_USBCtrlTrfOutHandler *****************
 Defined at:
		line 2544 in file "usb_device.c"
 Parameters:    Size  Location     Type
		None
 Auto vars:     Size  Location     Type
		None
 Return value:  Size  Location     Type
                  1    wreg      void 
 Registers used:
		wreg, fsr1l, fsr1h, fsr2l, fsr2h, status,2, status,0, cstack
 Tracked objects:
		On entry : 
		On exit  : 
		Unchanged: 
 Data sizes:     COMRAM   BANK0   BANK1   BANK2   BANK3  BANK4h  BANK4l   BANK5   BANK6   BANK7
      Params:         0       0       0       0       0       0       0       0       0       0
      Locals:         0       0       0       0       0       0       0       0       0       0
      Temps:          0       0       0       0       0       0       0       0       0       0
      Totals:         0       0       0       0       0       0       0       0       0       0
Total ram usage:        0 bytes
 Hardware stack levels used:    1
 Hardware stack levels required when called:    2
 This function calls:
		i2_USBCtrlTrfRxService
 This function is called by:
		i2_USBCtrlEPService
 This function uses a non-reentrant model


 *************** function i2_USBCtrlTrfRxService *****************
 Defined at:
		line 1858 in file "usb_device.c"
 Parameters:    Size  Location     Type
		None
 Auto vars:     Size  Location     Type
  USBCtrlTrfRx    1    1[COMRAM] unsigned char 
  USBCtrlTrfRx    1    0[COMRAM] unsigned char 
 Return value:  Size  Location     Type
                  1    wreg      void 
 Registers used:
		wreg, fsr1l, fsr1h, fsr2l, fsr2h, status,2, status,0, cstack
 Tracked objects:
		On entry : 
		On exit  : 
		Unchanged: 
 Data sizes:     COMRAM   BANK0   BANK1   BANK2   BANK3  BANK4h  BANK4l   BANK5   BANK6   BANK7
      Params:         0       0       0       0       0       0       0       0       0       0
      Locals:         2       0       0       0       0       0       0       0       0       0
      Temps:          0       0       0       0       0       0       0       0       0       0
      Totals:         2       0       0       0       0       0       0       0       0       0
Total ram usage:        2 bytes
 Hardware stack levels used:    1
 Hardware stack levels required when called:    1
 This function calls:
		i2_USBCtrlEPAllowStatusStage
 This function is called by:
		i2_USBCtrlTrfOutHandler
 This function uses a non-reentrant model


 *************** function i2_USBCtrlEPAllowStatusStage *****************
 Defined at:
		line 1422 in file "usb_device.c"
 Parameters:    Size  Location     Type
		None
 Auto vars:     Size  Location     Type
		None
 Return value:  Size  Location     Type
                  1    wreg      void 
 Registers used:
		wreg, fsr2l, fsr2h, status,2, status,0
 Tracked objects:
		On entry : 
		On exit  : 
		Unchanged: 
 Data sizes:     COMRAM   BANK0   BANK1   BANK2   BANK3  BANK4h  BANK4l   BANK5   BANK6   BANK7
      Params:         0       0       0       0       0       0       0       0       0       0
      Locals:         0       0       0       0       0       0       0       0       0       0
      Temps:          0       0       0       0       0       0       0       0       0       0
      Totals:         0       0       0       0       0       0       0       0       0       0
Total ram usage:        0 bytes
 Hardware stack levels used:    1
 This function calls:
		Nothing
 This function is called by:
		i2_USBDeviceTasks
		i2_USBCtrlEPServiceComplete
		i2_USBCtrlTrfRxService
 This function uses a non-reentrant model


 *************** function i2_USBCtrlTrfInHandler *****************
 Defined at:
		line 2598 in file "usb_device.c"
 Parameters:    Size  Location     Type
		None
 Auto vars:     Size  Location     Type
  USBCtrlTrfIn    1    1[COMRAM] unsigned char 
 Return value:  Size  Location     Type
                  1    wreg      void 
 Registers used:
		wreg, fsr1l, fsr1h, fsr2l, fsr2h, status,2, status,0, tblptrl, tblptrh, tblptru, cstack
 Tracked objects:
		On entry : 
		On exit  : 
		Unchanged: 
 Data sizes:     COMRAM   BANK0   BANK1   BANK2   BANK3  BANK4h  BANK4l   BANK5   BANK6   BANK7
      Params:         0       0       0       0       0       0       0       0       0       0
      Locals:         1       0       0       0       0       0       0       0       0       0
      Temps:          0       0       0       0       0       0       0       0       0       0
      Totals:         1       0       0       0       0       0       0       0       0       0
Total ram usage:        1 bytes
 Hardware stack levels used:    1
 Hardware stack levels required when called:    1
 This function calls:
		i2_USBCtrlTrfTxService
 This function is called by:
		i2_USBCtrlEPService
 This function uses a non-reentrant model


 *************** function i2_USBCtrlTrfTxService *****************
 Defined at:
		line 1777 in file "usb_device.c"
 Parameters:    Size  Location     Type
		None
 Auto vars:     Size  Location     Type
  USBCtrlTrfTx    1    0[COMRAM] unsigned char 
 Return value:  Size  Location     Type
                  1    wreg      void 
 Registers used:
		wreg, fsr1l, fsr1h, fsr2l, fsr2h, status,2, status,0, tblptrl, tblptrh, tblptru
 Tracked objects:
		On entry : 
		On exit  : 
		Unchanged: 
 Data sizes:     COMRAM   BANK0   BANK1   BANK2   BANK3  BANK4h  BANK4l   BANK5   BANK6   BANK7
      Params:         0       0       0       0       0       0       0       0       0       0
      Locals:         1       0       0       0       0       0       0       0       0       0
      Temps:          0       0       0       0       0       0       0       0       0       0
      Totals:         1       0       0       0       0       0       0       0       0       0
Total ram usage:        1 bytes
 Hardware stack levels used:    1
 This function calls:
		Nothing
 This function is called by:
		i2_USBCtrlEPAllowDataStage
		i2_USBCtrlTrfInHandler
 This function uses a non-reentrant model



MODULE INFORMATION

Module		Function		Class		Link	Load	Size
C:\Program Files (x86)\Microchip\xc8\v2.10\pic\sources\c99\common\memset.c
		_memset        		CODE           	170E	0000	377

C:\Program Files (x86)\Microchip\xc8\v2.10\pic\sources\c99\common\memset.c estimated size: 377

usb_cdc_lib.c
		_isUSBReady    		CODE           	40A8	0000	57
		_initUSBLib    		CODE           	42CE	0000	15
		_processUSBTasks		CODE           	4148	0000	49

usb_cdc_lib.c estimated size: 121

shared
		i2_USBIncrement1msInternalTimers		CODE           	4114	0000	53
		_configDescriptor1		SMALLCONST     	0809	0000	68
		_USB_CD_Ptr    		SMALLCONST     	0807	0000	3
		_sd001         		SMALLCONST     	084C	0000	39
		i2_USBCtrlEPService		CODE           	35DC	0000	187
		i2_USBCtrlEPServiceComplete		CODE           	21E8	0000	325
		i2_USBCtrlTrfSetupHandler		CODE           	39E0	0000	145
		_sd002         		SMALLCONST     	0872	0000	33
		i2_USBCtrlEPAllowStatusStage		CODE           	325E	0000	241
		i2_USBCtrlTrfOutHandler		CODE           	3BF6	0000	117
		i2_USBDeviceInit		CODE           	1E16	0000	331
		i2_USBWakeFromSuspend		CODE           	4068	0000	65
		i2_USBConfigureEndpoint		CODE           	38A2	0000	173
		i2_USBStdSetCfgHandler		CODE           	343C	0000	231
		i2_USBStdGetDscHandler		CODE           	1B68	0000	353
		__initialization		CODE           	3EA4	0000	69
		i2_USBStallHandler		CODE           	3D96	0000	97
		_device_dsc    		SMALLCONST     	0892	0000	19
		i2_USBStdGetStatusHandler		CODE           	2F6A	0000	259
		i2_CDCInitEP   		CODE           	3CD2	0000	101
		i2_USER_USB_CALLBACK_EVENT_HANDLER		CODE           	3AFA	0000	137
		i2_USBStdFeatureReqHandler		CODE           	0C20	0000	845
		_USB_SD_Ptr    		SMALLCONST     	0801	0000	7
		i2_memset      		CODE           	1886	0000	375
		i2_USBCheckCDCRequest		CODE           	306C	0000	259
		_sd000         		SMALLCONST     	08A4	0000	5
		i2_USBEnableEndpoint		CODE           	3F98	0000	77
		i2_USBDeviceTasks		CODE           	119A	0000	553
		i2_USBCtrlTrfRxService		CODE           	246E	0000	323
		i2_USBCtrlTrfTxService		CODE           	2A3C	0000	273
		i2_USBCheckStdRequest		CODE           	2810	0000	285
		i2_memcpy      		CODE           	3F48	0000	81
		i2_USBTransferOnePacket		CODE           	25B0	0000	319
		i2_USBCtrlTrfInHandler		CODE           	2E66	0000	261
		i2_USBSuspend  		CODE           	41A6	0000	47
		i2_USBCtrlEPAllowDataStage		CODE           	37F4	0000	175

shared estimated size: 6931

usb_device_cdc.c
		_CDCTxService  		CODE           	1576	0000	409
		_CDCInitEP     		CODE           	3C6A	0000	105
		_putUSBUSART   		CODE           	41D4	0000	45
		_USBCheckCDCRequest		CODE           	2D62	0000	261

usb_device_cdc.c estimated size: 820

usb_device_events.c
		_USER_USB_CALLBACK_EVENT_HANDLER		CODE           	3A70	0000	139

usb_device_events.c estimated size: 139

usb_device.c
		_USBCtrlTrfInHandler		CODE           	2C5A	0000	265
		_USBTransferOnePacket		CODE           	232C	0000	323
		_USBDeviceAttach		CODE           	3FE4	0000	67
		_USBStdGetDscHandler		CODE           	19FC	0000	365
		_USBCtrlEPAllowDataStage		CODE           	3746	0000	175
		_USBStdFeatureReqHandler		CODE           	08AA	0000	887
		_USBCtrlEPAllowStatusStage		CODE           	316E	0000	241
		_USBCtrlTrfSetupHandler		CODE           	394E	0000	147
		_USBCtrlTrfOutHandler		CODE           	3B82	0000	117
		_USBCtrlEPServiceComplete		CODE           	1F60	0000	325
		_USBSuspend    		CODE           	4178	0000	47
		_USBStdSetCfgHandler		CODE           	334E	0000	239
		_USBStdGetStatusHandler		CODE           	2B4C	0000	271
		_USBWakeFromSuspend		CODE           	4026	0000	67
		_USBCtrlTrfRxService		CODE           	20A4	0000	325
		_USBCtrlTrfTxService		CODE           	292C	0000	273
		_USBEnableEndpoint		CODE           	3E50	0000	85
		_USBConfigureEndpoint		CODE           	3696	0000	177
		_USBDeviceInit 		CODE           	1CC8	0000	335
		_USBIncrement1msInternalTimers		CODE           	40E0	0000	53
		_USBCtrlEPService		CODE           	3522	0000	187
		_USBStallHandler		CODE           	3D36	0000	97
		_USBDeviceTasks		CODE           	0F6C	0000	559
		_USBCheckStdRequest		CODE           	26EE	0000	291

usb_device.c estimated size: 5918

C:\Program Files (x86)\Microchip\xc8\v2.10\pic\sources\c99\common\memcpy.c
		_memcpy        		CODE           	3EF6	0000	83

C:\Program Files (x86)\Microchip\xc8\v2.10\pic\sources\c99\common\memcpy.c estimated size: 83

main.c
		_sendQuitter   		CODE           	422A	0000	43
		_main          		CODE           	13C2	0000	437
		_sendPause     		CODE           	4254	0000	43
		_sendFlap      		CODE           	427E	0000	43
		_mainISR       		CODE           	0008	0000	97
		_sendReprendre 		CODE           	4200	0000	43
		_readButton0Asm		CODE           	4300	0000	13
		_readButton1Asm		CODE           	42F4	0000	13
		_readButton2Asm		CODE           	42E8	0000	13
		_readButton3Asm		CODE           	42DC	0000	13

main.c estimated size: 758

